2026-02-27T09:01:52.1915323Z Current runner version: '2.331.0'
2026-02-27T09:01:52.1939616Z ##[group]Runner Image Provisioner
2026-02-27T09:01:52.1940609Z Hosted Compute Agent
2026-02-27T09:01:52.1941396Z Version: 20260213.493
2026-02-27T09:01:52.1942025Z Commit: 5c115507f6dd24b8de37d8bbe0bb4509d0cc0fa3
2026-02-27T09:01:52.1942681Z Build Date: 2026-02-13T00:28:41Z
2026-02-27T09:01:52.1943449Z Worker ID: {ebd4f948-5ba7-4a04-8bba-50c5e5cc0198}
2026-02-27T09:01:52.1944170Z Azure Region: westus
2026-02-27T09:01:52.1944745Z ##[endgroup]
2026-02-27T09:01:52.1946184Z ##[group]Operating System
2026-02-27T09:01:52.1946788Z Ubuntu
2026-02-27T09:01:52.1947343Z 24.04.3
2026-02-27T09:01:52.1947800Z LTS
2026-02-27T09:01:52.1948317Z ##[endgroup]
2026-02-27T09:01:52.1948868Z ##[group]Runner Image
2026-02-27T09:01:52.1949406Z Image: ubuntu-24.04
2026-02-27T09:01:52.1949979Z Version: 20260224.36.1
2026-02-27T09:01:52.1951623Z Included Software: https://github.com/actions/runner-images/blob/ubuntu24/20260224.36/images/ubuntu/Ubuntu2404-Readme.md
2026-02-27T09:01:52.1953057Z Image Release: https://github.com/actions/runner-images/releases/tag/ubuntu24%2F20260224.36
2026-02-27T09:01:52.1954015Z ##[endgroup]
2026-02-27T09:01:52.1955088Z ##[group]GITHUB_TOKEN Permissions
2026-02-27T09:01:52.1956983Z Contents: read
2026-02-27T09:01:52.1957622Z Metadata: read
2026-02-27T09:01:52.1958117Z Packages: read
2026-02-27T09:01:52.1958676Z ##[endgroup]
2026-02-27T09:01:52.1961239Z Secret source: Actions
2026-02-27T09:01:52.1961944Z Prepare workflow directory
2026-02-27T09:01:52.2354461Z Prepare all required actions
2026-02-27T09:01:52.2399403Z Getting action download info
2026-02-27T09:01:52.7455409Z Download action repository 'actions/checkout@v4' (SHA:34e114876b0b11c390a56381ad16ebd13914f8d5)
2026-02-27T09:01:52.8749278Z Download action repository 'actions/setup-node@v4' (SHA:49933ea5288caeca8642d1e84afbd3f7d6820020)
2026-02-27T09:01:53.0391203Z Download action repository 'actions/upload-artifact@v4' (SHA:ea165f8d65b6e75b540449e92b4886f43607fa02)
2026-02-27T09:01:53.3308027Z Complete job name: Unit Tests
2026-02-27T09:01:53.4051263Z ##[group]Run actions/checkout@v4
2026-02-27T09:01:53.4052194Z with:
2026-02-27T09:01:53.4052653Z   repository: shahidster1711/AndamanBazaarApp
2026-02-27T09:01:53.4053471Z   token: ***
2026-02-27T09:01:53.4053858Z   ssh-strict: true
2026-02-27T09:01:53.4054254Z   ssh-user: git
2026-02-27T09:01:53.4054658Z   persist-credentials: true
2026-02-27T09:01:53.4055092Z   clean: true
2026-02-27T09:01:53.4055496Z   sparse-checkout-cone-mode: true
2026-02-27T09:01:53.4055977Z   fetch-depth: 1
2026-02-27T09:01:53.4056362Z   fetch-tags: false
2026-02-27T09:01:53.4056773Z   show-progress: true
2026-02-27T09:01:53.4057180Z   lfs: false
2026-02-27T09:01:53.4057550Z   submodules: false
2026-02-27T09:01:53.4057963Z   set-safe-directory: true
2026-02-27T09:01:53.4058651Z env:
2026-02-27T09:01:53.4059019Z   NODE_VERSION: 20
2026-02-27T09:01:53.4059420Z ##[endgroup]
2026-02-27T09:01:53.5179091Z Syncing repository: shahidster1711/AndamanBazaarApp
2026-02-27T09:01:53.5181264Z ##[group]Getting Git version info
2026-02-27T09:01:53.5182054Z Working directory is '/home/runner/work/AndamanBazaarApp/AndamanBazaarApp'
2026-02-27T09:01:53.5183065Z [command]/usr/bin/git version
2026-02-27T09:01:53.5263446Z git version 2.53.0
2026-02-27T09:01:53.5289362Z ##[endgroup]
2026-02-27T09:01:53.5304325Z Temporarily overriding HOME='/home/runner/work/_temp/64542706-3244-4b91-bd07-239cc2649dc5' before making global git config changes
2026-02-27T09:01:53.5305804Z Adding repository directory to the temporary git global config as a safe directory
2026-02-27T09:01:53.5317367Z [command]/usr/bin/git config --global --add safe.directory /home/runner/work/AndamanBazaarApp/AndamanBazaarApp
2026-02-27T09:01:53.5357431Z Deleting the contents of '/home/runner/work/AndamanBazaarApp/AndamanBazaarApp'
2026-02-27T09:01:53.5361269Z ##[group]Initializing the repository
2026-02-27T09:01:53.5365441Z [command]/usr/bin/git init /home/runner/work/AndamanBazaarApp/AndamanBazaarApp
2026-02-27T09:01:53.5472463Z hint: Using 'master' as the name for the initial branch. This default branch name
2026-02-27T09:01:53.5474454Z hint: will change to "main" in Git 3.0. To configure the initial branch name
2026-02-27T09:01:53.5476002Z hint: to use in all of your new repositories, which will suppress this warning,
2026-02-27T09:01:53.5477582Z hint: call:
2026-02-27T09:01:53.5478194Z hint:
2026-02-27T09:01:53.5478704Z hint: 	git config --global init.defaultBranch <name>
2026-02-27T09:01:53.5479288Z hint:
2026-02-27T09:01:53.5479825Z hint: Names commonly chosen instead of 'master' are 'main', 'trunk' and
2026-02-27T09:01:53.5480970Z hint: 'development'. The just-created branch can be renamed via this command:
2026-02-27T09:01:53.5481662Z hint:
2026-02-27T09:01:53.5482047Z hint: 	git branch -m <name>
2026-02-27T09:01:53.5482477Z hint:
2026-02-27T09:01:53.5483464Z hint: Disable this message with "git config set advice.defaultBranchName false"
2026-02-27T09:01:53.5484812Z Initialized empty Git repository in /home/runner/work/AndamanBazaarApp/AndamanBazaarApp/.git/
2026-02-27T09:01:53.5489548Z [command]/usr/bin/git remote add origin https://github.com/shahidster1711/AndamanBazaarApp
2026-02-27T09:01:53.5526125Z ##[endgroup]
2026-02-27T09:01:53.5526840Z ##[group]Disabling automatic garbage collection
2026-02-27T09:01:53.5530077Z [command]/usr/bin/git config --local gc.auto 0
2026-02-27T09:01:53.5559841Z ##[endgroup]
2026-02-27T09:01:53.5561031Z ##[group]Setting up auth
2026-02-27T09:01:53.5566846Z [command]/usr/bin/git config --local --name-only --get-regexp core\.sshCommand
2026-02-27T09:01:53.5597233Z [command]/usr/bin/git submodule foreach --recursive sh -c "git config --local --name-only --get-regexp 'core\.sshCommand' && git config --local --unset-all 'core.sshCommand' || :"
2026-02-27T09:01:53.5945083Z [command]/usr/bin/git config --local --name-only --get-regexp http\.https\:\/\/github\.com\/\.extraheader
2026-02-27T09:01:53.5976842Z [command]/usr/bin/git submodule foreach --recursive sh -c "git config --local --name-only --get-regexp 'http\.https\:\/\/github\.com\/\.extraheader' && git config --local --unset-all 'http.https://github.com/.extraheader' || :"
2026-02-27T09:01:53.6214008Z [command]/usr/bin/git config --local --name-only --get-regexp ^includeIf\.gitdir:
2026-02-27T09:01:53.6254229Z [command]/usr/bin/git submodule foreach --recursive git config --local --show-origin --name-only --get-regexp remote.origin.url
2026-02-27T09:01:53.6498510Z [command]/usr/bin/git config --local http.https://github.com/.extraheader AUTHORIZATION: basic ***
2026-02-27T09:01:53.6536221Z ##[endgroup]
2026-02-27T09:01:53.6537157Z ##[group]Fetching the repository
2026-02-27T09:01:53.6545571Z [command]/usr/bin/git -c protocol.version=2 fetch --no-tags --prune --no-recurse-submodules --depth=1 origin +f8174d684cb9d120f0329ba68974e2a3deef51b3:refs/remotes/origin/main
2026-02-27T09:01:54.9955529Z From https://github.com/shahidster1711/AndamanBazaarApp
2026-02-27T09:01:54.9956802Z  * [new ref]         f8174d684cb9d120f0329ba68974e2a3deef51b3 -> origin/main
2026-02-27T09:01:54.9990754Z ##[endgroup]
2026-02-27T09:01:54.9991889Z ##[group]Determining the checkout info
2026-02-27T09:01:54.9993111Z ##[endgroup]
2026-02-27T09:01:54.9998480Z [command]/usr/bin/git sparse-checkout disable
2026-02-27T09:01:55.0041188Z [command]/usr/bin/git config --local --unset-all extensions.worktreeConfig
2026-02-27T09:01:55.0067717Z ##[group]Checking out the ref
2026-02-27T09:01:55.0072393Z [command]/usr/bin/git checkout --progress --force -B main refs/remotes/origin/main
2026-02-27T09:01:55.0762059Z Switched to a new branch 'main'
2026-02-27T09:01:55.0763182Z branch 'main' set up to track 'origin/main'.
2026-02-27T09:01:55.0775990Z ##[endgroup]
2026-02-27T09:01:55.0817001Z [command]/usr/bin/git log -1 --format=%H
2026-02-27T09:01:55.0839792Z f8174d684cb9d120f0329ba68974e2a3deef51b3
2026-02-27T09:01:55.1085612Z ##[group]Run actions/setup-node@v4
2026-02-27T09:01:55.1086154Z with:
2026-02-27T09:01:55.1086509Z   node-version: 20
2026-02-27T09:01:55.1086888Z   cache: npm
2026-02-27T09:01:55.1087465Z   always-auth: false
2026-02-27T09:01:55.1087855Z   check-latest: false
2026-02-27T09:01:55.1088396Z   token: ***
2026-02-27T09:01:55.1088761Z env:
2026-02-27T09:01:55.1089105Z   NODE_VERSION: 20
2026-02-27T09:01:55.1089473Z ##[endgroup]
2026-02-27T09:01:55.2880808Z Found in cache @ /opt/hostedtoolcache/node/20.20.0/x64
2026-02-27T09:01:55.2886914Z ##[group]Environment details
2026-02-27T09:01:57.8803023Z node: v20.20.0
2026-02-27T09:01:57.8803555Z npm: 10.8.2
2026-02-27T09:01:57.8803923Z yarn: 1.22.22
2026-02-27T09:01:57.8805422Z ##[endgroup]
2026-02-27T09:01:57.8833193Z [command]/opt/hostedtoolcache/node/20.20.0/x64/bin/npm config get cache
2026-02-27T09:01:58.2533329Z /home/runner/.npm
2026-02-27T09:01:58.5654666Z npm cache is not found
2026-02-27T09:01:58.5774198Z ##[group]Run npm ci
2026-02-27T09:01:58.5774508Z [36;1mnpm ci[0m
2026-02-27T09:01:58.5835195Z shell: /usr/bin/bash -e {0}
2026-02-27T09:01:58.5835480Z env:
2026-02-27T09:01:58.5835667Z   NODE_VERSION: 20
2026-02-27T09:01:58.5835884Z ##[endgroup]
2026-02-27T09:02:03.4249066Z npm warn deprecated whatwg-encoding@2.0.0: Use @exodus/bytes instead for a more spec-conformant and faster implementation
2026-02-27T09:02:03.9512443Z npm warn deprecated sourcemap-codec@1.4.8: Please use @jridgewell/sourcemap-codec instead
2026-02-27T09:02:04.4595389Z npm warn deprecated q@1.5.1: You or someone you depend on is using Q, the JavaScript Promise library that gave JavaScript developers strong feelings about promises. They can almost certainly migrate to the native JavaScript promise now. Thank you literally everyone for joining me in this bet against the odds. Be excellent to each other.
2026-02-27T09:02:04.4596836Z npm warn deprecated
2026-02-27T09:02:04.4597430Z npm warn deprecated (For a CapTP with native promises, see @endo/eventual-send and @endo/captp)
2026-02-27T09:02:04.5633446Z npm warn deprecated prebuild-install@7.1.3: No longer maintained. Please contact the author of the relevant native addon; alternatives are available.
2026-02-27T09:02:05.1360026Z npm warn deprecated tar@6.2.1: Old versions of tar are not supported, and contain widely publicized security vulnerabilities, which have been fixed in the current version. Please update. Support for old versions may be purchased (at exorbitant rates) by contacting i@izs.me
2026-02-27T09:02:05.3698661Z npm warn deprecated inflight@1.0.6: This module is not supported, and leaks memory. Do not use it. Check out lru-cache if you want a good and tested way to coalesce async requests by a key value, which is much more comprehensive and powerful.
2026-02-27T09:02:07.1313017Z npm warn deprecated @xmldom/xmldom@0.7.13: this version is no longer supported, please update to at least 0.8.*
2026-02-27T09:02:07.3996867Z npm warn deprecated @humanwhocodes/object-schema@2.0.3: Use @eslint/object-schema instead
2026-02-27T09:02:07.4909569Z npm warn deprecated @humanwhocodes/config-array@0.13.0: Use @eslint/config-array instead
2026-02-27T09:02:08.3253449Z npm warn deprecated glob@7.2.3: Old versions of glob are not supported, and contain widely publicized security vulnerabilities, which have been fixed in the current version. Please update. Support for old versions may be purchased (at exorbitant rates) by contacting i@izs.me
2026-02-27T09:02:08.8670995Z npm warn deprecated glob@9.3.5: Old versions of glob are not supported, and contain widely publicized security vulnerabilities, which have been fixed in the current version. Please update. Support for old versions may be purchased (at exorbitant rates) by contacting i@izs.me
2026-02-27T09:02:08.8747548Z npm warn deprecated rimraf@3.0.2: Rimraf versions prior to v4 are no longer supported
2026-02-27T09:02:08.9413190Z npm warn deprecated source-map@0.8.0-beta.0: The work that was done in this beta branch won't be included in future versions
2026-02-27T09:02:08.9463009Z npm warn deprecated glob@7.2.3: Old versions of glob are not supported, and contain widely publicized security vulnerabilities, which have been fixed in the current version. Please update. Support for old versions may be purchased (at exorbitant rates) by contacting i@izs.me
2026-02-27T09:02:08.9469068Z npm warn deprecated glob@7.2.3: Old versions of glob are not supported, and contain widely publicized security vulnerabilities, which have been fixed in the current version. Please update. Support for old versions may be purchased (at exorbitant rates) by contacting i@izs.me
2026-02-27T09:02:08.9671500Z npm warn deprecated rimraf@3.0.2: Rimraf versions prior to v4 are no longer supported
2026-02-27T09:02:10.0262285Z npm warn deprecated glob@11.1.0: Old versions of glob are not supported, and contain widely publicized security vulnerabilities, which have been fixed in the current version. Please update. Support for old versions may be purchased (at exorbitant rates) by contacting i@izs.me
2026-02-27T09:02:12.2710099Z npm warn deprecated eslint@8.57.1: This version is no longer supported. Please see https://eslint.org/version-support for other options.
2026-02-27T09:03:04.7868236Z 
2026-02-27T09:03:04.7869111Z added 1280 packages, and audited 1281 packages in 1m
2026-02-27T09:03:04.7869644Z 
2026-02-27T09:03:04.7869941Z 230 packages are looking for funding
2026-02-27T09:03:04.7870811Z   run `npm fund` for details
2026-02-27T09:03:05.0373607Z 
2026-02-27T09:03:05.0374593Z 27 vulnerabilities (5 low, 7 moderate, 14 high, 1 critical)
2026-02-27T09:03:05.0375153Z 
2026-02-27T09:03:05.0375469Z To address issues that do not require attention, run:
2026-02-27T09:03:05.0376118Z   npm audit fix
2026-02-27T09:03:05.0376322Z 
2026-02-27T09:03:05.0376843Z To address all issues possible (including breaking changes), run:
2026-02-27T09:03:05.0377515Z   npm audit fix --force
2026-02-27T09:03:05.0377777Z 
2026-02-27T09:03:05.0378180Z Some issues need review, and may require choosing
2026-02-27T09:03:05.0378867Z a different dependency.
2026-02-27T09:03:05.0379180Z 
2026-02-27T09:03:05.0379415Z Run `npm audit` for details.
2026-02-27T09:03:05.0748004Z ##[group]Run npm run test:unit
2026-02-27T09:03:05.0748289Z [36;1mnpm run test:unit[0m
2026-02-27T09:03:05.0804435Z shell: /usr/bin/bash -e {0}
2026-02-27T09:03:05.0804683Z env:
2026-02-27T09:03:05.0804865Z   NODE_VERSION: 20
2026-02-27T09:03:05.0805302Z   VITE_SUPABASE_URL: ***
2026-02-27T09:03:05.0806795Z   VITE_SUPABASE_ANON_KEY: ***
2026-02-27T09:03:05.0807032Z   CI: true
2026-02-27T09:03:05.0807217Z ##[endgroup]
2026-02-27T09:03:05.1944179Z 
2026-02-27T09:03:05.1946709Z > andaman-bazaar@1.0.0 test:unit
2026-02-27T09:03:05.1947339Z > vitest run tests/unit
2026-02-27T09:03:05.1947647Z 
2026-02-27T09:03:05.5876686Z 
2026-02-27T09:03:05.5878940Z [7m[1m[36m RUN [39m[22m[27m [36mv1.6.1[39m [90m/home/runner/work/AndamanBazaarApp/AndamanBazaarApp[39m
2026-02-27T09:03:05.5879816Z 
2026-02-27T09:03:06.8547881Z  [32m✓[39m tests/unit/security-client.test.ts [2m ([22m[2m25 tests[22m[2m)[22m[90m 26[2mms[22m[39m
2026-02-27T09:03:06.9355025Z  [32m✓[39m tests/unit/validation.test.ts [2m ([22m[2m35 tests[22m[2m)[22m[90m 40[2mms[22m[39m
2026-02-27T09:03:06.9782962Z [90mstderr[2m | tests/unit/auth.test.tsx[2m > [22m[2mAuthView Component[2m > [22m[2mvalidates email format[22m[39m
2026-02-27T09:03:06.9785199Z Warning: An update to AuthView inside a test was not wrapped in act(...).
2026-02-27T09:03:06.9786165Z 
2026-02-27T09:03:06.9787063Z When testing, code that causes React state updates should be wrapped into act(...):
2026-02-27T09:03:06.9787911Z 
2026-02-27T09:03:06.9792228Z act(() => {
2026-02-27T09:03:06.9792698Z   /* fire events that update state */
2026-02-27T09:03:06.9793172Z });
2026-02-27T09:03:06.9793521Z /* assert on the output */
2026-02-27T09:03:06.9793815Z 
2026-02-27T09:03:06.9794921Z This ensures that you're testing the behavior the user would see in the browser. Learn more at https://reactjs.org/link/wrap-tests-with-act
2026-02-27T09:03:06.9796594Z     at AuthView (/home/runner/work/AndamanBazaarApp/AndamanBazaarApp/tests/unit/auth.test.tsx:14:51)
2026-02-27T09:03:06.9798310Z     at Router (/home/runner/work/AndamanBazaarApp/AndamanBazaarApp/node_modules/react-router/dist/umd/react-router.development.js:1174:17)
2026-02-27T09:03:06.9800969Z     at BrowserRouter (/home/runner/work/AndamanBazaarApp/AndamanBazaarApp/node_modules/react-router-dom/dist/umd/react-router-dom.development.js:694:7)
2026-02-27T09:03:06.9802103Z 
2026-02-27T09:03:06.9855027Z [90mstderr[2m | tests/unit/auth.test.tsx[2m > [22m[2mAuthView Component[2m > [22m[2mvalidates email format[22m[39m
2026-02-27T09:03:06.9856527Z Warning: An update to AuthView inside a test was not wrapped in act(...).
2026-02-27T09:03:06.9857092Z 
2026-02-27T09:03:06.9857698Z When testing, code that causes React state updates should be wrapped into act(...):
2026-02-27T09:03:06.9858310Z 
2026-02-27T09:03:06.9858462Z act(() => {
2026-02-27T09:03:06.9858895Z   /* fire events that update state */
2026-02-27T09:03:06.9859355Z });
2026-02-27T09:03:06.9859690Z /* assert on the output */
2026-02-27T09:03:06.9860017Z 
2026-02-27T09:03:06.9861405Z This ensures that you're testing the behavior the user would see in the browser. Learn more at https://reactjs.org/link/wrap-tests-with-act
2026-02-27T09:03:06.9863053Z     at AuthView (/home/runner/work/AndamanBazaarApp/AndamanBazaarApp/tests/unit/auth.test.tsx:14:51)
2026-02-27T09:03:06.9864790Z     at Router (/home/runner/work/AndamanBazaarApp/AndamanBazaarApp/node_modules/react-router/dist/umd/react-router.development.js:1174:17)
2026-02-27T09:03:06.9866927Z     at BrowserRouter (/home/runner/work/AndamanBazaarApp/AndamanBazaarApp/node_modules/react-router-dom/dist/umd/react-router-dom.development.js:694:7)
2026-02-27T09:03:06.9868050Z 
2026-02-27T09:03:06.9873422Z [90mstderr[2m | tests/unit/auth.test.tsx[2m > [22m[2mAuthView Component[2m > [22m[2mvalidates email format[22m[39m
2026-02-27T09:03:06.9875366Z Warning: An update to AuthView inside a test was not wrapped in act(...).
2026-02-27T09:03:06.9876455Z 
2026-02-27T09:03:06.9877954Z When testing, code that causes React state updates should be wrapped into act(...):
2026-02-27T09:03:06.9878602Z 
2026-02-27T09:03:06.9878783Z act(() => {
2026-02-27T09:03:06.9879203Z   /* fire events that update state */
2026-02-27T09:03:06.9879663Z });
2026-02-27T09:03:06.9880024Z /* assert on the output */
2026-02-27T09:03:06.9880303Z 
2026-02-27T09:03:06.9881562Z This ensures that you're testing the behavior the user would see in the browser. Learn more at https://reactjs.org/link/wrap-tests-with-act
2026-02-27T09:03:06.9883190Z     at AuthView (/home/runner/work/AndamanBazaarApp/AndamanBazaarApp/tests/unit/auth.test.tsx:14:51)
2026-02-27T09:03:06.9884894Z     at Router (/home/runner/work/AndamanBazaarApp/AndamanBazaarApp/node_modules/react-router/dist/umd/react-router.development.js:1174:17)
2026-02-27T09:03:06.9886996Z     at BrowserRouter (/home/runner/work/AndamanBazaarApp/AndamanBazaarApp/node_modules/react-router-dom/dist/umd/react-router-dom.development.js:694:7)
2026-02-27T09:03:06.9888112Z 
2026-02-27T09:03:06.9909704Z [90mstderr[2m | tests/unit/auth.test.tsx[2m > [22m[2mAuthView Component[2m > [22m[2mvalidates email format[22m[39m
2026-02-27T09:03:06.9911278Z Warning: An update to AuthView inside a test was not wrapped in act(...).
2026-02-27T09:03:06.9911806Z 
2026-02-27T09:03:06.9912364Z When testing, code that causes React state updates should be wrapped into act(...):
2026-02-27T09:03:06.9912961Z 
2026-02-27T09:03:06.9913106Z act(() => {
2026-02-27T09:03:06.9913509Z   /* fire events that update state */
2026-02-27T09:03:06.9913943Z });
2026-02-27T09:03:06.9914290Z /* assert on the output */
2026-02-27T09:03:06.9914560Z 
2026-02-27T09:03:06.9915590Z This ensures that you're testing the behavior the user would see in the browser. Learn more at https://reactjs.org/link/wrap-tests-with-act
2026-02-27T09:03:06.9917167Z     at AuthView (/home/runner/work/AndamanBazaarApp/AndamanBazaarApp/tests/unit/auth.test.tsx:14:51)
2026-02-27T09:03:06.9918882Z     at Router (/home/runner/work/AndamanBazaarApp/AndamanBazaarApp/node_modules/react-router/dist/umd/react-router.development.js:1174:17)
2026-02-27T09:03:06.9921130Z     at BrowserRouter (/home/runner/work/AndamanBazaarApp/AndamanBazaarApp/node_modules/react-router-dom/dist/umd/react-router-dom.development.js:694:7)
2026-02-27T09:03:06.9922633Z 
2026-02-27T09:03:06.9955801Z [90mstderr[2m | tests/unit/auth.test.tsx[2m > [22m[2mAuthView Component[2m > [22m[2mvalidates email format[22m[39m
2026-02-27T09:03:06.9957110Z Warning: An update to AuthView inside a test was not wrapped in act(...).
2026-02-27T09:03:06.9957635Z 
2026-02-27T09:03:06.9958200Z When testing, code that causes React state updates should be wrapped into act(...):
2026-02-27T09:03:06.9958773Z 
2026-02-27T09:03:06.9958901Z act(() => {
2026-02-27T09:03:06.9959249Z   /* fire events that update state */
2026-02-27T09:03:06.9959668Z });
2026-02-27T09:03:06.9960012Z /* assert on the output */
2026-02-27T09:03:06.9960266Z 
2026-02-27T09:03:06.9961507Z This ensures that you're testing the behavior the user would see in the browser. Learn more at https://reactjs.org/link/wrap-tests-with-act
2026-02-27T09:03:06.9968857Z     at AuthView (/home/runner/work/AndamanBazaarApp/AndamanBazaarApp/tests/unit/auth.test.tsx:14:51)
2026-02-27T09:03:06.9970707Z     at Router (/home/runner/work/AndamanBazaarApp/AndamanBazaarApp/node_modules/react-router/dist/umd/react-router.development.js:1174:17)
2026-02-27T09:03:06.9972747Z     at BrowserRouter (/home/runner/work/AndamanBazaarApp/AndamanBazaarApp/node_modules/react-router-dom/dist/umd/react-router-dom.development.js:694:7)
2026-02-27T09:03:06.9973845Z 
2026-02-27T09:03:06.9974991Z [90mstderr[2m | tests/unit/auth.test.tsx[2m > [22m[2mAuthView Component[2m > [22m[2mvalidates email format[22m[39m
2026-02-27T09:03:06.9976295Z Warning: An update to AuthView inside a test was not wrapped in act(...).
2026-02-27T09:03:06.9976848Z 
2026-02-27T09:03:06.9977437Z When testing, code that causes React state updates should be wrapped into act(...):
2026-02-27T09:03:06.9978460Z 
2026-02-27T09:03:06.9978610Z act(() => {
2026-02-27T09:03:06.9979071Z   /* fire events that update state */
2026-02-27T09:03:06.9979540Z });
2026-02-27T09:03:06.9979890Z /* assert on the output */
2026-02-27T09:03:06.9980178Z 
2026-02-27T09:03:06.9981388Z This ensures that you're testing the behavior the user would see in the browser. Learn more at https://reactjs.org/link/wrap-tests-with-act
2026-02-27T09:03:06.9983007Z     at AuthView (/home/runner/work/AndamanBazaarApp/AndamanBazaarApp/tests/unit/auth.test.tsx:14:51)
2026-02-27T09:03:06.9984738Z     at Router (/home/runner/work/AndamanBazaarApp/AndamanBazaarApp/node_modules/react-router/dist/umd/react-router.development.js:1174:17)
2026-02-27T09:03:06.9986976Z     at BrowserRouter (/home/runner/work/AndamanBazaarApp/AndamanBazaarApp/node_modules/react-router-dom/dist/umd/react-router-dom.development.js:694:7)
2026-02-27T09:03:06.9988108Z 
2026-02-27T09:03:07.0006987Z [90mstderr[2m | tests/unit/auth.test.tsx[2m > [22m[2mAuthView Component[2m > [22m[2mvalidates email format[22m[39m
2026-02-27T09:03:07.0011585Z Warning: An update to AuthView inside a test was not wrapped in act(...).
2026-02-27T09:03:07.0016522Z 
2026-02-27T09:03:07.0017202Z When testing, code that causes React state updates should be wrapped into act(...):
2026-02-27T09:03:07.0017873Z 
2026-02-27T09:03:07.0018047Z act(() => {
2026-02-27T09:03:07.0018461Z   /* fire events that update state */
2026-02-27T09:03:07.0018917Z });
2026-02-27T09:03:07.0019269Z /* assert on the output */
2026-02-27T09:03:07.0019541Z 
2026-02-27T09:03:07.0020826Z This ensures that you're testing the behavior the user would see in the browser. Learn more at https://reactjs.org/link/wrap-tests-with-act
2026-02-27T09:03:07.0022541Z     at AuthView (/home/runner/work/AndamanBazaarApp/AndamanBazaarApp/tests/unit/auth.test.tsx:14:51)
2026-02-27T09:03:07.0024318Z     at Router (/home/runner/work/AndamanBazaarApp/AndamanBazaarApp/node_modules/react-router/dist/umd/react-router.development.js:1174:17)
2026-02-27T09:03:07.0026539Z     at BrowserRouter (/home/runner/work/AndamanBazaarApp/AndamanBazaarApp/node_modules/react-router-dom/dist/umd/react-router-dom.development.js:694:7)
2026-02-27T09:03:07.0028120Z 
2026-02-27T09:03:07.0062215Z [90mstderr[2m | tests/unit/auth.test.tsx[2m > [22m[2mAuthView Component[2m > [22m[2mvalidates email format[22m[39m
2026-02-27T09:03:07.0064088Z Warning: An update to AuthView inside a test was not wrapped in act(...).
2026-02-27T09:03:07.0064923Z 
2026-02-27T09:03:07.0065886Z When testing, code that causes React state updates should be wrapped into act(...):
2026-02-27T09:03:07.0066701Z 
2026-02-27T09:03:07.0067042Z act(() => {
2026-02-27T09:03:07.0067645Z   /* fire events that update state */
2026-02-27T09:03:07.0068300Z });
2026-02-27T09:03:07.0068900Z /* assert on the output */
2026-02-27T09:03:07.0069315Z 
2026-02-27T09:03:07.0070598Z This ensures that you're testing the behavior the user would see in the browser. Learn more at https://reactjs.org/link/wrap-tests-with-act
2026-02-27T09:03:07.0072231Z     at AuthView (/home/runner/work/AndamanBazaarApp/AndamanBazaarApp/tests/unit/auth.test.tsx:14:51)
2026-02-27T09:03:07.0074094Z     at Router (/home/runner/work/AndamanBazaarApp/AndamanBazaarApp/node_modules/react-router/dist/umd/react-router.development.js:1174:17)
2026-02-27T09:03:07.0076220Z     at BrowserRouter (/home/runner/work/AndamanBazaarApp/AndamanBazaarApp/node_modules/react-router-dom/dist/umd/react-router-dom.development.js:694:7)
2026-02-27T09:03:07.0077345Z 
2026-02-27T09:03:07.0081128Z [90mstderr[2m | tests/unit/auth.test.tsx[2m > [22m[2mAuthView Component[2m > [22m[2mvalidates email format[22m[39m
2026-02-27T09:03:07.0083595Z Warning: An update to AuthView inside a test was not wrapped in act(...).
2026-02-27T09:03:07.0084147Z 
2026-02-27T09:03:07.0084760Z When testing, code that causes React state updates should be wrapped into act(...):
2026-02-27T09:03:07.0085396Z 
2026-02-27T09:03:07.0085546Z act(() => {
2026-02-27T09:03:07.0086326Z   /* fire events that update state */
2026-02-27T09:03:07.0086811Z });
2026-02-27T09:03:07.0087174Z /* assert on the output */
2026-02-27T09:03:07.0087467Z 
2026-02-27T09:03:07.0088542Z This ensures that you're testing the behavior the user would see in the browser. Learn more at https://reactjs.org/link/wrap-tests-with-act
2026-02-27T09:03:07.0090252Z     at AuthView (/home/runner/work/AndamanBazaarApp/AndamanBazaarApp/tests/unit/auth.test.tsx:14:51)
2026-02-27T09:03:07.0092247Z     at Router (/home/runner/work/AndamanBazaarApp/AndamanBazaarApp/node_modules/react-router/dist/umd/react-router.development.js:1174:17)
2026-02-27T09:03:07.0094434Z     at BrowserRouter (/home/runner/work/AndamanBazaarApp/AndamanBazaarApp/node_modules/react-router-dom/dist/umd/react-router-dom.development.js:694:7)
2026-02-27T09:03:07.0095591Z 
2026-02-27T09:03:07.0112398Z [90mstderr[2m | tests/unit/auth.test.tsx[2m > [22m[2mAuthView Component[2m > [22m[2mvalidates email format[22m[39m
2026-02-27T09:03:07.0113811Z Warning: An update to AuthView inside a test was not wrapped in act(...).
2026-02-27T09:03:07.0114375Z 
2026-02-27T09:03:07.0115019Z When testing, code that causes React state updates should be wrapped into act(...):
2026-02-27T09:03:07.0115646Z 
2026-02-27T09:03:07.0115808Z act(() => {
2026-02-27T09:03:07.0116416Z   /* fire events that update state */
2026-02-27T09:03:07.0117486Z });
2026-02-27T09:03:07.0117888Z /* assert on the output */
2026-02-27T09:03:07.0118351Z 
2026-02-27T09:03:07.0119582Z This ensures that you're testing the behavior the user would see in the browser. Learn more at https://reactjs.org/link/wrap-tests-with-act
2026-02-27T09:03:07.0120823Z     at AuthView (/home/runner/work/AndamanBazaarApp/AndamanBazaarApp/tests/unit/auth.test.tsx:14:51)
2026-02-27T09:03:07.0121736Z     at Router (/home/runner/work/AndamanBazaarApp/AndamanBazaarApp/node_modules/react-router/dist/umd/react-router.development.js:1174:17)
2026-02-27T09:03:07.0122867Z     at BrowserRouter (/home/runner/work/AndamanBazaarApp/AndamanBazaarApp/node_modules/react-router-dom/dist/umd/react-router-dom.development.js:694:7)
2026-02-27T09:03:07.0123457Z 
2026-02-27T09:03:07.0142582Z [90mstderr[2m | tests/unit/auth.test.tsx[2m > [22m[2mAuthView Component[2m > [22m[2mvalidates email format[22m[39m
2026-02-27T09:03:07.0144152Z Warning: An update to AuthView inside a test was not wrapped in act(...).
2026-02-27T09:03:07.0144888Z 
2026-02-27T09:03:07.0145747Z When testing, code that causes React state updates should be wrapped into act(...):
2026-02-27T09:03:07.0146393Z 
2026-02-27T09:03:07.0146561Z act(() => {
2026-02-27T09:03:07.0146984Z   /* fire events that update state */
2026-02-27T09:03:07.0147472Z });
2026-02-27T09:03:07.0147849Z /* assert on the output */
2026-02-27T09:03:07.0148134Z 
2026-02-27T09:03:07.0149239Z This ensures that you're testing the behavior the user would see in the browser. Learn more at https://reactjs.org/link/wrap-tests-with-act
2026-02-27T09:03:07.0151123Z     at AuthView (/home/runner/work/AndamanBazaarApp/AndamanBazaarApp/tests/unit/auth.test.tsx:14:51)
2026-02-27T09:03:07.0152889Z     at Router (/home/runner/work/AndamanBazaarApp/AndamanBazaarApp/node_modules/react-router/dist/umd/react-router.development.js:1174:17)
2026-02-27T09:03:07.0155151Z     at BrowserRouter (/home/runner/work/AndamanBazaarApp/AndamanBazaarApp/node_modules/react-router-dom/dist/umd/react-router-dom.development.js:694:7)
2026-02-27T09:03:07.0156358Z 
2026-02-27T09:03:07.0169601Z [90mstderr[2m | tests/unit/auth.test.tsx[2m > [22m[2mAuthView Component[2m > [22m[2mvalidates email format[22m[39m
2026-02-27T09:03:07.0171362Z Warning: An update to AuthView inside a test was not wrapped in act(...).
2026-02-27T09:03:07.0171950Z 
2026-02-27T09:03:07.0172579Z When testing, code that causes React state updates should be wrapped into act(...):
2026-02-27T09:03:07.0173177Z 
2026-02-27T09:03:07.0173343Z act(() => {
2026-02-27T09:03:07.0173785Z   /* fire events that update state */
2026-02-27T09:03:07.0174250Z });
2026-02-27T09:03:07.0174988Z /* assert on the output */
2026-02-27T09:03:07.0175289Z 
2026-02-27T09:03:07.0176390Z This ensures that you're testing the behavior the user would see in the browser. Learn more at https://reactjs.org/link/wrap-tests-with-act
2026-02-27T09:03:07.0178083Z     at AuthView (/home/runner/work/AndamanBazaarApp/AndamanBazaarApp/tests/unit/auth.test.tsx:14:51)
2026-02-27T09:03:07.0179849Z     at Router (/home/runner/work/AndamanBazaarApp/AndamanBazaarApp/node_modules/react-router/dist/umd/react-router.development.js:1174:17)
2026-02-27T09:03:07.0182226Z     at BrowserRouter (/home/runner/work/AndamanBazaarApp/AndamanBazaarApp/node_modules/react-router-dom/dist/umd/react-router-dom.development.js:694:7)
2026-02-27T09:03:07.0183399Z 
2026-02-27T09:03:07.0198062Z [90mstderr[2m | tests/unit/auth.test.tsx[2m > [22m[2mAuthView Component[2m > [22m[2mvalidates email format[22m[39m
2026-02-27T09:03:07.0199364Z Warning: An update to AuthView inside a test was not wrapped in act(...).
2026-02-27T09:03:07.0199895Z 
2026-02-27T09:03:07.0200643Z When testing, code that causes React state updates should be wrapped into act(...):
2026-02-27T09:03:07.0201251Z 
2026-02-27T09:03:07.0201386Z act(() => {
2026-02-27T09:03:07.0201774Z   /* fire events that update state */
2026-02-27T09:03:07.0202209Z });
2026-02-27T09:03:07.0202549Z /* assert on the output */
2026-02-27T09:03:07.0202805Z 
2026-02-27T09:03:07.0203824Z This ensures that you're testing the behavior the user would see in the browser. Learn more at https://reactjs.org/link/wrap-tests-with-act
2026-02-27T09:03:07.0205381Z     at AuthView (/home/runner/work/AndamanBazaarApp/AndamanBazaarApp/tests/unit/auth.test.tsx:14:51)
2026-02-27T09:03:07.0207032Z     at Router (/home/runner/work/AndamanBazaarApp/AndamanBazaarApp/node_modules/react-router/dist/umd/react-router.development.js:1174:17)
2026-02-27T09:03:07.0209061Z     at BrowserRouter (/home/runner/work/AndamanBazaarApp/AndamanBazaarApp/node_modules/react-router-dom/dist/umd/react-router-dom.development.js:694:7)
2026-02-27T09:03:07.0210194Z 
2026-02-27T09:03:07.0463764Z [90mstderr[2m | tests/unit/auth.test.tsx[2m > [22m[2mAuthView Component[2m > [22m[2mvalidates password length[22m[39m
2026-02-27T09:03:07.0467891Z Warning: An update to AuthView inside a test was not wrapped in act(...).
2026-02-27T09:03:07.0468857Z 
2026-02-27T09:03:07.0469728Z When testing, code that causes React state updates should be wrapped into act(...):
2026-02-27T09:03:07.0474240Z 
2026-02-27T09:03:07.0474455Z act(() => {
2026-02-27T09:03:07.0474916Z   /* fire events that update state */
2026-02-27T09:03:07.0475414Z });
2026-02-27T09:03:07.0475805Z /* assert on the output */
2026-02-27T09:03:07.0476099Z 
2026-02-27T09:03:07.0477188Z This ensures that you're testing the behavior the user would see in the browser. Learn more at https://reactjs.org/link/wrap-tests-with-act
2026-02-27T09:03:07.0478902Z     at AuthView (/home/runner/work/AndamanBazaarApp/AndamanBazaarApp/tests/unit/auth.test.tsx:14:51)
2026-02-27T09:03:07.0488678Z     at Router (/home/runner/work/AndamanBazaarApp/AndamanBazaarApp/node_modules/react-router/dist/umd/react-router.development.js:1174:17)
2026-02-27T09:03:07.0491126Z     at BrowserRouter (/home/runner/work/AndamanBazaarApp/AndamanBazaarApp/node_modules/react-router-dom/dist/umd/react-router-dom.development.js:694:7)
2026-02-27T09:03:07.0492321Z 
2026-02-27T09:03:07.0493600Z [90mstderr[2m | tests/unit/auth.test.tsx[2m > [22m[2mAuthView Component[2m > [22m[2mvalidates password length[22m[39m
2026-02-27T09:03:07.0510219Z Warning: An update to AuthView inside a test was not wrapped in act(...).
2026-02-27T09:03:07.0510992Z 
2026-02-27T09:03:07.0511641Z When testing, code that causes React state updates should be wrapped into act(...):
2026-02-27T09:03:07.0512278Z 
2026-02-27T09:03:07.0512444Z act(() => {
2026-02-27T09:03:07.0512882Z   /* fire events that update state */
2026-02-27T09:03:07.0513352Z });
2026-02-27T09:03:07.0513717Z /* assert on the output */
2026-02-27T09:03:07.0513980Z 
2026-02-27T09:03:07.0515334Z This ensures that you're testing the behavior the user would see in the browser. Learn more at https://reactjs.org/link/wrap-tests-with-act
2026-02-27T09:03:07.0517054Z     at AuthView (/home/runner/work/AndamanBazaarApp/AndamanBazaarApp/tests/unit/auth.test.tsx:14:51)
2026-02-27T09:03:07.0518840Z     at Router (/home/runner/work/AndamanBazaarApp/AndamanBazaarApp/node_modules/react-router/dist/umd/react-router.development.js:1174:17)
2026-02-27T09:03:07.0521262Z     at BrowserRouter (/home/runner/work/AndamanBazaarApp/AndamanBazaarApp/node_modules/react-router-dom/dist/umd/react-router-dom.development.js:694:7)
2026-02-27T09:03:07.0522463Z 
2026-02-27T09:03:07.0523727Z [90mstderr[2m | tests/unit/auth.test.tsx[2m > [22m[2mAuthView Component[2m > [22m[2mvalidates password length[22m[39m
2026-02-27T09:03:07.0535715Z Warning: An update to AuthView inside a test was not wrapped in act(...).
2026-02-27T09:03:07.0536295Z 
2026-02-27T09:03:07.0536907Z When testing, code that causes React state updates should be wrapped into act(...):
2026-02-27T09:03:07.0537509Z 
2026-02-27T09:03:07.0537642Z act(() => {
2026-02-27T09:03:07.0538042Z   /* fire events that update state */
2026-02-27T09:03:07.0538479Z });
2026-02-27T09:03:07.0538818Z /* assert on the output */
2026-02-27T09:03:07.0539094Z 
2026-02-27T09:03:07.0540121Z This ensures that you're testing the behavior the user would see in the browser. Learn more at https://reactjs.org/link/wrap-tests-with-act
2026-02-27T09:03:07.0541917Z     at AuthView (/home/runner/work/AndamanBazaarApp/AndamanBazaarApp/tests/unit/auth.test.tsx:14:51)
2026-02-27T09:03:07.0543576Z     at Router (/home/runner/work/AndamanBazaarApp/AndamanBazaarApp/node_modules/react-router/dist/umd/react-router.development.js:1174:17)
2026-02-27T09:03:07.0545771Z     at BrowserRouter (/home/runner/work/AndamanBazaarApp/AndamanBazaarApp/node_modules/react-router-dom/dist/umd/react-router-dom.development.js:694:7)
2026-02-27T09:03:07.0546898Z 
2026-02-27T09:03:07.0548138Z [90mstderr[2m | tests/unit/auth.test.tsx[2m > [22m[2mAuthView Component[2m > [22m[2mvalidates password length[22m[39m
2026-02-27T09:03:07.0550115Z Warning: An update to AuthView inside a test was not wrapped in act(...).
2026-02-27T09:03:07.0550847Z 
2026-02-27T09:03:07.0551460Z When testing, code that causes React state updates should be wrapped into act(...):
2026-02-27T09:03:07.0552091Z 
2026-02-27T09:03:07.0552237Z act(() => {
2026-02-27T09:03:07.0552654Z   /* fire events that update state */
2026-02-27T09:03:07.0553111Z });
2026-02-27T09:03:07.0553411Z /* assert on the output */
2026-02-27T09:03:07.0553649Z 
2026-02-27T09:03:07.0554728Z This ensures that you're testing the behavior the user would see in the browser. Learn more at https://reactjs.org/link/wrap-tests-with-act
2026-02-27T09:03:07.0556392Z     at AuthView (/home/runner/work/AndamanBazaarApp/AndamanBazaarApp/tests/unit/auth.test.tsx:14:51)
2026-02-27T09:03:07.0558128Z     at Router (/home/runner/work/AndamanBazaarApp/AndamanBazaarApp/node_modules/react-router/dist/umd/react-router.development.js:1174:17)
2026-02-27T09:03:07.0560203Z     at BrowserRouter (/home/runner/work/AndamanBazaarApp/AndamanBazaarApp/node_modules/react-router-dom/dist/umd/react-router-dom.development.js:694:7)
2026-02-27T09:03:07.0561519Z 
2026-02-27T09:03:07.0594348Z [90mstderr[2m | tests/unit/auth.test.tsx[2m > [22m[2mAuthView Component[2m > [22m[2mvalidates password length[22m[39m
2026-02-27T09:03:07.0595746Z Warning: An update to AuthView inside a test was not wrapped in act(...).
2026-02-27T09:03:07.0596292Z 
2026-02-27T09:03:07.0596890Z When testing, code that causes React state updates should be wrapped into act(...):
2026-02-27T09:03:07.0597528Z 
2026-02-27T09:03:07.0597680Z act(() => {
2026-02-27T09:03:07.0598113Z   /* fire events that update state */
2026-02-27T09:03:07.0598635Z });
2026-02-27T09:03:07.0599004Z /* assert on the output */
2026-02-27T09:03:07.0599284Z 
2026-02-27T09:03:07.0601019Z This ensures that you're testing the behavior the user would see in the browser. Learn more at https://reactjs.org/link/wrap-tests-with-act
2026-02-27T09:03:07.0602768Z     at AuthView (/home/runner/work/AndamanBazaarApp/AndamanBazaarApp/tests/unit/auth.test.tsx:14:51)
2026-02-27T09:03:07.0604578Z     at Router (/home/runner/work/AndamanBazaarApp/AndamanBazaarApp/node_modules/react-router/dist/umd/react-router.development.js:1174:17)
2026-02-27T09:03:07.0606807Z     at BrowserRouter (/home/runner/work/AndamanBazaarApp/AndamanBazaarApp/node_modules/react-router-dom/dist/umd/react-router-dom.development.js:694:7)
2026-02-27T09:03:07.0607956Z 
2026-02-27T09:03:07.0624342Z [90mstderr[2m | tests/unit/auth.test.tsx[2m > [22m[2mAuthView Component[2m > [22m[2mvalidates password length[22m[39m
2026-02-27T09:03:07.0625419Z Warning: An update to AuthView inside a test was not wrapped in act(...).
2026-02-27T09:03:07.0625731Z 
2026-02-27T09:03:07.0626047Z When testing, code that causes React state updates should be wrapped into act(...):
2026-02-27T09:03:07.0626371Z 
2026-02-27T09:03:07.0626468Z act(() => {
2026-02-27T09:03:07.0626703Z   /* fire events that update state */
2026-02-27T09:03:07.0626950Z });
2026-02-27T09:03:07.0627161Z /* assert on the output */
2026-02-27T09:03:07.0627313Z 
2026-02-27T09:03:07.0627869Z This ensures that you're testing the behavior the user would see in the browser. Learn more at https://reactjs.org/link/wrap-tests-with-act
2026-02-27T09:03:07.0628733Z     at AuthView (/home/runner/work/AndamanBazaarApp/AndamanBazaarApp/tests/unit/auth.test.tsx:14:51)
2026-02-27T09:03:07.0629615Z     at Router (/home/runner/work/AndamanBazaarApp/AndamanBazaarApp/node_modules/react-router/dist/umd/react-router.development.js:1174:17)
2026-02-27T09:03:07.0630933Z     at BrowserRouter (/home/runner/work/AndamanBazaarApp/AndamanBazaarApp/node_modules/react-router-dom/dist/umd/react-router-dom.development.js:694:7)
2026-02-27T09:03:07.0631525Z 
2026-02-27T09:03:07.0676516Z [90mstderr[2m | tests/unit/auth.test.tsx[2m > [22m[2mAuthView Component[2m > [22m[2mvalidates password length[22m[39m
2026-02-27T09:03:07.0683322Z Warning: An update to AuthView inside a test was not wrapped in act(...).
2026-02-27T09:03:07.0699984Z 
2026-02-27T09:03:07.0700995Z When testing, code that causes React state updates should be wrapped into act(...):
2026-02-27T09:03:07.0701641Z 
2026-02-27T09:03:07.0701796Z act(() => {
2026-02-27T09:03:07.0702221Z   /* fire events that update state */
2026-02-27T09:03:07.0702683Z });
2026-02-27T09:03:07.0703043Z /* assert on the output */
2026-02-27T09:03:07.0703331Z 
2026-02-27T09:03:07.0704374Z This ensures that you're testing the behavior the user would see in the browser. Learn more at https://reactjs.org/link/wrap-tests-with-act
2026-02-27T09:03:07.0705986Z     at AuthView (/home/runner/work/AndamanBazaarApp/AndamanBazaarApp/tests/unit/auth.test.tsx:14:51)
2026-02-27T09:03:07.0707717Z     at Router (/home/runner/work/AndamanBazaarApp/AndamanBazaarApp/node_modules/react-router/dist/umd/react-router.development.js:1174:17)
2026-02-27T09:03:07.0709840Z     at BrowserRouter (/home/runner/work/AndamanBazaarApp/AndamanBazaarApp/node_modules/react-router-dom/dist/umd/react-router-dom.development.js:694:7)
2026-02-27T09:03:07.0711159Z 
2026-02-27T09:03:07.0732086Z [90mstderr[2m | tests/unit/auth.test.tsx[2m > [22m[2mAuthView Component[2m > [22m[2mvalidates password length[22m[39m
2026-02-27T09:03:07.0733720Z Warning: An update to AuthView inside a test was not wrapped in act(...).
2026-02-27T09:03:07.0734486Z 
2026-02-27T09:03:07.0735438Z When testing, code that causes React state updates should be wrapped into act(...):
2026-02-27T09:03:07.0736302Z 
2026-02-27T09:03:07.0736503Z act(() => {
2026-02-27T09:03:07.0736899Z   /* fire events that update state */
2026-02-27T09:03:07.0737305Z });
2026-02-27T09:03:07.0737622Z /* assert on the output */
2026-02-27T09:03:07.0737877Z 
2026-02-27T09:03:07.0738848Z This ensures that you're testing the behavior the user would see in the browser. Learn more at https://reactjs.org/link/wrap-tests-with-act
2026-02-27T09:03:07.0741051Z     at AuthView (/home/runner/work/AndamanBazaarApp/AndamanBazaarApp/tests/unit/auth.test.tsx:14:51)
2026-02-27T09:03:07.0742774Z     at Router (/home/runner/work/AndamanBazaarApp/AndamanBazaarApp/node_modules/react-router/dist/umd/react-router.development.js:1174:17)
2026-02-27T09:03:07.0744795Z     at BrowserRouter (/home/runner/work/AndamanBazaarApp/AndamanBazaarApp/node_modules/react-router-dom/dist/umd/react-router-dom.development.js:694:7)
2026-02-27T09:03:07.0745916Z 
2026-02-27T09:03:07.0747117Z [90mstderr[2m | tests/unit/auth.test.tsx[2m > [22m[2mAuthView Component[2m > [22m[2mvalidates password length[22m[39m
2026-02-27T09:03:07.0748440Z Warning: An update to AuthView inside a test was not wrapped in act(...).
2026-02-27T09:03:07.0748975Z 
2026-02-27T09:03:07.0749549Z When testing, code that causes React state updates should be wrapped into act(...):
2026-02-27T09:03:07.0750140Z 
2026-02-27T09:03:07.0750284Z act(() => {
2026-02-27T09:03:07.0750915Z   /* fire events that update state */
2026-02-27T09:03:07.0751376Z });
2026-02-27T09:03:07.0751721Z /* assert on the output */
2026-02-27T09:03:07.0751999Z 
2026-02-27T09:03:07.0753015Z This ensures that you're testing the behavior the user would see in the browser. Learn more at https://reactjs.org/link/wrap-tests-with-act
2026-02-27T09:03:07.0754579Z     at AuthView (/home/runner/work/AndamanBazaarApp/AndamanBazaarApp/tests/unit/auth.test.tsx:14:51)
2026-02-27T09:03:07.0756243Z     at Router (/home/runner/work/AndamanBazaarApp/AndamanBazaarApp/node_modules/react-router/dist/umd/react-router.development.js:1174:17)
2026-02-27T09:03:07.0758283Z     at BrowserRouter (/home/runner/work/AndamanBazaarApp/AndamanBazaarApp/node_modules/react-router-dom/dist/umd/react-router-dom.development.js:694:7)
2026-02-27T09:03:07.0759376Z 
2026-02-27T09:03:07.0766012Z [90mstderr[2m | tests/unit/auth.test.tsx[2m > [22m[2mAuthView Component[2m > [22m[2mvalidates password length[22m[39m
2026-02-27T09:03:07.0767371Z Warning: An update to AuthView inside a test was not wrapped in act(...).
2026-02-27T09:03:07.0767906Z 
2026-02-27T09:03:07.0768752Z When testing, code that causes React state updates should be wrapped into act(...):
2026-02-27T09:03:07.0769596Z 
2026-02-27T09:03:07.0769734Z act(() => {
2026-02-27T09:03:07.0770123Z   /* fire events that update state */
2026-02-27T09:03:07.0771429Z });
2026-02-27T09:03:07.0771780Z /* assert on the output */
2026-02-27T09:03:07.0772047Z 
2026-02-27T09:03:07.0773090Z This ensures that you're testing the behavior the user would see in the browser. Learn more at https://reactjs.org/link/wrap-tests-with-act
2026-02-27T09:03:07.0774690Z     at AuthView (/home/runner/work/AndamanBazaarApp/AndamanBazaarApp/tests/unit/auth.test.tsx:14:51)
2026-02-27T09:03:07.0776483Z     at Router (/home/runner/work/AndamanBazaarApp/AndamanBazaarApp/node_modules/react-router/dist/umd/react-router.development.js:1174:17)
2026-02-27T09:03:07.0778676Z     at BrowserRouter (/home/runner/work/AndamanBazaarApp/AndamanBazaarApp/node_modules/react-router-dom/dist/umd/react-router-dom.development.js:694:7)
2026-02-27T09:03:07.0779803Z 
2026-02-27T09:03:07.0781253Z [90mstderr[2m | tests/unit/auth.test.tsx[2m > [22m[2mAuthView Component[2m > [22m[2mvalidates password length[22m[39m
2026-02-27T09:03:07.0782867Z Warning: An update to AuthView inside a test was not wrapped in act(...).
2026-02-27T09:03:07.0783453Z 
2026-02-27T09:03:07.0784122Z When testing, code that causes React state updates should be wrapped into act(...):
2026-02-27T09:03:07.0786733Z 
2026-02-27T09:03:07.0786908Z act(() => {
2026-02-27T09:03:07.0787348Z   /* fire events that update state */
2026-02-27T09:03:07.0787837Z });
2026-02-27T09:03:07.0788192Z /* assert on the output */
2026-02-27T09:03:07.0788489Z 
2026-02-27T09:03:07.0789585Z This ensures that you're testing the behavior the user would see in the browser. Learn more at https://reactjs.org/link/wrap-tests-with-act
2026-02-27T09:03:07.0791700Z     at AuthView (/home/runner/work/AndamanBazaarApp/AndamanBazaarApp/tests/unit/auth.test.tsx:14:51)
2026-02-27T09:03:07.0793461Z     at Router (/home/runner/work/AndamanBazaarApp/AndamanBazaarApp/node_modules/react-router/dist/umd/react-router.development.js:1174:17)
2026-02-27T09:03:07.0795487Z     at BrowserRouter (/home/runner/work/AndamanBazaarApp/AndamanBazaarApp/node_modules/react-router-dom/dist/umd/react-router-dom.development.js:694:7)
2026-02-27T09:03:07.0796595Z 
2026-02-27T09:03:07.0852995Z [90mstderr[2m | tests/unit/auth.test.tsx[2m > [22m[2mAuthView Component[2m > [22m[2mvalidates password length[22m[39m
2026-02-27T09:03:07.0866376Z Warning: An update to AuthView inside a test was not wrapped in act(...).
2026-02-27T09:03:07.0866911Z 
2026-02-27T09:03:07.0867498Z When testing, code that causes React state updates should be wrapped into act(...):
2026-02-27T09:03:07.0868112Z 
2026-02-27T09:03:07.0868270Z act(() => {
2026-02-27T09:03:07.0868699Z   /* fire events that update state */
2026-02-27T09:03:07.0869140Z });
2026-02-27T09:03:07.0869533Z /* assert on the output */
2026-02-27T09:03:07.0869783Z 
2026-02-27T09:03:07.0870942Z This ensures that you're testing the behavior the user would see in the browser. Learn more at https://reactjs.org/link/wrap-tests-with-act
2026-02-27T09:03:07.0872487Z     at AuthView (/home/runner/work/AndamanBazaarApp/AndamanBazaarApp/tests/unit/auth.test.tsx:14:51)
2026-02-27T09:03:07.0874111Z     at Router (/home/runner/work/AndamanBazaarApp/AndamanBazaarApp/node_modules/react-router/dist/umd/react-router.development.js:1174:17)
2026-02-27T09:03:07.0876131Z     at BrowserRouter (/home/runner/work/AndamanBazaarApp/AndamanBazaarApp/node_modules/react-router-dom/dist/umd/react-router-dom.development.js:694:7)
2026-02-27T09:03:07.0877347Z 
2026-02-27T09:03:07.0878524Z [90mstderr[2m | tests/unit/auth.test.tsx[2m > [22m[2mAuthView Component[2m > [22m[2mvalidates password length[22m[39m
2026-02-27T09:03:07.0879776Z Warning: An update to AuthView inside a test was not wrapped in act(...).
2026-02-27T09:03:07.0880294Z 
2026-02-27T09:03:07.0881107Z When testing, code that causes React state updates should be wrapped into act(...):
2026-02-27T09:03:07.0882023Z 
2026-02-27T09:03:07.0882165Z act(() => {
2026-02-27T09:03:07.0882558Z   /* fire events that update state */
2026-02-27T09:03:07.0882999Z });
2026-02-27T09:03:07.0883333Z /* assert on the output */
2026-02-27T09:03:07.0883592Z 
2026-02-27T09:03:07.0884595Z This ensures that you're testing the behavior the user would see in the browser. Learn more at https://reactjs.org/link/wrap-tests-with-act
2026-02-27T09:03:07.0886159Z     at AuthView (/home/runner/work/AndamanBazaarApp/AndamanBazaarApp/tests/unit/auth.test.tsx:14:51)
2026-02-27T09:03:07.0887780Z     at Router (/home/runner/work/AndamanBazaarApp/AndamanBazaarApp/node_modules/react-router/dist/umd/react-router.development.js:1174:17)
2026-02-27T09:03:07.0889913Z     at BrowserRouter (/home/runner/work/AndamanBazaarApp/AndamanBazaarApp/node_modules/react-router-dom/dist/umd/react-router-dom.development.js:694:7)
2026-02-27T09:03:07.0891246Z 
2026-02-27T09:03:07.0958092Z [90mstderr[2m | tests/unit/auth.test.tsx[2m > [22m[2mAuthView Component[2m > [22m[2mvalidates password length[22m[39m
2026-02-27T09:03:07.0959551Z Warning: An update to AuthView inside a test was not wrapped in act(...).
2026-02-27T09:03:07.0960084Z 
2026-02-27T09:03:07.0960949Z When testing, code that causes React state updates should be wrapped into act(...):
2026-02-27T09:03:07.0961556Z 
2026-02-27T09:03:07.0961699Z act(() => {
2026-02-27T09:03:07.0962101Z   /* fire events that update state */
2026-02-27T09:03:07.0962549Z });
2026-02-27T09:03:07.0962898Z /* assert on the output */
2026-02-27T09:03:07.0963162Z 
2026-02-27T09:03:07.0964235Z This ensures that you're testing the behavior the user would see in the browser. Learn more at https://reactjs.org/link/wrap-tests-with-act
2026-02-27T09:03:07.0965859Z     at AuthView (/home/runner/work/AndamanBazaarApp/AndamanBazaarApp/tests/unit/auth.test.tsx:14:51)
2026-02-27T09:03:07.0967948Z     at Router (/home/runner/work/AndamanBazaarApp/AndamanBazaarApp/node_modules/react-router/dist/umd/react-router.development.js:1174:17)
2026-02-27T09:03:07.0970019Z     at BrowserRouter (/home/runner/work/AndamanBazaarApp/AndamanBazaarApp/node_modules/react-router-dom/dist/umd/react-router-dom.development.js:694:7)
2026-02-27T09:03:07.0971587Z 
2026-02-27T09:03:07.0972741Z [90mstderr[2m | tests/unit/auth.test.tsx[2m > [22m[2mAuthView Component[2m > [22m[2mvalidates password length[22m[39m
2026-02-27T09:03:07.0974055Z Warning: An update to AuthView inside a test was not wrapped in act(...).
2026-02-27T09:03:07.0974572Z 
2026-02-27T09:03:07.0975158Z When testing, code that causes React state updates should be wrapped into act(...):
2026-02-27T09:03:07.0975741Z 
2026-02-27T09:03:07.0975877Z act(() => {
2026-02-27T09:03:07.0976273Z   /* fire events that update state */
2026-02-27T09:03:07.0976715Z });
2026-02-27T09:03:07.0977050Z /* assert on the output */
2026-02-27T09:03:07.0977304Z 
2026-02-27T09:03:07.0978351Z This ensures that you're testing the behavior the user would see in the browser. Learn more at https://reactjs.org/link/wrap-tests-with-act
2026-02-27T09:03:07.0979946Z     at AuthView (/home/runner/work/AndamanBazaarApp/AndamanBazaarApp/tests/unit/auth.test.tsx:14:51)
2026-02-27T09:03:07.0987093Z     at Router (/home/runner/work/AndamanBazaarApp/AndamanBazaarApp/node_modules/react-router/dist/umd/react-router.development.js:1174:17)
2026-02-27T09:03:07.1012061Z     at BrowserRouter (/home/runner/work/AndamanBazaarApp/AndamanBazaarApp/node_modules/react-router-dom/dist/umd/react-router-dom.development.js:694:7)
2026-02-27T09:03:07.1013197Z 
2026-02-27T09:03:07.1014482Z [90mstderr[2m | tests/unit/auth.test.tsx[2m > [22m[2mAuthView Component[2m > [22m[2mvalidates password length[22m[39m
2026-02-27T09:03:07.1015753Z Warning: An update to AuthView inside a test was not wrapped in act(...).
2026-02-27T09:03:07.1016241Z 
2026-02-27T09:03:07.1016813Z When testing, code that causes React state updates should be wrapped into act(...):
2026-02-27T09:03:07.1017402Z 
2026-02-27T09:03:07.1017550Z act(() => {
2026-02-27T09:03:07.1017936Z   /* fire events that update state */
2026-02-27T09:03:07.1018737Z });
2026-02-27T09:03:07.1019069Z /* assert on the output */
2026-02-27T09:03:07.1019323Z 
2026-02-27T09:03:07.1020545Z This ensures that you're testing the behavior the user would see in the browser. Learn more at https://reactjs.org/link/wrap-tests-with-act
2026-02-27T09:03:07.1022157Z     at AuthView (/home/runner/work/AndamanBazaarApp/AndamanBazaarApp/tests/unit/auth.test.tsx:14:51)
2026-02-27T09:03:07.1023836Z     at Router (/home/runner/work/AndamanBazaarApp/AndamanBazaarApp/node_modules/react-router/dist/umd/react-router.development.js:1174:17)
2026-02-27T09:03:07.1025942Z     at BrowserRouter (/home/runner/work/AndamanBazaarApp/AndamanBazaarApp/node_modules/react-router-dom/dist/umd/react-router-dom.development.js:694:7)
2026-02-27T09:03:07.1027049Z 
2026-02-27T09:03:07.1146274Z [90mstderr[2m | tests/unit/auth.test.tsx[2m > [22m[2mAuthView Component[2m > [22m[2mvalidates password length[22m[39m
2026-02-27T09:03:07.1147699Z Warning: An update to AuthView inside a test was not wrapped in act(...).
2026-02-27T09:03:07.1148250Z 
2026-02-27T09:03:07.1148847Z When testing, code that causes React state updates should be wrapped into act(...):
2026-02-27T09:03:07.1149447Z 
2026-02-27T09:03:07.1149596Z act(() => {
2026-02-27T09:03:07.1149999Z   /* fire events that update state */
2026-02-27T09:03:07.1150623Z });
2026-02-27T09:03:07.1150986Z /* assert on the output */
2026-02-27T09:03:07.1151253Z 
2026-02-27T09:03:07.1152306Z This ensures that you're testing the behavior the user would see in the browser. Learn more at https://reactjs.org/link/wrap-tests-with-act
2026-02-27T09:03:07.1153909Z     at AuthView (/home/runner/work/AndamanBazaarApp/AndamanBazaarApp/tests/unit/auth.test.tsx:14:51)
2026-02-27T09:03:07.1155955Z     at Router (/home/runner/work/AndamanBazaarApp/AndamanBazaarApp/node_modules/react-router/dist/umd/react-router.development.js:1174:17)
2026-02-27T09:03:07.1158082Z     at BrowserRouter (/home/runner/work/AndamanBazaarApp/AndamanBazaarApp/node_modules/react-router-dom/dist/umd/react-router-dom.development.js:694:7)
2026-02-27T09:03:07.1159217Z 
2026-02-27T09:03:07.1174466Z [90mstderr[2m | tests/unit/auth.test.tsx[2m > [22m[2mAuthView Component[2m > [22m[2mvalidates password length[22m[39m
2026-02-27T09:03:07.1175810Z Warning: An update to AuthView inside a test was not wrapped in act(...).
2026-02-27T09:03:07.1176352Z 
2026-02-27T09:03:07.1176924Z When testing, code that causes React state updates should be wrapped into act(...):
2026-02-27T09:03:07.1177515Z 
2026-02-27T09:03:07.1177656Z act(() => {
2026-02-27T09:03:07.1178045Z   /* fire events that update state */
2026-02-27T09:03:07.1178489Z });
2026-02-27T09:03:07.1178835Z /* assert on the output */
2026-02-27T09:03:07.1179095Z 
2026-02-27T09:03:07.1180138Z This ensures that you're testing the behavior the user would see in the browser. Learn more at https://reactjs.org/link/wrap-tests-with-act
2026-02-27T09:03:07.1181909Z     at AuthView (/home/runner/work/AndamanBazaarApp/AndamanBazaarApp/tests/unit/auth.test.tsx:14:51)
2026-02-27T09:03:07.1183599Z     at Router (/home/runner/work/AndamanBazaarApp/AndamanBazaarApp/node_modules/react-router/dist/umd/react-router.development.js:1174:17)
2026-02-27T09:03:07.1185647Z     at BrowserRouter (/home/runner/work/AndamanBazaarApp/AndamanBazaarApp/node_modules/react-router-dom/dist/umd/react-router-dom.development.js:694:7)
2026-02-27T09:03:07.1186746Z 
2026-02-27T09:03:07.1203333Z [90mstderr[2m | tests/unit/auth.test.tsx[2m > [22m[2mAuthView Component[2m > [22m[2mvalidates password length[22m[39m
2026-02-27T09:03:07.1206926Z Warning: An update to AuthView inside a test was not wrapped in act(...).
2026-02-27T09:03:07.1207501Z 
2026-02-27T09:03:07.1208118Z When testing, code that causes React state updates should be wrapped into act(...):
2026-02-27T09:03:07.1208744Z 
2026-02-27T09:03:07.1208949Z act(() => {
2026-02-27T09:03:07.1209375Z   /* fire events that update state */
2026-02-27T09:03:07.1209838Z });
2026-02-27T09:03:07.1210940Z /* assert on the output */
2026-02-27T09:03:07.1211231Z 
2026-02-27T09:03:07.1212323Z This ensures that you're testing the behavior the user would see in the browser. Learn more at https://reactjs.org/link/wrap-tests-with-act
2026-02-27T09:03:07.1214023Z     at AuthView (/home/runner/work/AndamanBazaarApp/AndamanBazaarApp/tests/unit/auth.test.tsx:14:51)
2026-02-27T09:03:07.1215886Z     at Router (/home/runner/work/AndamanBazaarApp/AndamanBazaarApp/node_modules/react-router/dist/umd/react-router.development.js:1174:17)
2026-02-27T09:03:07.1218062Z     at BrowserRouter (/home/runner/work/AndamanBazaarApp/AndamanBazaarApp/node_modules/react-router-dom/dist/umd/react-router-dom.development.js:694:7)
2026-02-27T09:03:07.1219236Z 
2026-02-27T09:03:07.1329393Z [90mstderr[2m | tests/unit/auth.test.tsx[2m > [22m[2mAuthView Component[2m > [22m[2mvalidates password length[22m[39m
2026-02-27T09:03:07.1330244Z Warning: An update to AuthView inside a test was not wrapped in act(...).
2026-02-27T09:03:07.1330869Z 
2026-02-27T09:03:07.1331203Z When testing, code that causes React state updates should be wrapped into act(...):
2026-02-27T09:03:07.1331528Z 
2026-02-27T09:03:07.1331608Z act(() => {
2026-02-27T09:03:07.1331849Z   /* fire events that update state */
2026-02-27T09:03:07.1332099Z });
2026-02-27T09:03:07.1332306Z /* assert on the output */
2026-02-27T09:03:07.1332461Z 
2026-02-27T09:03:07.1333020Z This ensures that you're testing the behavior the user would see in the browser. Learn more at https://reactjs.org/link/wrap-tests-with-act
2026-02-27T09:03:07.1333886Z     at AuthView (/home/runner/work/AndamanBazaarApp/AndamanBazaarApp/tests/unit/auth.test.tsx:14:51)
2026-02-27T09:03:07.1334800Z     at Router (/home/runner/work/AndamanBazaarApp/AndamanBazaarApp/node_modules/react-router/dist/umd/react-router.development.js:1174:17)
2026-02-27T09:03:07.1336234Z     at BrowserRouter (/home/runner/work/AndamanBazaarApp/AndamanBazaarApp/node_modules/react-router-dom/dist/umd/react-router-dom.development.js:694:7)
2026-02-27T09:03:07.1337440Z 
2026-02-27T09:03:07.1540342Z [90mstderr[2m | tests/unit/auth.test.tsx[2m > [22m[2mAuthView Component[2m > [22m[2mshows loading state during submission[22m[39m
2026-02-27T09:03:07.1542422Z Warning: An update to AuthView inside a test was not wrapped in act(...).
2026-02-27T09:03:07.1543005Z 
2026-02-27T09:03:07.1543645Z When testing, code that causes React state updates should be wrapped into act(...):
2026-02-27T09:03:07.1544271Z 
2026-02-27T09:03:07.1544428Z act(() => {
2026-02-27T09:03:07.1544868Z   /* fire events that update state */
2026-02-27T09:03:07.1545328Z });
2026-02-27T09:03:07.1545687Z /* assert on the output */
2026-02-27T09:03:07.1545995Z 
2026-02-27T09:03:07.1547269Z This ensures that you're testing the behavior the user would see in the browser. Learn more at https://reactjs.org/link/wrap-tests-with-act
2026-02-27T09:03:07.1549056Z     at AuthView (/home/runner/work/AndamanBazaarApp/AndamanBazaarApp/tests/unit/auth.test.tsx:14:51)
2026-02-27T09:03:07.1551081Z     at Router (/home/runner/work/AndamanBazaarApp/AndamanBazaarApp/node_modules/react-router/dist/umd/react-router.development.js:1174:17)
2026-02-27T09:03:07.1553266Z     at BrowserRouter (/home/runner/work/AndamanBazaarApp/AndamanBazaarApp/node_modules/react-router-dom/dist/umd/react-router-dom.development.js:694:7)
2026-02-27T09:03:07.1554446Z 
2026-02-27T09:03:07.1590600Z [90mstderr[2m | tests/unit/auth.test.tsx[2m > [22m[2mAuthView Component[2m > [22m[2mshows loading state during submission[22m[39m
2026-02-27T09:03:07.1592355Z Warning: An update to AuthView inside a test was not wrapped in act(...).
2026-02-27T09:03:07.1593845Z 
2026-02-27T09:03:07.1594773Z When testing, code that causes React state updates should be wrapped into act(...):
2026-02-27T09:03:07.1596115Z 
2026-02-27T09:03:07.1596544Z act(() => {
2026-02-27T09:03:07.1598329Z   /* fire events that update state */
2026-02-27T09:03:07.1598847Z });
2026-02-27T09:03:07.1600255Z /* assert on the output */
2026-02-27T09:03:07.1601190Z 
2026-02-27T09:03:07.1602311Z This ensures that you're testing the behavior the user would see in the browser. Learn more at https://reactjs.org/link/wrap-tests-with-act
2026-02-27T09:03:07.1604033Z     at AuthView (/home/runner/work/AndamanBazaarApp/AndamanBazaarApp/tests/unit/auth.test.tsx:14:51)
2026-02-27T09:03:07.1605815Z     at Router (/home/runner/work/AndamanBazaarApp/AndamanBazaarApp/node_modules/react-router/dist/umd/react-router.development.js:1174:17)
2026-02-27T09:03:07.1608009Z     at BrowserRouter (/home/runner/work/AndamanBazaarApp/AndamanBazaarApp/node_modules/react-router-dom/dist/umd/react-router-dom.development.js:694:7)
2026-02-27T09:03:07.1609204Z 
2026-02-27T09:03:07.1610754Z [90mstderr[2m | tests/unit/auth.test.tsx[2m > [22m[2mAuthView Component[2m > [22m[2mshows loading state during submission[22m[39m
2026-02-27T09:03:07.1612289Z Warning: An update to AuthView inside a test was not wrapped in act(...).
2026-02-27T09:03:07.1612839Z 
2026-02-27T09:03:07.1613443Z When testing, code that causes React state updates should be wrapped into act(...):
2026-02-27T09:03:07.1614081Z 
2026-02-27T09:03:07.1614264Z act(() => {
2026-02-27T09:03:07.1614693Z   /* fire events that update state */
2026-02-27T09:03:07.1615173Z });
2026-02-27T09:03:07.1615544Z /* assert on the output */
2026-02-27T09:03:07.1615819Z 
2026-02-27T09:03:07.1616862Z This ensures that you're testing the behavior the user would see in the browser. Learn more at https://reactjs.org/link/wrap-tests-with-act
2026-02-27T09:03:07.1618559Z     at AuthView (/home/runner/work/AndamanBazaarApp/AndamanBazaarApp/tests/unit/auth.test.tsx:14:51)
2026-02-27T09:03:07.1620643Z     at Router (/home/runner/work/AndamanBazaarApp/AndamanBazaarApp/node_modules/react-router/dist/umd/react-router.development.js:1174:17)
2026-02-27T09:03:07.1622997Z     at BrowserRouter (/home/runner/work/AndamanBazaarApp/AndamanBazaarApp/node_modules/react-router-dom/dist/umd/react-router-dom.development.js:694:7)
2026-02-27T09:03:07.1625117Z 
2026-02-27T09:03:07.1626398Z [90mstderr[2m | tests/unit/auth.test.tsx[2m > [22m[2mAuthView Component[2m > [22m[2mshows loading state during submission[22m[39m
2026-02-27T09:03:07.1627865Z Warning: An update to AuthView inside a test was not wrapped in act(...).
2026-02-27T09:03:07.1628439Z 
2026-02-27T09:03:07.1629062Z When testing, code that causes React state updates should be wrapped into act(...):
2026-02-27T09:03:07.1629723Z 
2026-02-27T09:03:07.1629894Z act(() => {
2026-02-27T09:03:07.1630321Z   /* fire events that update state */
2026-02-27T09:03:07.1631993Z });
2026-02-27T09:03:07.1632366Z /* assert on the output */
2026-02-27T09:03:07.1632657Z 
2026-02-27T09:03:07.1633717Z This ensures that you're testing the behavior the user would see in the browser. Learn more at https://reactjs.org/link/wrap-tests-with-act
2026-02-27T09:03:07.1635402Z     at AuthView (/home/runner/work/AndamanBazaarApp/AndamanBazaarApp/tests/unit/auth.test.tsx:14:51)
2026-02-27T09:03:07.1637228Z     at Router (/home/runner/work/AndamanBazaarApp/AndamanBazaarApp/node_modules/react-router/dist/umd/react-router.development.js:1174:17)
2026-02-27T09:03:07.1639469Z     at BrowserRouter (/home/runner/work/AndamanBazaarApp/AndamanBazaarApp/node_modules/react-router-dom/dist/umd/react-router-dom.development.js:694:7)
2026-02-27T09:03:07.1640889Z 
2026-02-27T09:03:07.1664786Z [90mstderr[2m | tests/unit/auth.test.tsx[2m > [22m[2mAuthView Component[2m > [22m[2mshows loading state during submission[22m[39m
2026-02-27T09:03:07.1670243Z Warning: An update to AuthView inside a test was not wrapped in act(...).
2026-02-27T09:03:07.1671219Z 
2026-02-27T09:03:07.1671772Z When testing, code that causes React state updates should be wrapped into act(...):
2026-02-27T09:03:07.1672323Z 
2026-02-27T09:03:07.1672451Z act(() => {
2026-02-27T09:03:07.1672811Z   /* fire events that update state */
2026-02-27T09:03:07.1673260Z });
2026-02-27T09:03:07.1673595Z /* assert on the output */
2026-02-27T09:03:07.1673853Z 
2026-02-27T09:03:07.1674795Z This ensures that you're testing the behavior the user would see in the browser. Learn more at https://reactjs.org/link/wrap-tests-with-act
2026-02-27T09:03:07.1676955Z     at AuthView (/home/runner/work/AndamanBazaarApp/AndamanBazaarApp/tests/unit/auth.test.tsx:14:51)
2026-02-27T09:03:07.1678691Z     at Router (/home/runner/work/AndamanBazaarApp/AndamanBazaarApp/node_modules/react-router/dist/umd/react-router.development.js:1174:17)
2026-02-27T09:03:07.1681926Z     at BrowserRouter (/home/runner/work/AndamanBazaarApp/AndamanBazaarApp/node_modules/react-router-dom/dist/umd/react-router-dom.development.js:694:7)
2026-02-27T09:03:07.1683166Z 
2026-02-27T09:03:07.1702767Z [90mstderr[2m | tests/unit/auth.test.tsx[2m > [22m[2mAuthView Component[2m > [22m[2mshows loading state during submission[22m[39m
2026-02-27T09:03:07.1705716Z Warning: An update to AuthView inside a test was not wrapped in act(...).
2026-02-27T09:03:07.1715409Z 
2026-02-27T09:03:07.1719824Z When testing, code that causes React state updates should be wrapped into act(...):
2026-02-27T09:03:07.1722690Z 
2026-02-27T09:03:07.1722872Z act(() => {
2026-02-27T09:03:07.1725009Z   /* fire events that update state */
2026-02-27T09:03:07.1726364Z });
2026-02-27T09:03:07.1726747Z /* assert on the output */
2026-02-27T09:03:07.1727038Z 
2026-02-27T09:03:07.1728090Z This ensures that you're testing the behavior the user would see in the browser. Learn more at https://reactjs.org/link/wrap-tests-with-act
2026-02-27T09:03:07.1729785Z     at AuthView (/home/runner/work/AndamanBazaarApp/AndamanBazaarApp/tests/unit/auth.test.tsx:14:51)
2026-02-27T09:03:07.1731739Z     at Router (/home/runner/work/AndamanBazaarApp/AndamanBazaarApp/node_modules/react-router/dist/umd/react-router.development.js:1174:17)
2026-02-27T09:03:07.1734298Z     at BrowserRouter (/home/runner/work/AndamanBazaarApp/AndamanBazaarApp/node_modules/react-router-dom/dist/umd/react-router-dom.development.js:694:7)
2026-02-27T09:03:07.1735508Z 
2026-02-27T09:03:07.1736864Z [90mstderr[2m | tests/unit/auth.test.tsx[2m > [22m[2mAuthView Component[2m > [22m[2mshows loading state during submission[22m[39m
2026-02-27T09:03:07.1738354Z Warning: An update to AuthView inside a test was not wrapped in act(...).
2026-02-27T09:03:07.1738902Z 
2026-02-27T09:03:07.1739487Z When testing, code that causes React state updates should be wrapped into act(...):
2026-02-27T09:03:07.1740087Z 
2026-02-27T09:03:07.1740232Z act(() => {
2026-02-27T09:03:07.1740870Z   /* fire events that update state */
2026-02-27T09:03:07.1741339Z });
2026-02-27T09:03:07.1741701Z /* assert on the output */
2026-02-27T09:03:07.1741974Z 
2026-02-27T09:03:07.1742996Z This ensures that you're testing the behavior the user would see in the browser. Learn more at https://reactjs.org/link/wrap-tests-with-act
2026-02-27T09:03:07.1744632Z     at AuthView (/home/runner/work/AndamanBazaarApp/AndamanBazaarApp/tests/unit/auth.test.tsx:14:51)
2026-02-27T09:03:07.1746367Z     at Router (/home/runner/work/AndamanBazaarApp/AndamanBazaarApp/node_modules/react-router/dist/umd/react-router.development.js:1174:17)
2026-02-27T09:03:07.1748489Z     at BrowserRouter (/home/runner/work/AndamanBazaarApp/AndamanBazaarApp/node_modules/react-router-dom/dist/umd/react-router-dom.development.js:694:7)
2026-02-27T09:03:07.1749608Z 
2026-02-27T09:03:07.1777914Z [90mstderr[2m | tests/unit/auth.test.tsx[2m > [22m[2mAuthView Component[2m > [22m[2mshows loading state during submission[22m[39m
2026-02-27T09:03:07.1780034Z Warning: An update to AuthView inside a test was not wrapped in act(...).
2026-02-27T09:03:07.1780779Z 
2026-02-27T09:03:07.1781355Z When testing, code that causes React state updates should be wrapped into act(...):
2026-02-27T09:03:07.1781946Z 
2026-02-27T09:03:07.1782086Z act(() => {
2026-02-27T09:03:07.1782486Z   /* fire events that update state */
2026-02-27T09:03:07.1782940Z });
2026-02-27T09:03:07.1783309Z /* assert on the output */
2026-02-27T09:03:07.1783591Z 
2026-02-27T09:03:07.1784632Z This ensures that you're testing the behavior the user would see in the browser. Learn more at https://reactjs.org/link/wrap-tests-with-act
2026-02-27T09:03:07.1786679Z     at AuthView (/home/runner/work/AndamanBazaarApp/AndamanBazaarApp/tests/unit/auth.test.tsx:14:51)
2026-02-27T09:03:07.1788378Z     at Router (/home/runner/work/AndamanBazaarApp/AndamanBazaarApp/node_modules/react-router/dist/umd/react-router.development.js:1174:17)
2026-02-27T09:03:07.1790655Z     at BrowserRouter (/home/runner/work/AndamanBazaarApp/AndamanBazaarApp/node_modules/react-router-dom/dist/umd/react-router-dom.development.js:694:7)
2026-02-27T09:03:07.1791791Z 
2026-02-27T09:03:07.1793079Z [90mstderr[2m | tests/unit/auth.test.tsx[2m > [22m[2mAuthView Component[2m > [22m[2mshows loading state during submission[22m[39m
2026-02-27T09:03:07.1794478Z Warning: An update to AuthView inside a test was not wrapped in act(...).
2026-02-27T09:03:07.1795029Z 
2026-02-27T09:03:07.1795627Z When testing, code that causes React state updates should be wrapped into act(...):
2026-02-27T09:03:07.1796236Z 
2026-02-27T09:03:07.1796375Z act(() => {
2026-02-27T09:03:07.1796777Z   /* fire events that update state */
2026-02-27T09:03:07.1797223Z });
2026-02-27T09:03:07.1797571Z /* assert on the output */
2026-02-27T09:03:07.1797833Z 
2026-02-27T09:03:07.1798819Z This ensures that you're testing the behavior the user would see in the browser. Learn more at https://reactjs.org/link/wrap-tests-with-act
2026-02-27T09:03:07.1800581Z     at AuthView (/home/runner/work/AndamanBazaarApp/AndamanBazaarApp/tests/unit/auth.test.tsx:14:51)
2026-02-27T09:03:07.1802242Z     at Router (/home/runner/work/AndamanBazaarApp/AndamanBazaarApp/node_modules/react-router/dist/umd/react-router.development.js:1174:17)
2026-02-27T09:03:07.1804349Z     at BrowserRouter (/home/runner/work/AndamanBazaarApp/AndamanBazaarApp/node_modules/react-router-dom/dist/umd/react-router-dom.development.js:694:7)
2026-02-27T09:03:07.1805798Z 
2026-02-27T09:03:07.1807078Z [90mstderr[2m | tests/unit/auth.test.tsx[2m > [22m[2mAuthView Component[2m > [22m[2mshows loading state during submission[22m[39m
2026-02-27T09:03:07.1808471Z Warning: An update to AuthView inside a test was not wrapped in act(...).
2026-02-27T09:03:07.1808999Z 
2026-02-27T09:03:07.1809605Z When testing, code that causes React state updates should be wrapped into act(...):
2026-02-27T09:03:07.1810205Z 
2026-02-27T09:03:07.1810566Z act(() => {
2026-02-27T09:03:07.1810995Z   /* fire events that update state */
2026-02-27T09:03:07.1811453Z });
2026-02-27T09:03:07.1811796Z /* assert on the output */
2026-02-27T09:03:07.1812065Z 
2026-02-27T09:03:07.1813116Z This ensures that you're testing the behavior the user would see in the browser. Learn more at https://reactjs.org/link/wrap-tests-with-act
2026-02-27T09:03:07.1814716Z     at AuthView (/home/runner/work/AndamanBazaarApp/AndamanBazaarApp/tests/unit/auth.test.tsx:14:51)
2026-02-27T09:03:07.1816498Z     at Router (/home/runner/work/AndamanBazaarApp/AndamanBazaarApp/node_modules/react-router/dist/umd/react-router.development.js:1174:17)
2026-02-27T09:03:07.1818599Z     at BrowserRouter (/home/runner/work/AndamanBazaarApp/AndamanBazaarApp/node_modules/react-router-dom/dist/umd/react-router-dom.development.js:694:7)
2026-02-27T09:03:07.1819720Z 
2026-02-27T09:03:07.1861756Z [90mstderr[2m | tests/unit/auth.test.tsx[2m > [22m[2mAuthView Component[2m > [22m[2mshows loading state during submission[22m[39m
2026-02-27T09:03:07.1863712Z Warning: An update to AuthView inside a test was not wrapped in act(...).
2026-02-27T09:03:07.1864266Z 
2026-02-27T09:03:07.1864870Z When testing, code that causes React state updates should be wrapped into act(...):
2026-02-27T09:03:07.1865457Z 
2026-02-27T09:03:07.1865601Z act(() => {
2026-02-27T09:03:07.1865997Z   /* fire events that update state */
2026-02-27T09:03:07.1866454Z });
2026-02-27T09:03:07.1866776Z /* assert on the output */
2026-02-27T09:03:07.1867041Z 
2026-02-27T09:03:07.1868142Z This ensures that you're testing the behavior the user would see in the browser. Learn more at https://reactjs.org/link/wrap-tests-with-act
2026-02-27T09:03:07.1883338Z     at AuthView (/home/runner/work/AndamanBazaarApp/AndamanBazaarApp/tests/unit/auth.test.tsx:14:51)
2026-02-27T09:03:07.1885082Z     at Router (/home/runner/work/AndamanBazaarApp/AndamanBazaarApp/node_modules/react-router/dist/umd/react-router.development.js:1174:17)
2026-02-27T09:03:07.1887184Z     at BrowserRouter (/home/runner/work/AndamanBazaarApp/AndamanBazaarApp/node_modules/react-router-dom/dist/umd/react-router-dom.development.js:694:7)
2026-02-27T09:03:07.1888298Z 
2026-02-27T09:03:07.1889573Z [90mstderr[2m | tests/unit/auth.test.tsx[2m > [22m[2mAuthView Component[2m > [22m[2mshows loading state during submission[22m[39m
2026-02-27T09:03:07.1891176Z Warning: An update to AuthView inside a test was not wrapped in act(...).
2026-02-27T09:03:07.1891710Z 
2026-02-27T09:03:07.1892311Z When testing, code that causes React state updates should be wrapped into act(...):
2026-02-27T09:03:07.1892917Z 
2026-02-27T09:03:07.1893088Z act(() => {
2026-02-27T09:03:07.1893485Z   /* fire events that update state */
2026-02-27T09:03:07.1893931Z });
2026-02-27T09:03:07.1894290Z /* assert on the output */
2026-02-27T09:03:07.1894546Z 
2026-02-27T09:03:07.1895610Z This ensures that you're testing the behavior the user would see in the browser. Learn more at https://reactjs.org/link/wrap-tests-with-act
2026-02-27T09:03:07.1897229Z     at AuthView (/home/runner/work/AndamanBazaarApp/AndamanBazaarApp/tests/unit/auth.test.tsx:14:51)
2026-02-27T09:03:07.1898943Z     at Router (/home/runner/work/AndamanBazaarApp/AndamanBazaarApp/node_modules/react-router/dist/umd/react-router.development.js:1174:17)
2026-02-27T09:03:07.1901214Z     at BrowserRouter (/home/runner/work/AndamanBazaarApp/AndamanBazaarApp/node_modules/react-router-dom/dist/umd/react-router-dom.development.js:694:7)
2026-02-27T09:03:07.1902362Z 
2026-02-27T09:03:07.1910269Z [90mstderr[2m | tests/unit/auth.test.tsx[2m > [22m[2mAuthView Component[2m > [22m[2mshows loading state during submission[22m[39m
2026-02-27T09:03:07.1912080Z Warning: An update to AuthView inside a test was not wrapped in act(...).
2026-02-27T09:03:07.1912673Z 
2026-02-27T09:03:07.1913293Z When testing, code that causes React state updates should be wrapped into act(...):
2026-02-27T09:03:07.1913908Z 
2026-02-27T09:03:07.1914068Z act(() => {
2026-02-27T09:03:07.1914476Z   /* fire events that update state */
2026-02-27T09:03:07.1914951Z });
2026-02-27T09:03:07.1915329Z /* assert on the output */
2026-02-27T09:03:07.1915673Z 
2026-02-27T09:03:07.1916725Z This ensures that you're testing the behavior the user would see in the browser. Learn more at https://reactjs.org/link/wrap-tests-with-act
2026-02-27T09:03:07.1917646Z     at AuthView (/home/runner/work/AndamanBazaarApp/AndamanBazaarApp/tests/unit/auth.test.tsx:14:51)
2026-02-27T09:03:07.1918555Z     at Router (/home/runner/work/AndamanBazaarApp/AndamanBazaarApp/node_modules/react-router/dist/umd/react-router.development.js:1174:17)
2026-02-27T09:03:07.1919652Z     at BrowserRouter (/home/runner/work/AndamanBazaarApp/AndamanBazaarApp/node_modules/react-router-dom/dist/umd/react-router-dom.development.js:694:7)
2026-02-27T09:03:07.1920237Z 
2026-02-27T09:03:07.1931447Z [90mstderr[2m | tests/unit/auth.test.tsx[2m > [22m[2mAuthView Component[2m > [22m[2mshows loading state during submission[22m[39m
2026-02-27T09:03:07.1937806Z Warning: An update to AuthView inside a test was not wrapped in act(...).
2026-02-27T09:03:07.1938395Z 
2026-02-27T09:03:07.1939015Z When testing, code that causes React state updates should be wrapped into act(...):
2026-02-27T09:03:07.1939660Z 
2026-02-27T09:03:07.1939832Z act(() => {
2026-02-27T09:03:07.1940238Z   /* fire events that update state */
2026-02-27T09:03:07.1940728Z });
2026-02-27T09:03:07.1940941Z /* assert on the output */
2026-02-27T09:03:07.1941104Z 
2026-02-27T09:03:07.1941682Z This ensures that you're testing the behavior the user would see in the browser. Learn more at https://reactjs.org/link/wrap-tests-with-act
2026-02-27T09:03:07.1942788Z     at AuthView (/home/runner/work/AndamanBazaarApp/AndamanBazaarApp/tests/unit/auth.test.tsx:14:51)
2026-02-27T09:03:07.1943688Z     at Router (/home/runner/work/AndamanBazaarApp/AndamanBazaarApp/node_modules/react-router/dist/umd/react-router.development.js:1174:17)
2026-02-27T09:03:07.1944770Z     at BrowserRouter (/home/runner/work/AndamanBazaarApp/AndamanBazaarApp/node_modules/react-router-dom/dist/umd/react-router-dom.development.js:694:7)
2026-02-27T09:03:07.1945346Z 
2026-02-27T09:03:07.1976780Z [90mstderr[2m | tests/unit/auth.test.tsx[2m > [22m[2mAuthView Component[2m > [22m[2mshows loading state during submission[22m[39m
2026-02-27T09:03:07.1978973Z Warning: An update to AuthView inside a test was not wrapped in act(...).
2026-02-27T09:03:07.1979655Z 
2026-02-27T09:03:07.1980605Z When testing, code that causes React state updates should be wrapped into act(...):
2026-02-27T09:03:07.1981647Z 
2026-02-27T09:03:07.1981957Z act(() => {
2026-02-27T09:03:07.1982574Z   /* fire events that update state */
2026-02-27T09:03:07.1983215Z });
2026-02-27T09:03:07.1983742Z /* assert on the output */
2026-02-27T09:03:07.1984323Z 
2026-02-27T09:03:07.1985460Z This ensures that you're testing the behavior the user would see in the browser. Learn more at https://reactjs.org/link/wrap-tests-with-act
2026-02-27T09:03:07.1990878Z     at AuthView (/home/runner/work/AndamanBazaarApp/AndamanBazaarApp/tests/unit/auth.test.tsx:14:51)
2026-02-27T09:03:07.1994309Z     at Router (/home/runner/work/AndamanBazaarApp/AndamanBazaarApp/node_modules/react-router/dist/umd/react-router.development.js:1174:17)
2026-02-27T09:03:07.1996359Z     at BrowserRouter (/home/runner/work/AndamanBazaarApp/AndamanBazaarApp/node_modules/react-router-dom/dist/umd/react-router-dom.development.js:694:7)
2026-02-27T09:03:07.1997401Z 
2026-02-27T09:03:07.1998924Z [90mstderr[2m | tests/unit/auth.test.tsx[2m > [22m[2mAuthView Component[2m > [22m[2mshows loading state during submission[22m[39m
2026-02-27T09:03:07.2000306Z Warning: An update to AuthView inside a test was not wrapped in act(...).
2026-02-27T09:03:07.2000958Z 
2026-02-27T09:03:07.2001510Z When testing, code that causes React state updates should be wrapped into act(...):
2026-02-27T09:03:07.2002090Z 
2026-02-27T09:03:07.2002243Z act(() => {
2026-02-27T09:03:07.2002611Z   /* fire events that update state */
2026-02-27T09:03:07.2003022Z });
2026-02-27T09:03:07.2003348Z /* assert on the output */
2026-02-27T09:03:07.2003594Z 
2026-02-27T09:03:07.2004627Z This ensures that you're testing the behavior the user would see in the browser. Learn more at https://reactjs.org/link/wrap-tests-with-act
2026-02-27T09:03:07.2006337Z     at AuthView (/home/runner/work/AndamanBazaarApp/AndamanBazaarApp/tests/unit/auth.test.tsx:14:51)
2026-02-27T09:03:07.2008175Z     at Router (/home/runner/work/AndamanBazaarApp/AndamanBazaarApp/node_modules/react-router/dist/umd/react-router.development.js:1174:17)
2026-02-27T09:03:07.2010613Z     at BrowserRouter (/home/runner/work/AndamanBazaarApp/AndamanBazaarApp/node_modules/react-router-dom/dist/umd/react-router-dom.development.js:694:7)
2026-02-27T09:03:07.2043099Z 
2026-02-27T09:03:07.2130075Z [90mstderr[2m | tests/unit/auth.test.tsx[2m > [22m[2mAuthView Component[2m > [22m[2mshows loading state during submission[22m[39m
2026-02-27T09:03:07.2131815Z Warning: An update to AuthView inside a test was not wrapped in act(...).
2026-02-27T09:03:07.2132341Z 
2026-02-27T09:03:07.2132954Z When testing, code that causes React state updates should be wrapped into act(...):
2026-02-27T09:03:07.2133594Z 
2026-02-27T09:03:07.2133757Z act(() => {
2026-02-27T09:03:07.2134183Z   /* fire events that update state */
2026-02-27T09:03:07.2134662Z });
2026-02-27T09:03:07.2135016Z /* assert on the output */
2026-02-27T09:03:07.2135273Z 
2026-02-27T09:03:07.2136376Z This ensures that you're testing the behavior the user would see in the browser. Learn more at https://reactjs.org/link/wrap-tests-with-act
2026-02-27T09:03:07.2138010Z     at AuthView (/home/runner/work/AndamanBazaarApp/AndamanBazaarApp/tests/unit/auth.test.tsx:14:51)
2026-02-27T09:03:07.2140282Z     at Router (/home/runner/work/AndamanBazaarApp/AndamanBazaarApp/node_modules/react-router/dist/umd/react-router.development.js:1174:17)
2026-02-27T09:03:07.2142735Z     at BrowserRouter (/home/runner/work/AndamanBazaarApp/AndamanBazaarApp/node_modules/react-router-dom/dist/umd/react-router-dom.development.js:694:7)
2026-02-27T09:03:07.2143938Z 
2026-02-27T09:03:07.2149052Z [90mstderr[2m | tests/unit/auth.test.tsx[2m > [22m[2mAuthView Component[2m > [22m[2mshows loading state during submission[22m[39m
2026-02-27T09:03:07.2150798Z Warning: An update to AuthView inside a test was not wrapped in act(...).
2026-02-27T09:03:07.2151334Z 
2026-02-27T09:03:07.2151920Z When testing, code that causes React state updates should be wrapped into act(...):
2026-02-27T09:03:07.2152523Z 
2026-02-27T09:03:07.2152679Z act(() => {
2026-02-27T09:03:07.2153074Z   /* fire events that update state */
2026-02-27T09:03:07.2153548Z });
2026-02-27T09:03:07.2153901Z /* assert on the output */
2026-02-27T09:03:07.2154174Z 
2026-02-27T09:03:07.2155263Z This ensures that you're testing the behavior the user would see in the browser. Learn more at https://reactjs.org/link/wrap-tests-with-act
2026-02-27T09:03:07.2156884Z     at AuthView (/home/runner/work/AndamanBazaarApp/AndamanBazaarApp/tests/unit/auth.test.tsx:14:51)
2026-02-27T09:03:07.2158606Z     at Router (/home/runner/work/AndamanBazaarApp/AndamanBazaarApp/node_modules/react-router/dist/umd/react-router.development.js:1174:17)
2026-02-27T09:03:07.2160893Z     at BrowserRouter (/home/runner/work/AndamanBazaarApp/AndamanBazaarApp/node_modules/react-router-dom/dist/umd/react-router-dom.development.js:694:7)
2026-02-27T09:03:07.2162067Z 
2026-02-27T09:03:07.2189370Z [90mstderr[2m | tests/unit/auth.test.tsx[2m > [22m[2mAuthView Component[2m > [22m[2mshows loading state during submission[22m[39m
2026-02-27T09:03:07.2191066Z Warning: An update to AuthView inside a test was not wrapped in act(...).
2026-02-27T09:03:07.2191672Z 
2026-02-27T09:03:07.2192269Z When testing, code that causes React state updates should be wrapped into act(...):
2026-02-27T09:03:07.2192863Z 
2026-02-27T09:03:07.2193022Z act(() => {
2026-02-27T09:03:07.2193444Z   /* fire events that update state */
2026-02-27T09:03:07.2193914Z });
2026-02-27T09:03:07.2194299Z /* assert on the output */
2026-02-27T09:03:07.2194588Z 
2026-02-27T09:03:07.2209366Z This ensures that you're testing the behavior the user would see in the browser. Learn more at https://reactjs.org/link/wrap-tests-with-act
2026-02-27T09:03:07.2211310Z     at AuthView (/home/runner/work/AndamanBazaarApp/AndamanBazaarApp/tests/unit/auth.test.tsx:14:51)
2026-02-27T09:03:07.2213143Z     at Router (/home/runner/work/AndamanBazaarApp/AndamanBazaarApp/node_modules/react-router/dist/umd/react-router.development.js:1174:17)
2026-02-27T09:03:07.2215364Z     at BrowserRouter (/home/runner/work/AndamanBazaarApp/AndamanBazaarApp/node_modules/react-router-dom/dist/umd/react-router-dom.development.js:694:7)
2026-02-27T09:03:07.2216579Z 
2026-02-27T09:03:07.2245253Z [90mstderr[2m | tests/unit/auth.test.tsx[2m > [22m[2mAuthView Component[2m > [22m[2mshows loading state during submission[22m[39m
2026-02-27T09:03:07.2246701Z Warning: An update to AuthView inside a test was not wrapped in act(...).
2026-02-27T09:03:07.2247247Z 
2026-02-27T09:03:07.2247855Z When testing, code that causes React state updates should be wrapped into act(...):
2026-02-27T09:03:07.2248472Z 
2026-02-27T09:03:07.2248615Z act(() => {
2026-02-27T09:03:07.2249022Z   /* fire events that update state */
2026-02-27T09:03:07.2249471Z });
2026-02-27T09:03:07.2249829Z /* assert on the output */
2026-02-27T09:03:07.2250109Z 
2026-02-27T09:03:07.2251383Z This ensures that you're testing the behavior the user would see in the browser. Learn more at https://reactjs.org/link/wrap-tests-with-act
2026-02-27T09:03:07.2252966Z     at AuthView (/home/runner/work/AndamanBazaarApp/AndamanBazaarApp/tests/unit/auth.test.tsx:14:51)
2026-02-27T09:03:07.2255055Z     at Router (/home/runner/work/AndamanBazaarApp/AndamanBazaarApp/node_modules/react-router/dist/umd/react-router.development.js:1174:17)
2026-02-27T09:03:07.2257174Z     at BrowserRouter (/home/runner/work/AndamanBazaarApp/AndamanBazaarApp/node_modules/react-router-dom/dist/umd/react-router-dom.development.js:694:7)
2026-02-27T09:03:07.2258366Z 
2026-02-27T09:03:07.2277096Z [90mstderr[2m | tests/unit/auth.test.tsx[2m > [22m[2mAuthView Component[2m > [22m[2mshows loading state during submission[22m[39m
2026-02-27T09:03:07.2278614Z Warning: An update to AuthView inside a test was not wrapped in act(...).
2026-02-27T09:03:07.2279191Z 
2026-02-27T09:03:07.2279798Z When testing, code that causes React state updates should be wrapped into act(...):
2026-02-27T09:03:07.2280659Z 
2026-02-27T09:03:07.2280850Z act(() => {
2026-02-27T09:03:07.2281294Z   /* fire events that update state */
2026-02-27T09:03:07.2281777Z });
2026-02-27T09:03:07.2282182Z /* assert on the output */
2026-02-27T09:03:07.2282481Z 
2026-02-27T09:03:07.2283560Z This ensures that you're testing the behavior the user would see in the browser. Learn more at https://reactjs.org/link/wrap-tests-with-act
2026-02-27T09:03:07.2285464Z     at AuthView (/home/runner/work/AndamanBazaarApp/AndamanBazaarApp/tests/unit/auth.test.tsx:14:51)
2026-02-27T09:03:07.2287270Z     at Router (/home/runner/work/AndamanBazaarApp/AndamanBazaarApp/node_modules/react-router/dist/umd/react-router.development.js:1174:17)
2026-02-27T09:03:07.2289497Z     at BrowserRouter (/home/runner/work/AndamanBazaarApp/AndamanBazaarApp/node_modules/react-router-dom/dist/umd/react-router-dom.development.js:694:7)
2026-02-27T09:03:07.2290886Z 
2026-02-27T09:03:07.2292578Z [90mstderr[2m | tests/unit/auth.test.tsx[2m > [22m[2mAuthView Component[2m > [22m[2mshows loading state during submission[22m[39m
2026-02-27T09:03:07.2294108Z Warning: An update to AuthView inside a test was not wrapped in act(...).
2026-02-27T09:03:07.2294700Z 
2026-02-27T09:03:07.2295313Z When testing, code that causes React state updates should be wrapped into act(...):
2026-02-27T09:03:07.2295950Z 
2026-02-27T09:03:07.2296110Z act(() => {
2026-02-27T09:03:07.2296551Z   /* fire events that update state */
2026-02-27T09:03:07.2297024Z });
2026-02-27T09:03:07.2297388Z /* assert on the output */
2026-02-27T09:03:07.2297673Z 
2026-02-27T09:03:07.2298741Z This ensures that you're testing the behavior the user would see in the browser. Learn more at https://reactjs.org/link/wrap-tests-with-act
2026-02-27T09:03:07.2300597Z     at AuthView (/home/runner/work/AndamanBazaarApp/AndamanBazaarApp/tests/unit/auth.test.tsx:14:51)
2026-02-27T09:03:07.2302404Z     at Router (/home/runner/work/AndamanBazaarApp/AndamanBazaarApp/node_modules/react-router/dist/umd/react-router.development.js:1174:17)
2026-02-27T09:03:07.2304508Z     at BrowserRouter (/home/runner/work/AndamanBazaarApp/AndamanBazaarApp/node_modules/react-router-dom/dist/umd/react-router-dom.development.js:694:7)
2026-02-27T09:03:07.2305667Z 
2026-02-27T09:03:07.2334409Z [90mstderr[2m | tests/unit/auth.test.tsx[2m > [22m[2mAuthView Component[2m > [22m[2mshows loading state during submission[22m[39m
2026-02-27T09:03:07.2335858Z Warning: An update to AuthView inside a test was not wrapped in act(...).
2026-02-27T09:03:07.2336416Z 
2026-02-27T09:03:07.2337024Z When testing, code that causes React state updates should be wrapped into act(...):
2026-02-27T09:03:07.2337655Z 
2026-02-27T09:03:07.2337812Z act(() => {
2026-02-27T09:03:07.2338208Z   /* fire events that update state */
2026-02-27T09:03:07.2338673Z });
2026-02-27T09:03:07.2339027Z /* assert on the output */
2026-02-27T09:03:07.2339323Z 
2026-02-27T09:03:07.2340604Z This ensures that you're testing the behavior the user would see in the browser. Learn more at https://reactjs.org/link/wrap-tests-with-act
2026-02-27T09:03:07.2342347Z     at AuthView (/home/runner/work/AndamanBazaarApp/AndamanBazaarApp/tests/unit/auth.test.tsx:14:51)
2026-02-27T09:03:07.2344592Z     at Router (/home/runner/work/AndamanBazaarApp/AndamanBazaarApp/node_modules/react-router/dist/umd/react-router.development.js:1174:17)
2026-02-27T09:03:07.2346794Z     at BrowserRouter (/home/runner/work/AndamanBazaarApp/AndamanBazaarApp/node_modules/react-router-dom/dist/umd/react-router-dom.development.js:694:7)
2026-02-27T09:03:07.2347867Z 
2026-02-27T09:03:07.2366686Z [90mstderr[2m | tests/unit/auth.test.tsx[2m > [22m[2mAuthView Component[2m > [22m[2mshows loading state during submission[22m[39m
2026-02-27T09:03:07.2368092Z Warning: An update to AuthView inside a test was not wrapped in act(...).
2026-02-27T09:03:07.2368609Z 
2026-02-27T09:03:07.2370029Z When testing, code that causes React state updates should be wrapped into act(...):
2026-02-27T09:03:07.2371112Z 
2026-02-27T09:03:07.2372656Z act(() => {
2026-02-27T09:03:07.2378045Z   /* fire events that update state */
2026-02-27T09:03:07.2379320Z });
2026-02-27T09:03:07.2381588Z /* assert on the output */
2026-02-27T09:03:07.2382338Z 
2026-02-27T09:03:07.2383600Z This ensures that you're testing the behavior the user would see in the browser. Learn more at https://reactjs.org/link/wrap-tests-with-act
2026-02-27T09:03:07.2385462Z     at AuthView (/home/runner/work/AndamanBazaarApp/AndamanBazaarApp/tests/unit/auth.test.tsx:14:51)
2026-02-27T09:03:07.2389915Z     at Router (/home/runner/work/AndamanBazaarApp/AndamanBazaarApp/node_modules/react-router/dist/umd/react-router.development.js:1174:17)
2026-02-27T09:03:07.2392243Z     at BrowserRouter (/home/runner/work/AndamanBazaarApp/AndamanBazaarApp/node_modules/react-router-dom/dist/umd/react-router-dom.development.js:694:7)
2026-02-27T09:03:07.2393389Z 
2026-02-27T09:03:07.2401791Z [90mstderr[2m | tests/unit/auth.test.tsx[2m > [22m[2mAuthView Component[2m > [22m[2mshows loading state during submission[22m[39m
2026-02-27T09:03:07.2403677Z Warning: An update to AuthView inside a test was not wrapped in act(...).
2026-02-27T09:03:07.2404317Z 
2026-02-27T09:03:07.2404952Z When testing, code that causes React state updates should be wrapped into act(...):
2026-02-27T09:03:07.2405583Z 
2026-02-27T09:03:07.2405750Z act(() => {
2026-02-27T09:03:07.2406162Z   /* fire events that update state */
2026-02-27T09:03:07.2406631Z });
2026-02-27T09:03:07.2407004Z /* assert on the output */
2026-02-27T09:03:07.2407286Z 
2026-02-27T09:03:07.2408343Z This ensures that you're testing the behavior the user would see in the browser. Learn more at https://reactjs.org/link/wrap-tests-with-act
2026-02-27T09:03:07.2409998Z     at AuthView (/home/runner/work/AndamanBazaarApp/AndamanBazaarApp/tests/unit/auth.test.tsx:14:51)
2026-02-27T09:03:07.2412000Z     at Router (/home/runner/work/AndamanBazaarApp/AndamanBazaarApp/node_modules/react-router/dist/umd/react-router.development.js:1174:17)
2026-02-27T09:03:07.2414171Z     at BrowserRouter (/home/runner/work/AndamanBazaarApp/AndamanBazaarApp/node_modules/react-router-dom/dist/umd/react-router-dom.development.js:694:7)
2026-02-27T09:03:07.2415357Z 
2026-02-27T09:03:07.2422323Z [90mstderr[2m | tests/unit/auth.test.tsx[2m > [22m[2mAuthView Component[2m > [22m[2mshows loading state during submission[22m[39m
2026-02-27T09:03:07.2431539Z Warning: An update to AuthView inside a test was not wrapped in act(...).
2026-02-27T09:03:07.2432126Z 
2026-02-27T09:03:07.2432743Z When testing, code that causes React state updates should be wrapped into act(...):
2026-02-27T09:03:07.2433373Z 
2026-02-27T09:03:07.2433527Z act(() => {
2026-02-27T09:03:07.2433958Z   /* fire events that update state */
2026-02-27T09:03:07.2434423Z });
2026-02-27T09:03:07.2434755Z /* assert on the output */
2026-02-27T09:03:07.2434984Z 
2026-02-27T09:03:07.2435865Z This ensures that you're testing the behavior the user would see in the browser. Learn more at https://reactjs.org/link/wrap-tests-with-act
2026-02-27T09:03:07.2437481Z     at AuthView (/home/runner/work/AndamanBazaarApp/AndamanBazaarApp/tests/unit/auth.test.tsx:14:51)
2026-02-27T09:03:07.2439226Z     at Router (/home/runner/work/AndamanBazaarApp/AndamanBazaarApp/node_modules/react-router/dist/umd/react-router.development.js:1174:17)
2026-02-27T09:03:07.2442208Z     at BrowserRouter (/home/runner/work/AndamanBazaarApp/AndamanBazaarApp/node_modules/react-router-dom/dist/umd/react-router-dom.development.js:694:7)
2026-02-27T09:03:07.2443390Z 
2026-02-27T09:03:07.2475502Z [90mstderr[2m | tests/unit/auth.test.tsx[2m > [22m[2mAuthView Component[2m > [22m[2mshows loading state during submission[22m[39m
2026-02-27T09:03:07.2480314Z Warning: An update to AuthView inside a test was not wrapped in act(...).
2026-02-27T09:03:07.2481074Z 
2026-02-27T09:03:07.2481690Z When testing, code that causes React state updates should be wrapped into act(...):
2026-02-27T09:03:07.2482592Z 
2026-02-27T09:03:07.2482753Z act(() => {
2026-02-27T09:03:07.2483154Z   /* fire events that update state */
2026-02-27T09:03:07.2483621Z });
2026-02-27T09:03:07.2483959Z /* assert on the output */
2026-02-27T09:03:07.2484226Z 
2026-02-27T09:03:07.2485254Z This ensures that you're testing the behavior the user would see in the browser. Learn more at https://reactjs.org/link/wrap-tests-with-act
2026-02-27T09:03:07.2486954Z     at AuthView (/home/runner/work/AndamanBazaarApp/AndamanBazaarApp/tests/unit/auth.test.tsx:14:51)
2026-02-27T09:03:07.2488789Z     at Router (/home/runner/work/AndamanBazaarApp/AndamanBazaarApp/node_modules/react-router/dist/umd/react-router.development.js:1174:17)
2026-02-27T09:03:07.2491226Z     at BrowserRouter (/home/runner/work/AndamanBazaarApp/AndamanBazaarApp/node_modules/react-router-dom/dist/umd/react-router-dom.development.js:694:7)
2026-02-27T09:03:07.2492414Z 
2026-02-27T09:03:07.2554310Z [90mstderr[2m | tests/unit/auth.test.tsx[2m > [22m[2mAuthView Component[2m > [22m[2mshows loading state during submission[22m[39m
2026-02-27T09:03:07.2556105Z Warning: An update to AuthView inside a test was not wrapped in act(...).
2026-02-27T09:03:07.2556666Z 
2026-02-27T09:03:07.2557245Z When testing, code that causes React state updates should be wrapped into act(...):
2026-02-27T09:03:07.2557818Z 
2026-02-27T09:03:07.2557956Z act(() => {
2026-02-27T09:03:07.2558327Z   /* fire events that update state */
2026-02-27T09:03:07.2558735Z });
2026-02-27T09:03:07.2559060Z /* assert on the output */
2026-02-27T09:03:07.2559308Z 
2026-02-27T09:03:07.2560264Z This ensures that you're testing the behavior the user would see in the browser. Learn more at https://reactjs.org/link/wrap-tests-with-act
2026-02-27T09:03:07.2561980Z     at AuthView (/home/runner/work/AndamanBazaarApp/AndamanBazaarApp/tests/unit/auth.test.tsx:14:51)
2026-02-27T09:03:07.2563546Z     at Router (/home/runner/work/AndamanBazaarApp/AndamanBazaarApp/node_modules/react-router/dist/umd/react-router.development.js:1174:17)
2026-02-27T09:03:07.2565427Z     at BrowserRouter (/home/runner/work/AndamanBazaarApp/AndamanBazaarApp/node_modules/react-router-dom/dist/umd/react-router-dom.development.js:694:7)
2026-02-27T09:03:07.2566872Z Warning: An update to AuthView inside a test was not wrapped in act(...).
2026-02-27T09:03:07.2567381Z 
2026-02-27T09:03:07.2567921Z When testing, code that causes React state updates should be wrapped into act(...):
2026-02-27T09:03:07.2568509Z 
2026-02-27T09:03:07.2568652Z act(() => {
2026-02-27T09:03:07.2569040Z   /* fire events that update state */
2026-02-27T09:03:07.2569466Z });
2026-02-27T09:03:07.2569820Z /* assert on the output */
2026-02-27T09:03:07.2570093Z 
2026-02-27T09:03:07.2571294Z This ensures that you're testing the behavior the user would see in the browser. Learn more at https://reactjs.org/link/wrap-tests-with-act
2026-02-27T09:03:07.2572875Z     at AuthView (/home/runner/work/AndamanBazaarApp/AndamanBazaarApp/tests/unit/auth.test.tsx:14:51)
2026-02-27T09:03:07.2574527Z     at Router (/home/runner/work/AndamanBazaarApp/AndamanBazaarApp/node_modules/react-router/dist/umd/react-router.development.js:1174:17)
2026-02-27T09:03:07.2576502Z     at BrowserRouter (/home/runner/work/AndamanBazaarApp/AndamanBazaarApp/node_modules/react-router-dom/dist/umd/react-router-dom.development.js:694:7)
2026-02-27T09:03:07.2577778Z 
2026-02-27T09:03:07.2712457Z [90mstderr[2m | tests/unit/auth.test.tsx[2m > [22m[2mAuthView Component[2m > [22m[2mprevents form submission with empty fields[22m[39m
2026-02-27T09:03:07.2716339Z Warning: An update to AuthView inside a test was not wrapped in act(...).
2026-02-27T09:03:07.2731503Z 
2026-02-27T09:03:07.2732454Z When testing, code that causes React state updates should be wrapped into act(...):
2026-02-27T09:03:07.2733791Z 
2026-02-27T09:03:07.2734300Z act(() => {
2026-02-27T09:03:07.2735096Z   /* fire events that update state */
2026-02-27T09:03:07.2736132Z });
2026-02-27T09:03:07.2747484Z /* assert on the output */
2026-02-27T09:03:07.2770673Z 
2026-02-27T09:03:07.2771960Z This ensures that you're testing the behavior the user would see in the browser. Learn more at https://reactjs.org/link/wrap-tests-with-act
2026-02-27T09:03:07.2773688Z     at AuthView (/home/runner/work/AndamanBazaarApp/AndamanBazaarApp/tests/unit/auth.test.tsx:14:51)
2026-02-27T09:03:07.2775491Z     at Router (/home/runner/work/AndamanBazaarApp/AndamanBazaarApp/node_modules/react-router/dist/umd/react-router.development.js:1174:17)
2026-02-27T09:03:07.2777672Z     at BrowserRouter (/home/runner/work/AndamanBazaarApp/AndamanBazaarApp/node_modules/react-router-dom/dist/umd/react-router-dom.development.js:694:7)
2026-02-27T09:03:07.2778845Z 
2026-02-27T09:03:07.3051169Z  [32m✓[39m tests/unit/auth.test.tsx [2m ([22m[2m12 tests[22m[2m)[22m[33m 422[2mms[22m[39m
2026-02-27T09:03:08.0475112Z  [32m✓[39m tests/unit/home.test.tsx [2m ([22m[2m15 tests[22m[2m)[22m[90m 152[2mms[22m[39m
2026-02-27T09:03:08.2188432Z  [32m✓[39m tests/unit/layout.test.tsx [2m ([22m[2m17 tests[22m[2m)[22m[90m 57[2mms[22m[39m
2026-02-27T09:03:08.6999139Z  [32m✓[39m tests/unit/useGeolocation.test.ts [2m ([22m[2m7 tests[22m[2m)[22m[33m 941[2mms[22m[39m
2026-02-27T09:03:08.8093253Z [90mstdout[2m | tests/unit/security.test.ts[2m > [22m[2mSecurity Utilities[2m > [22m[2mretryAsync[2m > [22m[2mshould succeed on first attempt[22m[39m
2026-02-27T09:03:08.8094948Z [retry] operation attempt 1/4
2026-02-27T09:03:08.8096065Z 
2026-02-27T09:03:08.8097627Z [90mstdout[2m | tests/unit/security.test.ts[2m > [22m[2mSecurity Utilities[2m > [22m[2mretryAsync[2m > [22m[2mshould retry on transient errors[22m[39m
2026-02-27T09:03:08.8099095Z [retry] operation attempt 1/3
2026-02-27T09:03:08.8099844Z [retry] operation retrying in 89ms
2026-02-27T09:03:08.8100775Z 
2026-02-27T09:03:08.8112699Z [90mstderr[2m | tests/unit/security.test.ts[2m > [22m[2mSecurity Utilities[2m > [22m[2mretryAsync[2m > [22m[2mshould retry on transient errors[22m[39m
2026-02-27T09:03:08.8114112Z [retry] operation failed attempt 1/3 { status: 500 }
2026-02-27T09:03:08.8114554Z 
2026-02-27T09:03:08.8987187Z [90mstderr[2m | tests/unit/security.test.ts[2m > [22m[2mSecurity Utilities[2m > [22m[2mretryAsync[2m > [22m[2mshould retry on transient errors[22m[39m
2026-02-27T09:03:08.8988724Z [retry] operation failed attempt 2/3 { status: 500 }
2026-02-27T09:03:08.8989167Z 
2026-02-27T09:03:08.8990910Z [90mstdout[2m | tests/unit/security.test.ts[2m > [22m[2mSecurity Utilities[2m > [22m[2mretryAsync[2m > [22m[2mshould retry on transient errors[22m[39m
2026-02-27T09:03:08.8992671Z [retry] operation attempt 2/3
2026-02-27T09:03:08.8993443Z [retry] operation retrying in 116ms
2026-02-27T09:03:08.8996776Z 
2026-02-27T09:03:09.0149269Z [90mstderr[2m | tests/unit/security.test.ts[2m > [22m[2mSecurity Utilities[2m > [22m[2mretryAsync[2m > [22m[2mshould retry on transient errors[22m[39m
2026-02-27T09:03:09.0151932Z [90mstdout[2m | tests/unit/security.test.ts[2m > [22m[2mSecurity Utilities[2m > [22m[2mretryAsync[2m > [22m[2mshould retry on transient errors[22m[39m
2026-02-27T09:03:09.0153103Z [retry] operation attempt 3/3
2026-02-27T09:03:09.0153856Z <empty line>
2026-02-27T09:03:09.0155493Z [retry] operation succeeded on attempt 3/3
2026-02-27T09:03:09.0157631Z 
2026-02-27T09:03:09.0162261Z [90mstdout[2m | tests/unit/security.test.ts[2m > [22m[2mSecurity Utilities[2m > [22m[2mretryAsync[2m > [22m[2mshould throw after max attempts[22m[39m
2026-02-27T09:03:09.0167985Z [90mstderr[2m | tests/unit/security.test.ts[2m > [22m[2mSecurity Utilities[2m > [22m[2mretryAsync[2m > [22m[2mshould throw after max attempts[22m[39m
2026-02-27T09:03:09.0169264Z [retry] operation attempt 1/2
2026-02-27T09:03:09.0169905Z [retry] operation failed attempt 1/2 { status: 500 }
2026-02-27T09:03:09.0170295Z 
2026-02-27T09:03:09.0170918Z [retry] operation retrying in 29ms
2026-02-27T09:03:09.0171229Z 
2026-02-27T09:03:09.0464119Z [90mstdout[2m | tests/unit/security.test.ts[2m > [22m[2mSecurity Utilities[2m > [22m[2mretryAsync[2m > [22m[2mshould throw after max attempts[22m[39m
2026-02-27T09:03:09.0466771Z [90mstderr[2m | tests/unit/security.test.ts[2m > [22m[2mSecurity Utilities[2m > [22m[2mretryAsync[2m > [22m[2mshould throw after max attempts[22m[39m
2026-02-27T09:03:09.0468233Z [retry] operation failed attempt 2/2 { status: 500 }
2026-02-27T09:03:09.0468981Z [retry] operation aborted after attempt 2/2 { status: 500 }
2026-02-27T09:03:09.0469406Z 
2026-02-27T09:03:09.0471087Z [90mstderr[2m | tests/unit/security.test.ts[2m > [22m[2mSecurity Utilities[2m > [22m[2mretryAsync[2m > [22m[2mshould not retry on non-transient errors[22m[39m
2026-02-27T09:03:09.0472544Z [retry] operation failed attempt 1/3 { status: 400 }
2026-02-27T09:03:09.0473345Z [retry] operation aborted after attempt 1/3 { status: 400 }
2026-02-27T09:03:09.0473800Z 
2026-02-27T09:03:09.0475198Z [90mstderr[2m | tests/unit/security.test.ts[2m > [22m[2mSecurity Utilities[2m > [22m[2mretryAsync[2m > [22m[2mshould call onAttempt callback[22m[39m
2026-02-27T09:03:09.0476951Z [retry] operation failed attempt 1/2 { status: 500 }
2026-02-27T09:03:09.0477362Z 
2026-02-27T09:03:09.0477603Z [retry] operation attempt 2/2
2026-02-27T09:03:09.0477921Z 
2026-02-27T09:03:09.0479433Z [90mstdout[2m | tests/unit/security.test.ts[2m > [22m[2mSecurity Utilities[2m > [22m[2mretryAsync[2m > [22m[2mshould not retry on non-transient errors[22m[39m
2026-02-27T09:03:09.0480946Z [retry] operation attempt 1/3
2026-02-27T09:03:09.0481253Z 
2026-02-27T09:03:09.0482623Z [90mstdout[2m | tests/unit/security.test.ts[2m > [22m[2mSecurity Utilities[2m > [22m[2mretryAsync[2m > [22m[2mshould call onAttempt callback[22m[39m
2026-02-27T09:03:09.0483801Z [retry] operation attempt 1/2
2026-02-27T09:03:09.0484326Z [retry] operation retrying in 45ms
2026-02-27T09:03:09.0484636Z 
2026-02-27T09:03:09.0930528Z [90mstderr[2m | tests/unit/security.test.ts[2m > [22m[2mSecurity Utilities[2m > [22m[2mretryAsync[2m > [22m[2mshould call onAttempt callback[22m[39m
2026-02-27T09:03:09.0932974Z [90mstdout[2m | tests/unit/security.test.ts[2m > [22m[2mSecurity Utilities[2m > [22m[2mretryAsync[2m > [22m[2mshould call onAttempt callback[22m[39m
2026-02-27T09:03:09.0933796Z [retry] operation failed attempt 2/2 { status: 500 }
2026-02-27T09:03:09.0934231Z [retry] operation aborted after attempt 2/2 { status: 500 }
2026-02-27T09:03:09.0934473Z 
2026-02-27T09:03:09.0934598Z [retry] operation attempt 2/2
2026-02-27T09:03:09.0934770Z 
2026-02-27T09:03:09.0941012Z [90mstderr[2m | tests/unit/security.test.ts[2m > [22m[2mSecurity Utilities[2m > [22m[2mretryAsync[2m > [22m[2mshould respect custom retry function[22m[39m
2026-02-27T09:03:09.0943464Z [90mstdout[2m | tests/unit/security.test.ts[2m > [22m[2mSecurity Utilities[2m > [22m[2mretryAsync[2m > [22m[2mshould respect custom retry function[22m[39m
2026-02-27T09:03:09.0944862Z [retry] operation failed attempt 1/2 { custom: 'error' }
2026-02-27T09:03:09.0945277Z 
2026-02-27T09:03:09.0945484Z [retry] operation attempt 1/2
2026-02-27T09:03:09.0946008Z [retry] operation retrying in 81ms
2026-02-27T09:03:09.0946321Z 
2026-02-27T09:03:09.1776512Z [90mstderr[2m | tests/unit/security.test.ts[2m > [22m[2mSecurity Utilities[2m > [22m[2mretryAsync[2m > [22m[2mshould respect custom retry function[22m[39m
2026-02-27T09:03:09.1779363Z [90mstdout[2m | tests/unit/security.test.ts[2m > [22m[2mSecurity Utilities[2m > [22m[2mretryAsync[2m > [22m[2mshould respect custom retry function[22m[39m
2026-02-27T09:03:09.1780784Z [retry] operation attempt 2/2
2026-02-27T09:03:09.1781087Z 
2026-02-27T09:03:09.1782421Z [90mstdout[2m | tests/unit/security.test.ts[2m > [22m[2mSecurity Utilities[2m > [22m[2mretryAsync[2m > [22m[2mshould apply exponential backoff[22m[39m
2026-02-27T09:03:09.1783592Z [retry] operation attempt 1/3
2026-02-27T09:03:09.1784073Z [retry] operation retrying in 135ms
2026-02-27T09:03:09.1784367Z 
2026-02-27T09:03:09.1784736Z [retry] operation failed attempt 2/2 { custom: 'error' }
2026-02-27T09:03:09.1785538Z [retry] operation aborted after attempt 2/2 { custom: 'error' }
2026-02-27T09:03:09.1785994Z 
2026-02-27T09:03:09.1787277Z [90mstderr[2m | tests/unit/security.test.ts[2m > [22m[2mSecurity Utilities[2m > [22m[2mretryAsync[2m > [22m[2mshould apply exponential backoff[22m[39m
2026-02-27T09:03:09.1788562Z [retry] operation failed attempt 1/3 { status: 500 }
2026-02-27T09:03:09.1788931Z 
2026-02-27T09:03:09.3143296Z [90mstderr[2m | tests/unit/security.test.ts[2m > [22m[2mSecurity Utilities[2m > [22m[2mretryAsync[2m > [22m[2mshould apply exponential backoff[22m[39m
2026-02-27T09:03:09.3146562Z [90mstdout[2m | tests/unit/security.test.ts[2m > [22m[2mSecurity Utilities[2m > [22m[2mretryAsync[2m > [22m[2mshould apply exponential backoff[22m[39m
2026-02-27T09:03:09.3148642Z [retry] operation failed attempt 2/3 { status: 500 }
2026-02-27T09:03:09.3149333Z 
2026-02-27T09:03:09.3151533Z [retry] operation attempt 2/3
2026-02-27T09:03:09.3152348Z [retry] operation retrying in 376ms
2026-02-27T09:03:09.3153119Z 
2026-02-27T09:03:09.5723492Z  [32m✓[39m tests/unit/auth_ui.test.tsx [2m ([22m[2m4 tests[22m[2m)[22m[90m 111[2mms[22m[39m
2026-02-27T09:03:09.6904010Z [90mstderr[2m | tests/unit/security.test.ts[2m > [22m[2mSecurity Utilities[2m > [22m[2mretryAsync[2m > [22m[2mshould apply exponential backoff[22m[39m
2026-02-27T09:03:09.6905323Z <empty line>
2026-02-27T09:03:09.6906882Z [90mstderr[2m | tests/unit/security.test.ts[2m > [22m[2mSecurity Utilities[2m > [22m[2mretryAsync[2m > [22m[2mshould respect max delay[22m[39m
2026-02-27T09:03:09.6907717Z [retry] operation failed attempt 1/4 { status: 500 }
2026-02-27T09:03:09.6907976Z 
2026-02-27T09:03:09.6908829Z [90mstdout[2m | tests/unit/security.test.ts[2m > [22m[2mSecurity Utilities[2m > [22m[2mretryAsync[2m > [22m[2mshould apply exponential backoff[22m[39m
2026-02-27T09:03:09.6909583Z [retry] operation attempt 3/3
2026-02-27T09:03:09.6909931Z [retry] operation succeeded on attempt 3/3
2026-02-27T09:03:09.6910179Z 
2026-02-27T09:03:09.6911301Z [90mstdout[2m | tests/unit/security.test.ts[2m > [22m[2mSecurity Utilities[2m > [22m[2mretryAsync[2m > [22m[2mshould respect max delay[22m[39m
2026-02-27T09:03:09.6912044Z [retry] operation attempt 1/4
2026-02-27T09:03:09.6912366Z [retry] operation retrying in 103ms
2026-02-27T09:03:09.6912562Z 
2026-02-27T09:03:09.7935936Z [90mstderr[2m | tests/unit/security.test.ts[2m > [22m[2mSecurity Utilities[2m > [22m[2mretryAsync[2m > [22m[2mshould respect max delay[22m[39m
2026-02-27T09:03:09.7936987Z [retry] operation failed attempt 2/4 { status: 500 }
2026-02-27T09:03:09.7937281Z 
2026-02-27T09:03:09.7938228Z [90mstdout[2m | tests/unit/security.test.ts[2m > [22m[2mSecurity Utilities[2m > [22m[2mretryAsync[2m > [22m[2mshould respect max delay[22m[39m
2026-02-27T09:03:09.7939125Z [retry] operation attempt 2/4
2026-02-27T09:03:09.7939494Z [retry] operation retrying in 319ms
2026-02-27T09:03:09.7939722Z 
2026-02-27T09:03:10.1126565Z [90mstderr[2m | tests/unit/security.test.ts[2m > [22m[2mSecurity Utilities[2m > [22m[2mretryAsync[2m > [22m[2mshould respect max delay[22m[39m
2026-02-27T09:03:10.1130236Z [90mstdout[2m | tests/unit/security.test.ts[2m > [22m[2mSecurity Utilities[2m > [22m[2mretryAsync[2m > [22m[2mshould respect max delay[22m[39m
2026-02-27T09:03:10.1131803Z [retry] operation failed attempt 3/4 { status: 500 }
2026-02-27T09:03:10.1132098Z 
2026-02-27T09:03:10.1132249Z [retry] operation attempt 3/4
2026-02-27T09:03:10.1132623Z [retry] operation retrying in 296ms
2026-02-27T09:03:10.1132846Z 
2026-02-27T09:03:10.3328762Z  [33m❯[39m tests/unit/marketplace_ui.test.tsx [2m ([22m[2m4 tests[22m [2m|[22m [31m1 failed[39m[2m)[22m[33m 1245[2mms[22m[39m
2026-02-27T09:03:10.3331613Z [31m   [33m❯[31m tests/unit/marketplace_ui.test.tsx[2m > [22mMarketplace UI Logic (Vitest)[2m > [22mclears all filters correctly[39m
2026-02-27T09:03:10.3333275Z [31m     → expected 'flex-shrink-0 px-4 py-2 rounded-full …' to contain 'bg-teal-600'
2026-02-27T09:03:10.3333848Z 
2026-02-27T09:03:10.3334109Z Ignored nodes: comments, script, style
2026-02-27T09:03:10.3334617Z [36m<html>[31m
2026-02-27T09:03:10.3335002Z   [36m<head>[31m
2026-02-27T09:03:10.3335422Z     [36m<meta[31m
2026-02-27T09:03:10.3336158Z       [33mcontent[31m=[32m"AndamanBazaar – hyperlocal marketplace"[31m
2026-02-27T09:03:10.3336619Z       [33mname[31m=[32m"description"[31m
2026-02-27T09:03:10.3336906Z     [36m/>[31m
2026-02-27T09:03:10.3337121Z   [36m</head>[31m
2026-02-27T09:03:10.3337338Z   [36m<body>[31m
2026-02-27T09:03:10.3337552Z     [36m<div>[31m
2026-02-27T09:03:10.3337761Z       [36m<div[31m
2026-02-27T09:03:10.3338105Z         [33mclass[31m=[32m"max-w-7xl mx-auto px-4 py-8"[31m
2026-02-27T09:03:10.3338433Z       [36m>[31m
2026-02-27T09:03:10.3338647Z         [36m<div[31m
2026-02-27T09:03:10.3338953Z           [33mclass[31m=[32m"mb-12 space-y-8"[31m
2026-02-27T09:03:10.3339246Z         [36m>[31m
2026-02-27T09:03:10.3339789Z           [36m<form[31m
2026-02-27T09:03:10.3340195Z             [33mclass[31m=[32m"max-w-3xl mx-auto relative group"[31m
2026-02-27T09:03:10.3340754Z           [36m>[31m
2026-02-27T09:03:10.3340983Z             [36m<div[31m
2026-02-27T09:03:10.3341823Z               [33mclass[31m=[32m"absolute left-4 top-1/2 -translate-y-1/2 text-warm-300 group-focus-within:text-teal-500 transition-colors pointer-events-none"[31m
2026-02-27T09:03:10.3342513Z             [36m>[31m
2026-02-27T09:03:10.3342754Z               [36m<svg[31m
2026-02-27T09:03:10.3343109Z                 [33mclass[31m=[32m"lucide lucide-search"[31m
2026-02-27T09:03:10.3343503Z                 [33mfill[31m=[32m"none"[31m
2026-02-27T09:03:10.3343846Z                 [33mheight[31m=[32m"20"[31m
2026-02-27T09:03:10.3344215Z                 [33mstroke[31m=[32m"currentColor"[31m
2026-02-27T09:03:10.3344603Z                 [33mstroke-linecap[31m=[32m"round"[31m
2026-02-27T09:03:10.3345002Z                 [33mstroke-linejoin[31m=[32m"round"[31m
2026-02-27T09:03:10.3345376Z                 [33mstroke-width[31m=[32m"2"[31m
2026-02-27T09:03:10.3345748Z                 [33mviewBox[31m=[32m"0 0 24 24"[31m
2026-02-27T09:03:10.3346094Z                 [33mwidth[31m=[32m"20"[31m
2026-02-27T09:03:10.3346714Z                 [33mxmlns[31m=[32m"http://www.w3.org/2000/svg"[31m
2026-02-27T09:03:10.3347456Z               [36m>[31m
2026-02-27T09:03:10.3348000Z                 [36m<circle[31m
2026-02-27T09:03:10.3348606Z                   [33mcx[31m=[32m"11"[31m
2026-02-27T09:03:10.3349224Z                   [33mcy[31m=[32m"11"[31m
2026-02-27T09:03:10.3349785Z                   [33mr[31m=[32m"8"[31m
2026-02-27T09:03:10.3350321Z                 [36m/>[31m
2026-02-27T09:03:10.3351075Z                 [36m<path[31m
2026-02-27T09:03:10.3351755Z                   [33md[31m=[32m"m21 21-4.3-4.3"[31m
2026-02-27T09:03:10.3352348Z                 [36m/>[31m
2026-02-27T09:03:10.3352885Z               [36m</svg>[31m
2026-02-27T09:03:10.3353412Z             [36m</div>[31m
2026-02-27T09:03:10.3353969Z             [36m<input[31m
2026-02-27T09:03:10.3354449Z               [33mclass[31m=[32m"input-island h-14 pl-12 pr-12 shadow-card"[31m
2026-02-27T09:03:10.3355510Z               [33mplaceholder[31m=[32m"Search across the islands…"[31m
2026-02-27T09:03:10.3356136Z               [33mtype[31m=[32m"text"[31m
2026-02-27T09:03:10.3356705Z               [33mvalue[31m=[32m""[31m
2026-02-27T09:03:10.3357175Z             [36m/>[31m
2026-02-27T09:03:10.3357560Z           [36m</form>[31m
2026-02-27T09:03:10.3357971Z           [36m<div[31m
2026-02-27T09:03:10.3358464Z             [33mclass[31m=[32m"space-y-4"[31m
2026-02-27T09:03:10.3358954Z           [36m>[31m
2026-02-27T09:03:10.3359326Z             [36m<div[31m
2026-02-27T09:03:10.3360169Z               [33mclass[31m=[32m"flex items-center gap-2 overflow-x-auto pb-2 hide-scrollbar"[31m
2026-02-27T09:03:10.3361151Z             [36m>[31m
2026-02-27T09:03:10.3361568Z               [36m<button[31m
2026-02-27T09:03:10.3363306Z                 [33mclass[31m=[32m"flex-shrink-0 px-4 py-2 rounded-full text-[11px] font-bold transition-all duration-200 bg-white text-warm-400 border border-warm-200 hover:border-teal-300 hover:text-teal-600"[31m
2026-02-27T09:03:10.3364764Z               [36m>[31m
2026-02-27T09:03:10.3365232Z                 [0m🌊 All[0m
2026-02-27T09:03:10.3365709Z               [36m</button>[31m
2026-02-27T09:03:10.3366161Z               [36m<button[31m
2026-02-27T09:03:10.3367962Z                 [33mclass[31m=[32m"flex-shrink-0 px-4 py-2 rounded-full text-[11px] font-bold transition-all duration-200 bg-white text-warm-400 border border-warm-200 hover:border-teal-300 hover:text-teal-600"[31m
2026-02-27T09:03:10.3369534Z               [36m>[31m
2026-02-27T09:03:10.3369972Z                 [0m🐟 Fresh Catch[0m
2026-02-27T09:03:10.3370652Z               [36m</button>[31m
2026-02-27T09:03:10.3371452Z               [36m<button[31m
2026-02-27T09:03:10.3373449Z                 [33mclass[31m=[32m"flex-shrink-0 px-4 py-2 rounded-full text-[11px] font-bold transition-all duration-200 bg-white text-warm-400 border border-warm-200 hover:border-teal-300 hover:text-teal-600"[31m
2026-02-27T09:03:10.3375068Z               [36m>[31m
2026-02-27T09:03:10.3375588Z                 [0m🥥 Produce[0m
2026-02-27T09:03:10.3376135Z               [36m</button>[31m
2026-02-27T09:03:10.3376652Z               [36m<button[31m
2026-02-27T09:03:10.3378645Z                 [33mclass[31m=[32m"flex-shrink-0 px-4 py-2 rounded-full text-[11px] font-bold transition-all duration-200 bg-white text-warm-400 border border-warm-200 hover:border-teal-300 hover:text-teal-600"[31m
2026-02-27T09:03:10.3380239Z               [36m>[31m
2026-02-27T09:03:10.3380949Z                 [0m🐚 Handicrafts[0m
2026-02-27T09:03:10.3381523Z               [36m</button>[31m
2026-02-27T09:03:10.3382093Z               [36m<button[31m
2026-02-27T09:03:10.3384104Z                 [33mclass[31m=[32m"flex-shrink-0 px-4 py-2 rounded-full text-[11px] font-bold transition-all duration-200 bg-white text-warm-400 border border-warm-200 hover:border-teal-300 hover:text-teal-600"[31m
2026-02-27T09:03:10.3385763Z               [36m>[31m
2026-02-27T09:03:10.3386301Z                 [0m🤿 Experiences[0m
2026-02-27T09:03:10.3386872Z               [36m</button>[31m
2026-02-27T09:03:10.3387426Z               [36m<button[31m
2026-02-27T09:03:10.3389377Z                 [33mclass[31m=[32m"flex-shrink-0 px-4 py-2 rounded-full text-[11px] font-bold transition-all duration-200 bg-white text-warm-400 border border-warm-200 hover:border-teal-300 hover:text-teal-600"[31m
2026-02-27T09:03:10.3391172Z               [36m>[31m
2026-02-27T09:03:10.3391692Z                 [0m🏠 Rentals[0m
2026-02-27T09:03:10.3392233Z               [36m</button>[31m
2026-02-27T09:03:10.3392787Z               [36m<button[31m
2026-02-27T09:03:10.3394798Z                 [33mclass[31m=[32m"flex-shrink-0 px-4 py-2 rounded-full text-[11px] font-bold transition-all duration-200 bg-white text-warm-400 border border-warm-200 hover:border-teal-300 hover:text-teal-600"[31m
2026-02-27T09:03:10.3396742Z               [36m>[31m
2026-02-27T09:03:10.3397262Z                 [0m⚡ Services[0m
2026-02-27T09:03:10.3397816Z               [36m</button>[31m
2026-02-27T09:03:10.3398378Z               [36m<button[31m
2026-02-27T09:03:10.3400510Z                 [33mclass[31m=[32m"flex-shrink-0 px-4 py-2 rounded-full text-[11px] font-bold transition-all duration-200 bg-white text-warm-400 border border-warm-200 hover:border-teal-300 hover:text-teal-600"[31m
2026-02-27T09:03:10.3402105Z               [36m>[31m
2026-02-27T09:03:10.3402630Z                 [0m🛒 General[0m
2026-02-27T09:03:10.3403206Z               [36m</button>[31m
2026-02-27T09:03:10.3403742Z               [36m<button[31m
2026-02-27T09:03:10.3405732Z                 [33mclass[31m=[32m"flex-shrink-0 px-4 py-2 rounded-full text-[11px] font-bold transition-all duration-200 bg-white text-warm-400 border border-warm-200 hover:border-teal-300 hover:text-teal-600"[31m
2026-02-27T09:03:10.3407395Z               [36m>[31m
2026-02-27T09:03:10.3407909Z                 [0m🏖️ Tourism[0m
2026-02-27T09:03:10.3408457Z               [36m</button>[31m
2026-02-27T09:03:10.3408948Z             [36m</div>[31m
2026-02-27T09:03:10.3409408Z             [36m<div[31m
2026-02-27T09:03:10.3410294Z               [33mclass[31m=[32m"flex items-center justify-between max-w-3xl mx-auto"[31m
2026-02-27T09:03:10.3411378Z             [36m>[31m
2026-02-27T09:03:10.3411840Z               [36m<div[31m
2026-02-27T09:03:10.3412476Z                 [33mclass[31m=[32m"relative"[31m
2026-02-27T09:03:10.3413052Z               [36m>[31m
2026-02-27T09:03:10.3413555Z                 [36m<button[31m
2026-02-27T09:03:10.3415722Z                   [33mclass[31m=[32m"flex items-center gap-2 px-4 py-2.5 rounded-xl bg-white border border-warm-200 text-xs font-bold text-midnight-700 hover:border-teal-300 transition-all shadow-card"[31m
2026-02-27T09:03:10.3417367Z                 [36m>[31m
2026-02-27T09:03:10.3417878Z                   [36m<svg[31m
2026-02-27T09:03:10.3418551Z                     [33mclass[31m=[32m"text-teal-500"[31m
2026-02-27T09:03:10.3419260Z                     [33mfill[31m=[32m"none"[31m
2026-02-27T09:03:10.3419969Z                     [33mheight[31m=[32m"13"[31m
2026-02-27T09:03:10.3420900Z                     [33mstroke[31m=[32m"currentColor"[31m
2026-02-27T09:03:10.3421709Z                     [33mstroke-linecap[31m=[32m"round"[31m
2026-02-27T09:03:10.3422532Z                     [33mstroke-linejoin[31m=[32m"round"[31m
2026-02-27T09:03:10.3423311Z                     [33mstroke-width[31m=[32m"2"[31m
2026-02-27T09:03:10.3424067Z                     [33mviewBox[31m=[32m"0 0 24 24"[31m
2026-02-27T09:03:10.3424751Z                     [33mwidth[31m=[32m"13"[31m
2026-02-27T09:03:10.3425623Z                     [33mxmlns[31m=[32m"http://www.w3.org/2000/svg"[31m
2026-02-27T09:03:10.3426305Z                   [36m>[31m
2026-02-27T09:03:10.3426833Z                     [36m<path[31m
2026-02-27T09:03:10.3427517Z                       [33md[31m=[32m"m21 16-4 4-4-4"[31m
2026-02-27T09:03:10.3428123Z                     [36m/>[31m
2026-02-27T09:03:10.3428660Z                     [36m<path[31m
2026-02-27T09:03:10.3429311Z                       [33md[31m=[32m"M17 20V4"[31m
2026-02-27T09:03:10.3429904Z                     [36m/>[31m
2026-02-27T09:03:10.3430623Z                     [36m<path[31m
2026-02-27T09:03:10.3431299Z                       [33md[31m=[32m"m3 8 4-4 4 4"[31m
2026-02-27T09:03:10.3431943Z                     [36m/>[31m
2026-02-27T09:03:10.3432483Z                     [36m<path[31m
2026-02-27T09:03:10.3433105Z                       [33md[31m=[32m"M7 4v16"[31m
2026-02-27T09:03:10.3433793Z                     [36m/>[31m
2026-02-27T09:03:10.3434414Z                   [36m</svg>[31m
2026-02-27T09:03:10.3435012Z                   [36m<span>[31m
2026-02-27T09:03:10.3435875Z                     [0mNewest First[0m
2026-02-27T09:03:10.3436505Z                   [36m</span>[31m
2026-02-27T09:03:10.3436991Z                   [36m<svg[31m
2026-02-27T09:03:10.3437741Z                     [33mclass[31m=[32m"transition-transform text-warm-300 "[31m
2026-02-27T09:03:10.3438664Z                     [33mfill[31m=[32m"none"[31m
2026-02-27T09:03:10.3439436Z                     [33mheight[31m=[32m"13"[31m
2026-02-27T09:03:10.3440182Z                     [33mstroke[31m=[32m"currentColor"[31m
2026-02-27T09:03:10.3441092Z                     [33mstroke-linecap[31m=[32m"round"[31m
2026-02-27T09:03:10.3441770Z                     [33mstroke-linejoin[31m=[32m"round"[31m
2026-02-27T09:03:10.3442538Z                     [33mstroke-width[31m=[32m"2"[31m
2026-02-27T09:03:10.3443235Z                     [33mviewBox[31m=[32m"0 0 24 24"[31m
2026-02-27T09:03:10.3443942Z                     [33mwidth[31m=[32m"13"[31m
2026-02-27T09:03:10.3444768Z                     [33mxmlns[31m=[32m"http://www.w3.org/2000/svg"[31m
2026-02-27T09:03:10.3445439Z                   [36m>[31m
2026-02-27T09:03:10.3445991Z                     [36m<path[31m
2026-02-27T09:03:10.3446660Z                       [33md[31m=[32m"m6 9 6 6 6-6"[31m
2026-02-27T09:03:10.3447353Z                     [36m/>[31m
2026-02-27T09:03:10.3447917Z                   [36m</svg>[31m
2026-02-27T09:03:10.3448518Z                 [36m</button>[31m
2026-02-27T09:03:10.3449110Z               [36m</div>[31m
2026-02-27T09:03:10.3449684Z               [36m<button[31m
2026-02-27T09:03:10.3451973Z                 [33mclass[31m=[32m"flex items-center gap-2 px-4 py-2.5 rounded-xl border text-xs font-bold transition-all shadow-card bg-white border-warm-200 text-midnight-700 hover:border-teal-300"[31m
2026-02-27T09:03:10.3453672Z               [36m>[31m
2026-02-27T09:03:10.3454449Z                 [36m<svg[31m
2026-02-27T09:03:10.3455170Z                   [33mclass[31m=[32m"text-warm-400"[31m
2026-02-27T09:03:10.3455959Z                   [33mfill[31m=[32m"none"[31m
2026-02-27T09:03:10.3456667Z                   [33mheight[31m=[32m"13"[31m
2026-02-27T09:03:10.3457418Z                   [33mstroke[31m=[32m"currentColor"[31m
2026-02-27T09:03:10.3458253Z                   [33mstroke-linecap[31m=[32m"round"[31m
2026-02-27T09:03:10.3459089Z                   [33mstroke-linejoin[31m=[32m"round"[31m
2026-02-27T09:03:10.3459899Z                   [33mstroke-width[31m=[32m"2"[31m
2026-02-27T09:03:10.3460817Z                   [33mviewBox[31m=[32m"0 0 24 24"[31m
2026-02-27T09:03:10.3461554Z                   [33mwidth[31m=[32m"13"[31m
2026-02-27T09:03:10.3462390Z                   [33mxmlns[31m=[32m"http://www.w3.org/2000/svg"[31m
2026-02-27T09:03:10.3463083Z                 [36m>[31m
2026-02-27T09:03:10.3463676Z                   [36m<polygon[31m
2026-02-27T09:03:10.3464598Z                     [33mpoints[31m=[32m"22 3 2 3 10 12.46 10 19 14 21 14 12.46 22 3"[31m
2026-02-27T09:03:10.3465417Z                   [36m/>[31m
2026-02-27T09:03:10.3465976Z                 [36m</svg>[31m
2026-02-27T09:03:10.3466537Z                 [36m<span>[31m
2026-02-27T09:03:10.3467173Z                   [0mFilters[0m
2026-02-27T09:03:10.3467736Z                 [36m</span>[31m
2026-02-27T09:03:10.3468316Z               [36m</button>[31m
2026-02-27T09:03:10.3468835Z             [36m</div>[31m
2026-02-27T09:03:10.3469320Z           [36m</div>[31m
2026-02-27T09:03:10.3469833Z         [36m</div>[31m
2026-02-27T09:03:10.3470290Z         [36m<div[31m
2026-02-27T09:03:10.3471285Z           [33mclass[31m=[32m"flex items-center justify-between mb-6"[31m
2026-02-27T09:03:10.3472048Z         [36m>[31m
2026-02-27T09:03:10.3472489Z           [36m<p[31m
2026-02-27T09:03:10.3473540Z             [33mclass[31m=[32m"text-[10px] font-black text-slate-400 uppercase tracking-widest"[31m
2026-02-27T09:03:10.3474520Z           [36m>[31m
2026-02-27T09:03:10.3475245Z             [0m1[0m
2026-02-27T09:03:10.3475664Z             [0m [0m
2026-02-27T09:03:10.3476145Z             [0mitem[0m
2026-02-27T09:03:10.3476613Z             [0m found[0m
2026-02-27T09:03:10.3477140Z           [36m</p>[31m
2026-02-27T09:03:10.3477617Z         [36m</div>[31m
2026-02-27T09:03:10.3478086Z         [36m<div[31m
2026-02-27T09:03:10.3479092Z           [33mclass[31m=[32m"grid grid-cols-2 lg:grid-cols-3 xl:grid-cols-4 gap-4 md:gap-8"[31m
2026-02-27T09:03:10.3480017Z         [36m>[31m
2026-02-27T09:03:10.3480640Z           [36m<a[31m
2026-02-27T09:03:10.3481318Z             [33mclass[31m=[32m"listing-card group"[31m
2026-02-27T09:03:10.3482105Z             [33mhref[31m=[32m"/listings/1"[31m
2026-02-27T09:03:10.3482723Z           [36m>[31m
2026-02-27T09:03:10.3483188Z             [36m<div[31m
2026-02-27T09:03:10.3484298Z               [33mclass[31m=[32m"relative aspect-square bg-warm-100 m-2 rounded-2xl overflow-hidden"[31m
2026-02-27T09:03:10.3485301Z             [36m>[31m
2026-02-27T09:03:10.3485772Z               [36m<img[31m
2026-02-27T09:03:10.3486414Z                 [33malt[31m=[32m"Test Scooter"[31m
2026-02-27T09:03:10.3487804Z                 [33mclass[31m=[32m"w-full h-full object-cover transition-transform duration-700 group-hover:scale-110"[31m
2026-02-27T09:03:10.3489072Z                 [33mloading[31m=[32m"lazy"[31m
2026-02-27T09:03:10.3489943Z                 [33msrc[31m=[32m"https://picsum.photos/200"[31m
2026-02-27T09:03:10.3490864Z               [36m/>[31m
2026-02-27T09:03:10.3491390Z               [36m<button[31m
2026-02-27T09:03:10.3492051Z                 [33maria-label[31m=[32m"Save"[31m
2026-02-27T09:03:10.3494450Z                 [33mclass[31m=[32m"absolute top-2 right-2 w-9 h-9 rounded-full flex items-center justify-center shadow-glass z-10 transition-all active:scale-90 bg-white/90 backdrop-blur-sm"[31m
2026-02-27T09:03:10.3496161Z               [36m>[31m
2026-02-27T09:03:10.3496708Z                 [36m<svg[31m
2026-02-27T09:03:10.3497408Z                   [33mclass[31m=[32m"text-warm-400"[31m
2026-02-27T09:03:10.3498163Z                   [33mfill[31m=[32m"none"[31m
2026-02-27T09:03:10.3498901Z                   [33mheight[31m=[32m"15"[31m
2026-02-27T09:03:10.3499639Z                   [33mstroke[31m=[32m"currentColor"[31m
2026-02-27T09:03:10.3500615Z                   [33mstroke-linecap[31m=[32m"round"[31m
2026-02-27T09:03:10.3501470Z                   [33mstroke-linejoin[31m=[32m"round"[31m
2026-02-27T09:03:10.3502262Z                   [33mstroke-width[31m=[32m"2"[31m
2026-02-27T09:03:10.3503084Z                   [33mviewBox[31m=[32m"0 0 24 24"[31m
2026-02-27T09:03:10.3503889Z                   [33mwidth[31m=[32m"15"[31m
2026-02-27T09:03:10.3504898Z                   [33mxmlns[31m=[32m"http://www.w3.org/2000/svg"[31m
2026-02-27T09:03:10.3505758Z                 [36m>[31m
2026-02-27T09:03:10.3506416Z                   [36m<path[31m
2026-02-27T09:03:10.3508149Z                     [33md[31m=[32m"M19 14c1.49-1.46 3-3.21 3-5.5A5.5 5.5 0 0 0 16.5 3c-1.76 0-3 .5-4.5 2-1.5-1.5-2.74-2-4.5-2A5.5 5.5 0 0 0 2 8.5c0 2.3 1.5 4.05 3 5.5l7 7Z"[31m
2026-02-27T09:03:10.3509610Z                   [36m/>[31m
2026-02-27T09:03:10.3510279Z                 [36m</svg>[31m
2026-02-27T09:03:10.3511668Z               [36m</button>[31m
2026-02-27T09:03:10.3512247Z               [36m<div[31m
2026-02-27T09:03:10.3514022Z                 [33mclass[31m=[32m"absolute bottom-2 left-2 bg-white/90 backdrop-blur-sm px-2 py-0.5 rounded-full flex items-center gap-1 text-[9px] font-bold text-midnight-700 shadow-sm z-10"[31m
2026-02-27T09:03:10.3515549Z               [36m>[31m
2026-02-27T09:03:10.3515951Z                 [36m<svg[31m
2026-02-27T09:03:10.3516509Z                   [33mclass[31m=[32m"text-teal-500"[31m
2026-02-27T09:03:10.3517052Z                   [33mfill[31m=[32m"none"[31m
2026-02-27T09:03:10.3517559Z                   [33mheight[31m=[32m"8"[31m
2026-02-27T09:03:10.3518693Z                   [33mstroke[31m=[32m"currentColor"[31m
2026-02-27T09:03:10.3519410Z                   [33mstroke-linecap[31m=[32m"round"[31m
2026-02-27T09:03:10.3520216Z                   [33mstroke-linejoin[31m=[32m"round"[31m
2026-02-27T09:03:10.3521359Z                   [33mstroke-width[31m=[32m"2"[31m
2026-02-27T09:03:10.3522139Z                   [33mviewBox[31m=[32m"0 0 24 24"[31m
2026-02-27T09:03:10.3522846Z                   [33mwidth[31m=[32m"8"[31m
2026-02-27T09:03:10.3523893Z                   [33mxmlns[31m=[32m"http://www.w3.org/2000/svg"[31m
2026-02-27T09:03:10.3524758Z                 [36m>[31m
2026-02-27T09:03:10.3525283Z                   [36m<path[31m
2026-02-27T09:03:10.3526338Z                     [33md[31m=[32m"M20 10c0 6-8 12-8 12s-8-6-8-12a8 8 0 0 1 16 0Z"[31m
2026-02-27T09:03:10.3527127Z                   [36m/>[31m
2026-02-27T09:03:10.3527656Z                   [36m<circle[31m
2026-02-27T09:03:10.3528293Z                     [33mcx[31m=[32m"12"[31m
2026-02-27T09:03:10.3528931Z                     [33mcy[31m=[32m"10"[31m
2026-02-27T09:03:10.3529556Z                     [33mr[31m=[32m"3"[31m
2026-02-27T09:03:10.3530174Z                   [36m/>[31m
2026-02-27T09:03:10.3530937Z                 [36m</svg>[31m
2026-02-27T09:03:10.3531465Z                 [0mPort Blair[0m
2026-02-27T09:03:10.3531878Z               [36m</div>[31m
2026-02-27T09:03:10.3532135Z             [36m</div>[31m
2026-02-27T09:03:10.3532379Z             [36m<div[31m
2026-02-27T09:03:10.3532759Z               [33mclass[31m=[32m"px-3 pb-3 flex flex-col flex-1"[31m
2026-02-27T09:03:10.3533117Z             [36m>[31m
2026-02-27T09:03:10.3533355Z               [36m<span[31m
2026-02-27T09:03:10.3533810Z                 [33mclass[31m=[32m"font-heading font-black text-teal-600 text-base"[31m
2026-02-27T09:03:10.3534422Z               [36m>[31m
2026-02-27T09:03:10.3534704Z                 [0m₹[0m
2026-02-27T09:03:10.3534974Z                 [0m50,000[0m
2026-02-27T09:03:10.3535243Z               [36m</span>[31m
2026-02-27T09:03:10.3535490Z               [36m<h3[31m
2026-02-27T09:03:10.3536262Z                 [33mclass[31m=[32m"text-[12px] font-bold text-midnight-700 line-clamp-2 leading-tight mt-0.5 group-hover:text-teal-600 transition-colors"[31m
2026-02-27T09:03:10.3536907Z               [36m>[31m
2026-02-27T09:03:10.3537173Z                 [0mTest Scooter[0m
2026-02-27T09:03:10.3537448Z               [36m</h3>[31m
2026-02-27T09:03:10.3537687Z             [36m</div>[31m
2026-02-27T09:03:10.3537930Z           [36m</a>[31m
2026-02-27T09:03:10.3538159Z         [36m</div>[31m
2026-02-27T09:03:10.3538387Z       [36m</div>[31m
2026-02-27T09:03:10.3538603Z       [36m<div[31m
2026-02-27T09:03:10.3539350Z         [33mclass[31m=[32m"fixed bottom-24 md:bottom-8 left-1/2 -translate-x-1/2 z-[200] flex flex-col gap-3 w-full max-w-md px-4 pointer-events-none"[31m
2026-02-27T09:03:10.3539968Z       [36m/>[31m
2026-02-27T09:03:10.3540185Z     [36m</div>[31m
2026-02-27T09:03:10.3540656Z   [36m</body>[31m
2026-02-27T09:03:10.3540924Z [36m</html>[31m[39m
2026-02-27T09:03:10.4080621Z [90mstdout[2m | tests/unit/security.test.ts[2m > [22m[2mSecurity Utilities[2m > [22m[2mretryAsync[2m > [22m[2mshould respect max delay[22m[39m
2026-02-27T09:03:10.4081963Z [retry] operation attempt 4/4
2026-02-27T09:03:10.4082278Z 
2026-02-27T09:03:10.4083729Z [90mstderr[2m | tests/unit/security.test.ts[2m > [22m[2mSecurity Utilities[2m > [22m[2mretryAsync[2m > [22m[2mshould respect max delay[22m[39m
2026-02-27T09:03:10.4085123Z [retry] operation failed attempt 4/4 { status: 500 }
2026-02-27T09:03:10.4085960Z [retry] operation aborted after attempt 4/4 { status: 500 }
2026-02-27T09:03:10.4086436Z 
2026-02-27T09:03:10.4090649Z [90mstdout[2m | tests/unit/security.test.ts[2m > [22m[2mSecurity Utilities[2m > [22m[2mretryAsync[2m > [22m[2mshould apply jitter[22m[39m
2026-02-27T09:03:10.4093208Z [90mstderr[2m | tests/unit/security.test.ts[2m > [22m[2mSecurity Utilities[2m > [22m[2mretryAsync[2m > [22m[2mshould apply jitter[22m[39m
2026-02-27T09:03:10.4094484Z [retry] operation failed attempt 1/3 { status: 500 }
2026-02-27T09:03:10.4094880Z 
2026-02-27T09:03:10.4096083Z [retry] operation attempt 1/3
2026-02-27T09:03:10.4096649Z [retry] operation retrying in 105ms
2026-02-27T09:03:10.4096964Z 
2026-02-27T09:03:10.4105232Z [90mstderr[2m | tests/unit/security.test.ts[2m > [22m[2mSecurity Utilities[2m > [22m[2mretryAsync[2m > [22m[2mshould apply jitter[22m[39m
2026-02-27T09:03:10.4107529Z [90mstdout[2m | tests/unit/security.test.ts[2m > [22m[2mSecurity Utilities[2m > [22m[2mretryAsync[2m > [22m[2mshould apply jitter[22m[39m
2026-02-27T09:03:10.4109492Z [retry] operation failed attempt 2/3 { status: 500 }
2026-02-27T09:03:10.4110130Z [retry] operation attempt 2/3
2026-02-27T09:03:10.4110904Z 
2026-02-27T09:03:10.4111184Z [retry] operation retrying in 106ms
2026-02-27T09:03:10.4111732Z 
2026-02-27T09:03:10.4120162Z [90mstdout[2m | tests/unit/security.test.ts[2m > [22m[2mSecurity Utilities[2m > [22m[2mretryAsync[2m > [22m[2mshould apply jitter[22m[39m
2026-02-27T09:03:10.4121534Z [retry] operation attempt 3/3
2026-02-27T09:03:10.4121819Z 
2026-02-27T09:03:10.4125409Z [90mstderr[2m | tests/unit/security.test.ts[2m > [22m[2mSecurity Utilities[2m > [22m[2mretryAsync[2m > [22m[2mshould apply jitter[22m[39m
2026-02-27T09:03:10.4126687Z [retry] operation failed attempt 3/3 { status: 500 }
2026-02-27T09:03:10.4127464Z [retry] operation aborted after attempt 3/3 { status: 500 }
2026-02-27T09:03:10.4127890Z 
2026-02-27T09:03:10.4131318Z  [32m✓[39m tests/unit/security.test.ts [2m ([22m[2m14 tests[22m[2m)[22m[33m 1614[2mms[22m[39m
2026-02-27T09:03:10.4526252Z 
2026-02-27T09:03:10.4572562Z [31m⎯⎯⎯⎯⎯⎯⎯[1m[7m Failed Tests 1 [27m[22m⎯⎯⎯⎯⎯⎯⎯[39m
2026-02-27T09:03:10.4573363Z 
2026-02-27T09:03:10.4574902Z [31m[1m[7m FAIL [27m[22m[39m tests/unit/marketplace_ui.test.tsx[2m > [22mMarketplace UI Logic (Vitest)[2m > [22mclears all filters correctly
2026-02-27T09:03:10.4577051Z [31m[1mAssertionError[22m[39m: expected 'flex-shrink-0 px-4 py-2 rounded-full …' to contain 'bg-teal-600'
2026-02-27T09:03:10.4578019Z 
2026-02-27T09:03:10.4578443Z Ignored nodes: comments, script, style
2026-02-27T09:03:10.4579128Z [36m<html>[39m
2026-02-27T09:03:10.4579655Z   [36m<head>[39m
2026-02-27T09:03:10.4580192Z     [36m<meta[39m
2026-02-27T09:03:10.4582265Z       [33mcontent[39m=[32m"AndamanBazaar – hyperlocal marketplace"[39m
2026-02-27T09:03:10.4585498Z       [33mname[39m=[32m"description"[39m
2026-02-27T09:03:10.4586092Z     [36m/>[39m
2026-02-27T09:03:10.4586531Z   [36m</head>[39m
2026-02-27T09:03:10.4586941Z   [36m<body>[39m
2026-02-27T09:03:10.4587326Z     [36m<div>[39m
2026-02-27T09:03:10.4587733Z       [36m<div[39m
2026-02-27T09:03:10.4588379Z         [33mclass[39m=[32m"max-w-7xl mx-auto px-4 py-8"[39m
2026-02-27T09:03:10.4589032Z       [36m>[39m
2026-02-27T09:03:10.4589443Z         [36m<div[39m
2026-02-27T09:03:10.4590048Z           [33mclass[39m=[32m"mb-12 space-y-8"[39m
2026-02-27T09:03:10.4590834Z         [36m>[39m
2026-02-27T09:03:10.4591272Z           [36m<form[39m
2026-02-27T09:03:10.4592005Z             [33mclass[39m=[32m"max-w-3xl mx-auto relative group"[39m
2026-02-27T09:03:10.4592640Z           [36m>[39m
2026-02-27T09:03:10.4593048Z             [36m<div[39m
2026-02-27T09:03:10.4594585Z               [33mclass[39m=[32m"absolute left-4 top-1/2 -translate-y-1/2 text-warm-300 group-focus-within:text-teal-500 transition-colors pointer-events-none"[39m
2026-02-27T09:03:10.4595899Z             [36m>[39m
2026-02-27T09:03:10.4596353Z               [36m<svg[39m
2026-02-27T09:03:10.4597066Z                 [33mclass[39m=[32m"lucide lucide-search"[39m
2026-02-27T09:03:10.4597851Z                 [33mfill[39m=[32m"none"[39m
2026-02-27T09:03:10.4598588Z                 [33mheight[39m=[32m"20"[39m
2026-02-27T09:03:10.4599700Z                 [33mstroke[39m=[32m"currentColor"[39m
2026-02-27T09:03:10.4600668Z                 [33mstroke-linecap[39m=[32m"round"[39m
2026-02-27T09:03:10.4601437Z                 [33mstroke-linejoin[39m=[32m"round"[39m
2026-02-27T09:03:10.4602166Z                 [33mstroke-width[39m=[32m"2"[39m
2026-02-27T09:03:10.4602855Z                 [33mviewBox[39m=[32m"0 0 24 24"[39m
2026-02-27T09:03:10.4603503Z                 [33mwidth[39m=[32m"20"[39m
2026-02-27T09:03:10.4604268Z                 [33mxmlns[39m=[32m"http://www.w3.org/2000/svg"[39m
2026-02-27T09:03:10.4604915Z               [36m>[39m
2026-02-27T09:03:10.4605416Z                 [36m<circle[39m
2026-02-27T09:03:10.4605994Z                   [33mcx[39m=[32m"11"[39m
2026-02-27T09:03:10.4606624Z                   [33mcy[39m=[32m"11"[39m
2026-02-27T09:03:10.4607231Z                   [33mr[39m=[32m"8"[39m
2026-02-27T09:03:10.4607756Z                 [36m/>[39m
2026-02-27T09:03:10.4608267Z                 [36m<path[39m
2026-02-27T09:03:10.4608862Z                   [33md[39m=[32m"m21 21-4.3-4.3"[39m
2026-02-27T09:03:10.4609417Z                 [36m/>[39m
2026-02-27T09:03:10.4609913Z               [36m</svg>[39m
2026-02-27T09:03:10.4610587Z             [36m</div>[39m
2026-02-27T09:03:10.4611071Z             [36m<input[39m
2026-02-27T09:03:10.4611883Z               [33mclass[39m=[32m"input-island h-14 pl-12 pr-12 shadow-card"[39m
2026-02-27T09:03:10.4612926Z               [33mplaceholder[39m=[32m"Search across the islands…"[39m
2026-02-27T09:03:10.4613721Z               [33mtype[39m=[32m"text"[39m
2026-02-27T09:03:10.4614344Z               [33mvalue[39m=[32m""[39m
2026-02-27T09:03:10.4614857Z             [36m/>[39m
2026-02-27T09:03:10.4615302Z           [36m</form>[39m
2026-02-27T09:03:10.4615750Z           [36m<div[39m
2026-02-27T09:03:10.4616538Z             [33mclass[39m=[32m"space-y-4"[39m
2026-02-27T09:03:10.4617087Z           [36m>[39m
2026-02-27T09:03:10.4617521Z             [36m<div[39m
2026-02-27T09:03:10.4618477Z               [33mclass[39m=[32m"flex items-center gap-2 overflow-x-auto pb-2 hide-scrollbar"[39m
2026-02-27T09:03:10.4619293Z             [36m>[39m
2026-02-27T09:03:10.4619730Z               [36m<button[39m
2026-02-27T09:03:10.4621817Z                 [33mclass[39m=[32m"flex-shrink-0 px-4 py-2 rounded-full text-[11px] font-bold transition-all duration-200 bg-white text-warm-400 border border-warm-200 hover:border-teal-300 hover:text-teal-600"[39m
2026-02-27T09:03:10.4623388Z               [36m>[39m
2026-02-27T09:03:10.4623866Z                 [0m🌊 All[0m
2026-02-27T09:03:10.4624394Z               [36m</button>[39m
2026-02-27T09:03:10.4624899Z               [36m<button[39m
2026-02-27T09:03:10.4627443Z                 [33mclass[39m=[32m"flex-shrink-0 px-4 py-2 rounded-full text-[11px] font-bold transition-all duration-200 bg-white text-warm-400 border border-warm-200 hover:border-teal-300 hover:text-teal-600"[39m
2026-02-27T09:03:10.4629213Z               [36m>[39m
2026-02-27T09:03:10.4629794Z                 [0m🐟 Fresh Catch[0m
2026-02-27T09:03:10.4630681Z               [36m</button>[39m
2026-02-27T09:03:10.4631267Z               [36m<button[39m
2026-02-27T09:03:10.4633294Z                 [33mclass[39m=[32m"flex-shrink-0 px-4 py-2 rounded-full text-[11px] font-bold transition-all duration-200 bg-white text-warm-400 border border-warm-200 hover:border-teal-300 hover:text-teal-600"[39m
2026-02-27T09:03:10.4635017Z               [36m>[39m
2026-02-27T09:03:10.4635539Z                 [0m🥥 Produce[0m
2026-02-27T09:03:10.4636090Z               [36m</button>[39m
2026-02-27T09:03:10.4636617Z               [36m<button[39m
2026-02-27T09:03:10.4638668Z                 [33mclass[39m=[32m"flex-shrink-0 px-4 py-2 rounded-full text-[11px] font-bold transition-all duration-200 bg-white text-warm-400 border border-warm-200 hover:border-teal-300 hover:text-teal-600"[39m
2026-02-27T09:03:10.4640847Z               [36m>[39m
2026-02-27T09:03:10.4641380Z                 [0m🐚 Handicrafts[0m
2026-02-27T09:03:10.4641943Z               [36m</button>[39m
2026-02-27T09:03:10.4642439Z               [36m<button[39m
2026-02-27T09:03:10.4644381Z                 [33mclass[39m=[32m"flex-shrink-0 px-4 py-2 rounded-full text-[11px] font-bold transition-all duration-200 bg-white text-warm-400 border border-warm-200 hover:border-teal-300 hover:text-teal-600"[39m
2026-02-27T09:03:10.4645975Z               [36m>[39m
2026-02-27T09:03:10.4646513Z                 [0m🤿 Experiences[0m
2026-02-27T09:03:10.4647122Z               [36m</button>[39m
2026-02-27T09:03:10.4647665Z               [36m<button[39m
2026-02-27T09:03:10.4649672Z                 [33mclass[39m=[32m"flex-shrink-0 px-4 py-2 rounded-full text-[11px] font-bold transition-all duration-200 bg-white text-warm-400 border border-warm-200 hover:border-teal-300 hover:text-teal-600"[39m
2026-02-27T09:03:10.4651528Z               [36m>[39m
2026-02-27T09:03:10.4652097Z                 [0m🏠 Rentals[0m
2026-02-27T09:03:10.4652860Z               [36m</button>[39m
2026-02-27T09:03:10.4653426Z               [36m<button[39m
2026-02-27T09:03:10.4655487Z                 [33mclass[39m=[32m"flex-shrink-0 px-4 py-2 rounded-full text-[11px] font-bold transition-all duration-200 bg-white text-warm-400 border border-warm-200 hover:border-teal-300 hover:text-teal-600"[39m
2026-02-27T09:03:10.4657187Z               [36m>[39m
2026-02-27T09:03:10.4657720Z                 [0m⚡ Services[0m
2026-02-27T09:03:10.4658256Z               [36m</button>[39m
2026-02-27T09:03:10.4658755Z               [36m<button[39m
2026-02-27T09:03:10.4769314Z                 [33mclass[39m=[32m"flex-shrink-0 px-4 py-2 rounded-full text-[11px] font-bold transition-all duration-200 bg-white text-warm-400 border border-warm-200 hover:border-teal-300 hover:text-teal-600"[39m
2026-02-27T09:03:10.4771945Z               [36m>[39m
2026-02-27T09:03:10.4772530Z                 [0m🛒 General[0m
2026-02-27T09:03:10.4773119Z               [36m</button>[39m
2026-02-27T09:03:10.4773673Z               [36m<button[39m
2026-02-27T09:03:10.4775672Z                 [33mclass[39m=[32m"flex-shrink-0 px-4 py-2 rounded-full text-[11px] font-bold transition-all duration-200 bg-white text-warm-400 border border-warm-200 hover:border-teal-300 hover:text-teal-600"[39m
2026-02-27T09:03:10.4777306Z               [36m>[39m
2026-02-27T09:03:10.4777857Z                 [0m🏖️ Tourism[0m
2026-02-27T09:03:10.4778422Z               [36m</button>[39m
2026-02-27T09:03:10.4778923Z             [36m</div>[39m
2026-02-27T09:03:10.4779376Z             [36m<div[39m
2026-02-27T09:03:10.4780344Z               [33mclass[39m=[32m"flex items-center justify-between max-w-3xl mx-auto"[39m
2026-02-27T09:03:10.4781959Z             [36m>[39m
2026-02-27T09:03:10.4782745Z               [36m<div[39m
2026-02-27T09:03:10.4783533Z                 [33mclass[39m=[32m"relative"[39m
2026-02-27T09:03:10.4784522Z               [36m>[39m
2026-02-27T09:03:10.4785257Z                 [36m<button[39m
2026-02-27T09:03:10.4787536Z                   [33mclass[39m=[32m"flex items-center gap-2 px-4 py-2.5 rounded-xl bg-white border border-warm-200 text-xs font-bold text-midnight-700 hover:border-teal-300 transition-all shadow-card"[39m
2026-02-27T09:03:10.4789446Z                 [36m>[39m
2026-02-27T09:03:10.4790209Z                   [36m<svg[39m
2026-02-27T09:03:10.4791133Z                     [33mclass[39m=[32m"text-teal-500"[39m
2026-02-27T09:03:10.4792153Z                     [33mfill[39m=[32m"none"[39m
2026-02-27T09:03:10.4793235Z                     [33mheight[39m=[32m"13"[39m
2026-02-27T09:03:10.4794451Z                     [33mstroke[39m=[32m"currentColor"[39m
2026-02-27T09:03:10.4795317Z                     [33mstroke-linecap[39m=[32m"round"[39m
2026-02-27T09:03:10.4796384Z                     [33mstroke-linejoin[39m=[32m"round"[39m
2026-02-27T09:03:10.4797057Z                     [33mstroke-width[39m=[32m"2"[39m
2026-02-27T09:03:10.4797785Z                     [33mviewBox[39m=[32m"0 0 24 24"[39m
2026-02-27T09:03:10.4798246Z                     [33mwidth[39m=[32m"13"[39m
2026-02-27T09:03:10.4798844Z                     [33mxmlns[39m=[32m"http://www.w3.org/2000/svg"[39m
2026-02-27T09:03:10.4799337Z                   [36m>[39m
2026-02-27T09:03:10.4811700Z                     [36m<path[39m
2026-02-27T09:03:10.4812251Z                       [33md[39m=[32m"m21 16-4 4-4-4"[39m
2026-02-27T09:03:10.4812606Z                     [36m/>[39m
2026-02-27T09:03:10.4812901Z                     [36m<path[39m
2026-02-27T09:03:10.4813253Z                       [33md[39m=[32m"M17 20V4"[39m
2026-02-27T09:03:10.4813583Z                     [36m/>[39m
2026-02-27T09:03:10.4813870Z                     [36m<path[39m
2026-02-27T09:03:10.4814254Z                       [33md[39m=[32m"m3 8 4-4 4 4"[39m
2026-02-27T09:03:10.4814580Z                     [36m/>[39m
2026-02-27T09:03:10.4814869Z                     [36m<path[39m
2026-02-27T09:03:10.4815196Z                       [33md[39m=[32m"M7 4v16"[39m
2026-02-27T09:03:10.4815505Z                     [36m/>[39m
2026-02-27T09:03:10.4815801Z                   [36m</svg>[39m
2026-02-27T09:03:10.4816089Z                   [36m<span>[39m
2026-02-27T09:03:10.4816388Z                     [0mNewest First[0m
2026-02-27T09:03:10.4816709Z                   [36m</span>[39m
2026-02-27T09:03:10.4817005Z                   [36m<svg[39m
2026-02-27T09:03:10.4817448Z                     [33mclass[39m=[32m"transition-transform text-warm-300 "[39m
2026-02-27T09:03:10.4817941Z                     [33mfill[39m=[32m"none"[39m
2026-02-27T09:03:10.4818321Z                     [33mheight[39m=[32m"13"[39m
2026-02-27T09:03:10.4818719Z                     [33mstroke[39m=[32m"currentColor"[39m
2026-02-27T09:03:10.4819351Z                     [33mstroke-linecap[39m=[32m"round"[39m
2026-02-27T09:03:10.4819828Z                     [33mstroke-linejoin[39m=[32m"round"[39m
2026-02-27T09:03:10.4820272Z                     [33mstroke-width[39m=[32m"2"[39m
2026-02-27T09:03:10.4820938Z                     [33mviewBox[39m=[32m"0 0 24 24"[39m
2026-02-27T09:03:10.4821326Z                     [33mwidth[39m=[32m"13"[39m
2026-02-27T09:03:10.4821805Z                     [33mxmlns[39m=[32m"http://www.w3.org/2000/svg"[39m
2026-02-27T09:03:10.4822185Z                   [36m>[39m
2026-02-27T09:03:10.4822492Z                     [36m<path[39m
2026-02-27T09:03:10.4822860Z                       [33md[39m=[32m"m6 9 6 6 6-6"[39m
2026-02-27T09:03:10.4823213Z                     [36m/>[39m
2026-02-27T09:03:10.4823520Z                   [36m</svg>[39m
2026-02-27T09:03:10.4823829Z                 [36m</button>[39m
2026-02-27T09:03:10.4824133Z               [36m</div>[39m
2026-02-27T09:03:10.4824424Z               [36m<button[39m
2026-02-27T09:03:10.4825518Z                 [33mclass[39m=[32m"flex items-center gap-2 px-4 py-2.5 rounded-xl border text-xs font-bold transition-all shadow-card bg-white border-warm-200 text-midnight-700 hover:border-teal-300"[39m
2026-02-27T09:03:10.4826421Z               [36m>[39m
2026-02-27T09:03:10.4826694Z                 [36m<svg[39m
2026-02-27T09:03:10.4827078Z                   [33mclass[39m=[32m"text-warm-400"[39m
2026-02-27T09:03:10.4827465Z                   [33mfill[39m=[32m"none"[39m
2026-02-27T09:03:10.4827838Z                   [33mheight[39m=[32m"13"[39m
2026-02-27T09:03:10.4828231Z                   [33mstroke[39m=[32m"currentColor"[39m
2026-02-27T09:03:10.4828674Z                   [33mstroke-linecap[39m=[32m"round"[39m
2026-02-27T09:03:10.4829116Z                   [33mstroke-linejoin[39m=[32m"round"[39m
2026-02-27T09:03:10.4829518Z                   [33mstroke-width[39m=[32m"2"[39m
2026-02-27T09:03:10.4829943Z                   [33mviewBox[39m=[32m"0 0 24 24"[39m
2026-02-27T09:03:10.4830320Z                   [33mwidth[39m=[32m"13"[39m
2026-02-27T09:03:10.4831194Z                   [33mxmlns[39m=[32m"http://www.w3.org/2000/svg"[39m
2026-02-27T09:03:10.4831572Z                 [36m>[39m
2026-02-27T09:03:10.4831899Z                   [36m<polygon[39m
2026-02-27T09:03:10.4832385Z                     [33mpoints[39m=[32m"22 3 2 3 10 12.46 10 19 14 21 14 12.46 22 3"[39m
2026-02-27T09:03:10.4832837Z                   [36m/>[39m
2026-02-27T09:03:10.4833138Z                 [36m</svg>[39m
2026-02-27T09:03:10.4833434Z                 [36m<span>[39m
2026-02-27T09:03:10.4833765Z                   [0mFilters[0m
2026-02-27T09:03:10.4834074Z                 [36m</span>[39m
2026-02-27T09:03:10.4834380Z               [36m</button>[39m
2026-02-27T09:03:10.4834656Z             [36m</div>[39m
2026-02-27T09:03:10.4834927Z           [36m</div>[39m
2026-02-27T09:03:10.4835187Z         [36m</div>[39m
2026-02-27T09:03:10.4835450Z         [36m<div[39m
2026-02-27T09:03:10.4835838Z           [33mclass[39m=[32m"flex items-center justify-between mb-6"[39m
2026-02-27T09:03:10.4836214Z         [36m>[39m
2026-02-27T09:03:10.4836463Z           [36m<p[39m
2026-02-27T09:03:10.4836969Z             [33mclass[39m=[32m"text-[10px] font-black text-slate-400 uppercase tracking-widest"[39m
2026-02-27T09:03:10.4837455Z           [36m>[39m
2026-02-27T09:03:10.4837696Z             [0m1[0m
2026-02-27T09:03:10.4837930Z             [0m [0m
2026-02-27T09:03:10.4838168Z             [0mitem[0m
2026-02-27T09:03:10.4838411Z             [0m found[0m
2026-02-27T09:03:10.4838661Z           [36m</p>[39m
2026-02-27T09:03:10.4838919Z         [36m</div>[39m
2026-02-27T09:03:10.4839155Z         [36m<div[39m
2026-02-27T09:03:10.4839689Z           [33mclass[39m=[32m"grid grid-cols-2 lg:grid-cols-3 xl:grid-cols-4 gap-4 md:gap-8"[39m
2026-02-27T09:03:10.4840167Z         [36m>[39m
2026-02-27T09:03:10.4840720Z           [36m<a[39m
2026-02-27T09:03:10.4841122Z             [33mclass[39m=[32m"listing-card group"[39m
2026-02-27T09:03:10.4841568Z             [33mhref[39m=[32m"/listings/1"[39m
2026-02-27T09:03:10.4841878Z           [36m>[39m
2026-02-27T09:03:10.4842117Z             [36m<div[39m
2026-02-27T09:03:10.4842706Z               [33mclass[39m=[32m"relative aspect-square bg-warm-100 m-2 rounded-2xl overflow-hidden"[39m
2026-02-27T09:03:10.4843229Z             [36m>[39m
2026-02-27T09:03:10.4843495Z               [36m<img[39m
2026-02-27T09:03:10.4843831Z                 [33malt[39m=[32m"Test Scooter"[39m
2026-02-27T09:03:10.4844573Z                 [33mclass[39m=[32m"w-full h-full object-cover transition-transform duration-700 group-hover:scale-110"[39m
2026-02-27T09:03:10.4845227Z                 [33mloading[39m=[32m"lazy"[39m
2026-02-27T09:03:10.4845695Z                 [33msrc[39m=[32m"https://picsum.photos/200"[39m
2026-02-27T09:03:10.4846066Z               [36m/>[39m
2026-02-27T09:03:10.4846361Z               [36m<button[39m
2026-02-27T09:03:10.4846710Z                 [33maria-label[39m=[32m"Save"[39m
2026-02-27T09:03:10.4847794Z                 [33mclass[39m=[32m"absolute top-2 right-2 w-9 h-9 rounded-full flex items-center justify-center shadow-glass z-10 transition-all active:scale-90 bg-white/90 backdrop-blur-sm"[39m
2026-02-27T09:03:10.4848632Z               [36m>[39m
2026-02-27T09:03:10.4848915Z                 [36m<svg[39m
2026-02-27T09:03:10.4849334Z                   [33mclass[39m=[32m"text-warm-400"[39m
2026-02-27T09:03:10.4849770Z                   [33mfill[39m=[32m"none"[39m
2026-02-27T09:03:10.4850192Z                   [33mheight[39m=[32m"15"[39m
2026-02-27T09:03:10.4851025Z                   [33mstroke[39m=[32m"currentColor"[39m
2026-02-27T09:03:10.4851496Z                   [33mstroke-linecap[39m=[32m"round"[39m
2026-02-27T09:03:10.4852000Z                   [33mstroke-linejoin[39m=[32m"round"[39m
2026-02-27T09:03:10.4852478Z                   [33mstroke-width[39m=[32m"2"[39m
2026-02-27T09:03:10.4852957Z                   [33mviewBox[39m=[32m"0 0 24 24"[39m
2026-02-27T09:03:10.4853550Z                   [33mwidth[39m=[32m"15"[39m
2026-02-27T09:03:10.4853990Z                   [33mxmlns[39m=[32m"http://www.w3.org/2000/svg"[39m
2026-02-27T09:03:10.4854344Z                 [36m>[39m
2026-02-27T09:03:10.4854645Z                   [36m<path[39m
2026-02-27T09:03:10.4855464Z                     [33md[39m=[32m"M19 14c1.49-1.46 3-3.21 3-5.5A5.5 5.5 0 0 0 16.5 3c-1.76 0-3 .5-4.5 2-1.5-1.5-2.74-2-4.5-2A5.5 5.5 0 0 0 2 8.5c0 2.3 1.5 4.05 3 5.5l7 7Z"[39m
2026-02-27T09:03:10.4856073Z                   [36m/>[39m
2026-02-27T09:03:10.4856339Z                 [36m</svg>[39m
2026-02-27T09:03:10.4856646Z               [36m</button>[39m
2026-02-27T09:03:10.4856908Z               [36m<div[39m
2026-02-27T09:03:10.4857919Z                 [33mclass[39m=[32m"absolute bottom-2 left-2 bg-white/90 backdrop-blur-sm px-2 py-0.5 rounded-full flex items-center gap-1 text-[9px] font-bold text-midnight-700 shadow-sm z-10"[39m
2026-02-27T09:03:10.4858841Z               [36m>[39m
2026-02-27T09:03:10.4859146Z                 [36m<svg[39m
2026-02-27T09:03:10.4859539Z                   [33mclass[39m=[32m"text-teal-500"[39m
2026-02-27T09:03:10.4859976Z                   [33mfill[39m=[32m"none"[39m
2026-02-27T09:03:10.4860575Z                   [33mheight[39m=[32m"8"[39m
2026-02-27T09:03:10.4861069Z                   [33mstroke[39m=[32m"currentColor"[39m
2026-02-27T09:03:10.4861548Z                   [33mstroke-linecap[39m=[32m"round"[39m
2026-02-27T09:03:10.4862014Z                   [33mstroke-linejoin[39m=[32m"round"[39m
2026-02-27T09:03:10.4862473Z                   [33mstroke-width[39m=[32m"2"[39m
2026-02-27T09:03:10.4862932Z                   [33mviewBox[39m=[32m"0 0 24 24"[39m
2026-02-27T09:03:10.4863338Z                   [33mwidth[39m=[32m"8"[39m
2026-02-27T09:03:10.4863967Z                   [33mxmlns[39m=[32m"http://www.w3.org/2000/svg"[39m
2026-02-27T09:03:10.4864398Z                 [36m>[39m
2026-02-27T09:03:10.4864721Z                   [36m<path[39m
2026-02-27T09:03:10.4865237Z                     [33md[39m=[32m"M20 10c0 6-8 12-8 12s-8-6-8-12a8 8 0 0 1 16 0Z"[39m
2026-02-27T09:03:10.4865713Z                   [36m/>[39m
2026-02-27T09:03:10.4866029Z                   [36m<circle[39m
2026-02-27T09:03:10.4866408Z                     [33mcx[39m=[32m"12"[39m
2026-02-27T09:03:10.4866795Z                     [33mcy[39m=[32m"10"[39m
2026-02-27T09:03:10.4867202Z                     [33mr[39m=[32m"3"[39m
2026-02-27T09:03:10.4867546Z                   [36m/>[39m
2026-02-27T09:03:10.4867863Z                 [36m</svg>[39m
2026-02-27T09:03:10.4868214Z                 [0mPort Blair[0m
2026-02-27T09:03:10.4868534Z               [36m</div>[39m
2026-02-27T09:03:10.4868838Z             [36m</div>[39m
2026-02-27T09:03:10.4869128Z             [36m<div[39m
2026-02-27T09:03:10.4869596Z               [33mclass[39m=[32m"px-3 pb-3 flex flex-col flex-1"[39m
2026-02-27T09:03:10.4870010Z             [36m>[39m
2026-02-27T09:03:10.4870296Z               [36m<span[39m
2026-02-27T09:03:10.4871065Z                 [33mclass[39m=[32m"font-heading font-black text-teal-600 text-base"[39m
2026-02-27T09:03:10.4871561Z               [36m>[39m
2026-02-27T09:03:10.4871853Z                 [0m₹[0m
2026-02-27T09:03:10.4872184Z                 [0m50,000[0m
2026-02-27T09:03:10.4872506Z               [36m</span>[39m
2026-02-27T09:03:10.4872807Z               [36m<h3[39m
2026-02-27T09:03:10.4873735Z                 [33mclass[39m=[32m"text-[12px] font-bold text-midnight-700 line-clamp-2 leading-tight mt-0.5 group-hover:text-teal-600 transition-colors"[39m
2026-02-27T09:03:10.4874500Z               [36m>[39m
2026-02-27T09:03:10.4874816Z                 [0mTest Scooter[0m
2026-02-27T09:03:10.4875130Z               [36m</h3>[39m
2026-02-27T09:03:10.4875427Z             [36m</div>[39m
2026-02-27T09:03:10.4875713Z           [36m</a>[39m
2026-02-27T09:03:10.4876002Z         [36m</div>[39m
2026-02-27T09:03:10.4876490Z       [36m</div>[39m
2026-02-27T09:03:10.4876758Z       [36m<div[39m
2026-02-27T09:03:10.4877630Z         [33mclass[39m=[32m"fixed bottom-24 md:bottom-8 left-1/2 -translate-x-1/2 z-[200] flex flex-col gap-3 w-full max-w-md px-4 pointer-events-none"[39m
2026-02-27T09:03:10.4878378Z       [36m/>[39m
2026-02-27T09:03:10.4878631Z     [36m</div>[39m
2026-02-27T09:03:10.4878886Z   [36m</body>[39m
2026-02-27T09:03:10.4879150Z [36m</html>[39m
2026-02-27T09:03:10.4879296Z 
2026-02-27T09:03:10.4879397Z - Expected
2026-02-27T09:03:10.4879624Z + Received
2026-02-27T09:03:10.4879723Z 
2026-02-27T09:03:10.4879825Z - bg-teal-600
2026-02-27T09:03:10.4881007Z + flex-shrink-0 px-4 py-2 rounded-full text-[11px] font-bold transition-all duration-200 bg-white text-warm-400 border border-warm-200 hover:border-teal-300 hover:text-teal-600
2026-02-27T09:03:10.4881789Z 
2026-02-27T09:03:10.4882197Z [36m [2m❯[22m tests/unit/marketplace_ui.test.tsx:[2m107:38[22m[39m
2026-02-27T09:03:10.4882897Z     [90m105| [39m        [35mawait[39m [34mwaitFor[39m(() [33m=>[39m {
2026-02-27T09:03:10.4883749Z     [90m106| [39m            [35mconst[39m allBtn [33m=[39m screen[33m.[39m[34mgetByText[39m([36m/🌊 All/i[39m)[33m;[39m
2026-02-27T09:03:10.4884786Z     [90m107| [39m            [34mexpect[39m(allBtn[33m.[39mclassName)[33m.[39m[34mtoContain[39m([32m'bg-teal-600'[39m)[33m;[39m
2026-02-27T09:03:10.4885518Z     [90m   | [39m                                     [31m^[39m
2026-02-27T09:03:10.4885967Z     [90m108| [39m        })[33m;[39m
2026-02-27T09:03:10.4886289Z     [90m109| [39m    })[33m;[39m
2026-02-27T09:03:10.4887380Z [90m [2m❯[22m runWithExpensiveErrorDiagnosticsDisabled node_modules/@testing-library/react/node_modules/@testing-library/dom/dist/config.js:[2m47:12[22m[39m
2026-02-27T09:03:10.4888951Z [90m [2m❯[22m checkCallback node_modules/@testing-library/react/node_modules/@testing-library/dom/dist/wait-for.js:[2m124:77[22m[39m
2026-02-27T09:03:10.4890647Z [90m [2m❯[22m Timeout.checkRealTimersCallback node_modules/@testing-library/react/node_modules/@testing-library/dom/dist/wait-for.js:[2m118:16[22m[39m
2026-02-27T09:03:10.4891346Z 
2026-02-27T09:03:10.4891638Z [31m[2m⎯⎯⎯⎯⎯⎯⎯⎯⎯⎯⎯⎯⎯⎯⎯⎯⎯⎯⎯⎯⎯⎯⎯⎯[1/1]⎯[22m[39m
2026-02-27T09:03:10.4891876Z 
2026-02-27T09:03:10.4891881Z 
2026-02-27T09:03:10.4892170Z [31m⎯⎯⎯⎯[1m[7m Unhandled Rejection [27m[22m⎯⎯⎯⎯⎯[39m
2026-02-27T09:03:10.4892649Z [31m[1mTypeError[22m: Invalid URL[39m
2026-02-27T09:03:10.4893256Z [90m [2m❯[22m new URL node_modules/happy-dom/src/url/URL.ts:[2m8:15[22m[39m
2026-02-27T09:03:10.4894285Z [90m [2m❯[22m Function.loadPage node_modules/happy-dom/src/nodes/html-iframe-element/HTMLIFrameUtility.ts:[2m48:23[22m[39m
2026-02-27T09:03:10.4895815Z [90m [2m❯[22m HTMLIFrameElementNamedNodeMap.setNamedItem node_modules/happy-dom/src/nodes/html-iframe-element/HTMLIFrameElementNamedNodeMap.ts:[2m21:22[22m[39m
2026-02-27T09:03:10.4897506Z [90m [2m❯[22m HTMLIFrameElement.setAttributeNode node_modules/happy-dom/src/nodes/element/Element.ts:[2m821:26[22m[39m
2026-02-27T09:03:10.4898907Z [90m [2m❯[22m HTMLIFrameElement.setAttributeNS node_modules/happy-dom/src/nodes/element/Element.ts:[2m557:8[22m[39m
2026-02-27T09:03:10.4900141Z [90m [2m❯[22m Function.parse node_modules/happy-dom/src/xml-parser/XMLParser.ts:[2m231:35[22m[39m
2026-02-27T09:03:10.4901685Z [90m [2m❯[22m HTMLElement.set innerHTML [as innerHTML] node_modules/happy-dom/src/nodes/element/Element.ts:[2m258:13[22m[39m
2026-02-27T09:03:10.4902829Z [90m [2m❯[22m _initDocument node_modules/dompurify/src/purify.ts:[2m961:38[22m[39m
2026-02-27T09:03:10.4903915Z [90m [2m❯[22m Function.DOMPurify.sanitize node_modules/dompurify/src/purify.ts:[2m1584:14[22m[39m
2026-02-27T09:03:10.4904412Z 
2026-02-27T09:03:10.4904746Z [31m[2m⎯⎯⎯⎯⎯⎯⎯⎯⎯⎯⎯⎯⎯⎯⎯⎯⎯⎯⎯⎯⎯⎯⎯⎯⎯⎯⎯⎯⎯⎯[22m[39m
2026-02-27T09:03:10.4905534Z [31m[1mSerialized Error:[22m[39m [90m{ code: 'ERR_INVALID_URL', input: 'https://example.com', base: '[object Object]' }[39m
2026-02-27T09:03:10.4906995Z [31mThis error originated in "[1mtests/unit/validation.test.ts[22m" test file. It doesn't mean the error was thrown inside the file itself, but while it was running.[39m
2026-02-27T09:03:10.4907819Z 
2026-02-27T09:03:10.4907850Z 
2026-02-27T09:03:10.5011524Z ##[error]AssertionError: expected 'flex-shrink-0 px-4 py-2 rounded-full …' to contain 'bg-teal-600'

Ignored nodes: comments, script, style
<html>
  <head>
    <meta
      content="AndamanBazaar – hyperlocal marketplace"
      name="description"
    />
  </head>
  <body>
    <div>
      <div
        class="max-w-7xl mx-auto px-4 py-8"
      >
        <div
          class="mb-12 space-y-8"
        >
          <form
            class="max-w-3xl mx-auto relative group"
          >
            <div
              class="absolute left-4 top-1/2 -translate-y-1/2 text-warm-300 group-focus-within:text-teal-500 transition-colors pointer-events-none"
            >
              <svg
                class="lucide lucide-search"
                fill="none"
                height="20"
                stroke="currentColor"
                stroke-linecap="round"
                stroke-linejoin="round"
                stroke-width="2"
                viewBox="0 0 24 24"
                width="20"
                xmlns="http://www.w3.org/2000/svg"
              >
                <circle
                  cx="11"
                  cy="11"
                  r="8"
                />
                <path
                  d="m21 21-4.3-4.3"
                />
              </svg>
            </div>
            <input
              class="input-island h-14 pl-12 pr-12 shadow-card"
              placeholder="Search across the islands…"
              type="text"
              value=""
            />
          </form>
          <div
            class="space-y-4"
          >
            <div
              class="flex items-center gap-2 overflow-x-auto pb-2 hide-scrollbar"
            >
              <button
                class="flex-shrink-0 px-4 py-2 rounded-full text-[11px] font-bold transition-all duration-200 bg-white text-warm-400 border border-warm-200 hover:border-teal-300 hover:text-teal-600"
              >
                🌊 All
              </button>
              <button
                class="flex-shrink-0 px-4 py-2 rounded-full text-[11px] font-bold transition-all duration-200 bg-white text-warm-400 border border-warm-200 hover:border-teal-300 hover:text-teal-600"
              >
                🐟 Fresh Catch
              </button>
              <button
                class="flex-shrink-0 px-4 py-2 rounded-full text-[11px] font-bold transition-all duration-200 bg-white text-warm-400 border border-warm-200 hover:border-teal-300 hover:text-teal-600"
              >
                🥥 Produce
              </button>
              <button
                class="flex-shrink-0 px-4 py-2 rounded-full text-[11px] font-bold transition-all duration-200 bg-white text-warm-400 border border-warm-200 hover:border-teal-300 hover:text-teal-600"
              >
                🐚 Handicrafts
              </button>
              <button
                class="flex-shrink-0 px-4 py-2 rounded-full text-[11px] font-bold transition-all duration-200 bg-white text-warm-400 border border-warm-200 hover:border-teal-300 hover:text-teal-600"
              >
                🤿 Experiences
              </button>
              <button
                class="flex-shrink-0 px-4 py-2 rounded-full text-[11px] font-bold transition-all duration-200 bg-white text-warm-400 border border-warm-200 hover:border-teal-300 hover:text-teal-600"
              >
                🏠 Rentals
              </button>
              <button
                class="flex-shrink-0 px-4 py-2 rounded-full text-[11px] font-bold transition-all duration-200 bg-white text-warm-400 border border-warm-200 hover:border-teal-300 hover:text-teal-600"
              >
                ⚡ Services
              </button>
              <button
                class="flex-shrink-0 px-4 py-2 rounded-full text-[11px] font-bold transition-all duration-200 bg-white text-warm-400 border border-warm-200 hover:border-teal-300 hover:text-teal-600"
              >
                🛒 General
              </button>
              <button
                class="flex-shrink-0 px-4 py-2 rounded-full text-[11px] font-bold 
2026-02-27T09:03:10.5044219Z [31m⎯⎯⎯⎯⎯⎯[1m[7m Unhandled Errors [27m[22m⎯⎯⎯⎯⎯⎯[39m
2026-02-27T09:03:10.5044886Z [31m[1m
2026-02-27T09:03:10.5045441Z Vitest caught 1 unhandled error during the test run.
2026-02-27T09:03:10.5046926Z This might cause false positive tests. Resolve unhandled errors to make sure your tests are not affected.[22m[39m
2026-02-27T09:03:10.5048169Z [31m⎯⎯⎯⎯⎯⎯⎯⎯⎯⎯⎯⎯⎯⎯⎯⎯⎯⎯⎯⎯⎯⎯⎯⎯⎯⎯⎯⎯⎯⎯[39m
2026-02-27T09:03:10.5049347Z [2m Test Files [22m [1m[31m1 failed[39m[22m[2m | [22m[1m[32m8 passed[39m[22m[90m (9)[39m
2026-02-27T09:03:10.5051011Z [2m      Tests [22m [1m[31m1 failed[39m[22m[2m | [22m[1m[32m132 passed[39m[22m[90m (133)[39m
2026-02-27T09:03:10.5052147Z [2m     Errors [22m [1m[31m1 error[39m[22m
2026-02-27T09:03:10.5052822Z [2m   Start at [22m 09:03:05
2026-02-27T09:03:10.5054221Z [2m   Duration [22m 4.87s[2m (transform 317ms, setup 2.61s, collect 766ms, tests 4.61s, environment 2.08s, prepare 1.19s)[22m
2026-02-27T09:03:10.5055092Z 
2026-02-27T09:03:10.5107088Z ##[error]Process completed with exit code 1.
2026-02-27T09:03:10.5178599Z ##[group]Run actions/upload-artifact@v4
2026-02-27T09:03:10.5178889Z with:
2026-02-27T09:03:10.5179078Z   name: coverage-report
2026-02-27T09:03:10.5179299Z   path: coverage/
2026-02-27T09:03:10.5179496Z   retention-days: 7
2026-02-27T09:03:10.5179703Z   if-no-files-found: warn
2026-02-27T09:03:10.5179925Z   compression-level: 6
2026-02-27T09:03:10.5180125Z   overwrite: false
2026-02-27T09:03:10.5180329Z   include-hidden-files: false
2026-02-27T09:03:10.5180966Z env:
2026-02-27T09:03:10.5181142Z   NODE_VERSION: 20
2026-02-27T09:03:10.5181349Z ##[endgroup]
2026-02-27T09:03:10.7365718Z ##[warning]No files were found with the provided path: coverage/. No artifacts will be uploaded.
2026-02-27T09:03:10.7529891Z Post job cleanup.
2026-02-27T09:03:10.8535677Z [command]/usr/bin/git version
2026-02-27T09:03:10.8578126Z git version 2.53.0
2026-02-27T09:03:10.8628030Z Temporarily overriding HOME='/home/runner/work/_temp/f19763a3-d5e6-47f1-b7e8-aaade0cb58ab' before making global git config changes
2026-02-27T09:03:10.8629657Z Adding repository directory to the temporary git global config as a safe directory
2026-02-27T09:03:10.8635515Z [command]/usr/bin/git config --global --add safe.directory /home/runner/work/AndamanBazaarApp/AndamanBazaarApp
2026-02-27T09:03:10.8723244Z [command]/usr/bin/git config --local --name-only --get-regexp core\.sshCommand
2026-02-27T09:03:10.8764192Z [command]/usr/bin/git submodule foreach --recursive sh -c "git config --local --name-only --get-regexp 'core\.sshCommand' && git config --local --unset-all 'core.sshCommand' || :"
2026-02-27T09:03:10.9016776Z [command]/usr/bin/git config --local --name-only --get-regexp http\.https\:\/\/github\.com\/\.extraheader
2026-02-27T09:03:10.9044339Z http.https://github.com/.extraheader
2026-02-27T09:03:10.9058330Z [command]/usr/bin/git config --local --unset-all http.https://github.com/.extraheader
2026-02-27T09:03:10.9092318Z [command]/usr/bin/git submodule foreach --recursive sh -c "git config --local --name-only --get-regexp 'http\.https\:\/\/github\.com\/\.extraheader' && git config --local --unset-all 'http.https://github.com/.extraheader' || :"
2026-02-27T09:03:10.9336360Z [command]/usr/bin/git config --local --name-only --get-regexp ^includeIf\.gitdir:
2026-02-27T09:03:10.9370007Z [command]/usr/bin/git submodule foreach --recursive git config --local --show-origin --name-only --get-regexp remote.origin.url
2026-02-27T09:03:10.9720965Z Cleaning up orphan processes
